Archive member included because of file (symbol)

c:/users/boro/documents/mkclipse/avr toolchain/bin/../lib/gcc/avr/5.4.0/../../../../avr/lib/avr5\libm.a(addsf3.o)
                              obj/main.o (__subsf3)
c:/users/boro/documents/mkclipse/avr toolchain/bin/../lib/gcc/avr/5.4.0/../../../../avr/lib/avr5\libm.a(addsf3x.o)
                              c:/users/boro/documents/mkclipse/avr toolchain/bin/../lib/gcc/avr/5.4.0/../../../../avr/lib/avr5\libm.a(addsf3.o) (__addsf3x)
c:/users/boro/documents/mkclipse/avr toolchain/bin/../lib/gcc/avr/5.4.0/../../../../avr/lib/avr5\libm.a(divsf3.o)
                              obj/main.o (__divsf3)
c:/users/boro/documents/mkclipse/avr toolchain/bin/../lib/gcc/avr/5.4.0/../../../../avr/lib/avr5\libm.a(divsf3x.o)
                              c:/users/boro/documents/mkclipse/avr toolchain/bin/../lib/gcc/avr/5.4.0/../../../../avr/lib/avr5\libm.a(divsf3.o) (__divsf3x)
c:/users/boro/documents/mkclipse/avr toolchain/bin/../lib/gcc/avr/5.4.0/../../../../avr/lib/avr5\libm.a(fixsfsi.o)
                              obj/main.o (__fixsfsi)
c:/users/boro/documents/mkclipse/avr toolchain/bin/../lib/gcc/avr/5.4.0/../../../../avr/lib/avr5\libm.a(fixunssfsi.o)
                              c:/users/boro/documents/mkclipse/avr toolchain/bin/../lib/gcc/avr/5.4.0/../../../../avr/lib/avr5\libm.a(fixsfsi.o) (__fixunssfsi)
c:/users/boro/documents/mkclipse/avr toolchain/bin/../lib/gcc/avr/5.4.0/../../../../avr/lib/avr5\libm.a(floatsisf.o)
                              obj/main.o (__floatunsisf)
c:/users/boro/documents/mkclipse/avr toolchain/bin/../lib/gcc/avr/5.4.0/../../../../avr/lib/avr5\libm.a(fp_inf.o)
                              c:/users/boro/documents/mkclipse/avr toolchain/bin/../lib/gcc/avr/5.4.0/../../../../avr/lib/avr5\libm.a(addsf3x.o) (__fp_inf)
c:/users/boro/documents/mkclipse/avr toolchain/bin/../lib/gcc/avr/5.4.0/../../../../avr/lib/avr5\libm.a(fp_nan.o)
                              c:/users/boro/documents/mkclipse/avr toolchain/bin/../lib/gcc/avr/5.4.0/../../../../avr/lib/avr5\libm.a(addsf3x.o) (__fp_nan)
c:/users/boro/documents/mkclipse/avr toolchain/bin/../lib/gcc/avr/5.4.0/../../../../avr/lib/avr5\libm.a(fp_pscA.o)
                              c:/users/boro/documents/mkclipse/avr toolchain/bin/../lib/gcc/avr/5.4.0/../../../../avr/lib/avr5\libm.a(addsf3x.o) (__fp_pscA)
c:/users/boro/documents/mkclipse/avr toolchain/bin/../lib/gcc/avr/5.4.0/../../../../avr/lib/avr5\libm.a(fp_pscB.o)
                              c:/users/boro/documents/mkclipse/avr toolchain/bin/../lib/gcc/avr/5.4.0/../../../../avr/lib/avr5\libm.a(addsf3x.o) (__fp_pscB)
c:/users/boro/documents/mkclipse/avr toolchain/bin/../lib/gcc/avr/5.4.0/../../../../avr/lib/avr5\libm.a(fp_round.o)
                              c:/users/boro/documents/mkclipse/avr toolchain/bin/../lib/gcc/avr/5.4.0/../../../../avr/lib/avr5\libm.a(addsf3.o) (__fp_round)
c:/users/boro/documents/mkclipse/avr toolchain/bin/../lib/gcc/avr/5.4.0/../../../../avr/lib/avr5\libm.a(fp_split3.o)
                              c:/users/boro/documents/mkclipse/avr toolchain/bin/../lib/gcc/avr/5.4.0/../../../../avr/lib/avr5\libm.a(addsf3x.o) (__fp_split3)
c:/users/boro/documents/mkclipse/avr toolchain/bin/../lib/gcc/avr/5.4.0/../../../../avr/lib/avr5\libm.a(fp_zero.o)
                              c:/users/boro/documents/mkclipse/avr toolchain/bin/../lib/gcc/avr/5.4.0/../../../../avr/lib/avr5\libm.a(addsf3x.o) (__fp_zero)
c:/users/boro/documents/mkclipse/avr toolchain/bin/../lib/gcc/avr/5.4.0/../../../../avr/lib/avr5\libm.a(mulsf3.o)
                              obj/main.o (__mulsf3)
c:/users/boro/documents/mkclipse/avr toolchain/bin/../lib/gcc/avr/5.4.0/../../../../avr/lib/avr5\libm.a(mulsf3x.o)
                              c:/users/boro/documents/mkclipse/avr toolchain/bin/../lib/gcc/avr/5.4.0/../../../../avr/lib/avr5\libm.a(mulsf3.o) (__mulsf3x)
c:/users/boro/documents/mkclipse/avr toolchain/bin/../lib/gcc/avr/5.4.0/avr5\libgcc.a(_divmodhi4.o)
                              obj/main.o (__divmodhi4)
c:/users/boro/documents/mkclipse/avr toolchain/bin/../lib/gcc/avr/5.4.0/avr5\libgcc.a(_udivmodsi4.o)
                              obj/master.o (__udivmodsi4)
c:/users/boro/documents/mkclipse/avr toolchain/bin/../lib/gcc/avr/5.4.0/avr5\libgcc.a(_exit.o)
                              c:/users/boro/documents/mkclipse/avr toolchain/bin/../lib/gcc/avr/5.4.0/../../../../avr/lib/avr5/crtatmega32u4.o (exit)
c:/users/boro/documents/mkclipse/avr toolchain/bin/../lib/gcc/avr/5.4.0/avr5\libgcc.a(_copy_data.o)
                              obj/main.o (__do_copy_data)
c:/users/boro/documents/mkclipse/avr toolchain/bin/../lib/gcc/avr/5.4.0/avr5\libgcc.a(_clear_bss.o)
                              obj/main.o (__do_clear_bss)
c:/users/boro/documents/mkclipse/avr toolchain/bin/../lib/gcc/avr/5.4.0/avr5\libgcc.a(_udivmodhi4.o)
[...]
Memory Configuration

Name             Origin             Length             Attributes
text             0x00000000         0x00020000         xr
data             0x00800060         0x0000ffa0         rw !x
eeprom           0x00810000         0x00010000         rw !x
fuse             0x00820000         0x00000400         rw !x
lock             0x00830000         0x00000400         rw !x
signature        0x00840000         0x00000400         rw !x
user_signatures  0x00850000         0x00000400         rw !x
*default*        0x00000000         0xffffffff

Linker script and memory map

Address of section .data set to 0x800100
LOAD c:/users/boro/documents/mkclipse/avr toolchain/bin/../lib/gcc/avr/5.4.0/../../../../avr/lib/avr5/crtatmega32u4.o
LOAD obj/main.o
LOAD obj/Descriptors.o
LOAD obj/master.o
LOAD obj/HD44780.o
LOAD obj/SHTC3.o
LOAD obj/RingBuffer.o
LOAD obj/HIDParser.o
LOAD obj/Device_AVR8.o
LOAD obj/EndpointStream_AVR8.o
LOAD obj/Endpoint_AVR8.o
LOAD obj/Host_AVR8.o
LOAD obj/PipeStream_AVR8.o
LOAD obj/Pipe_AVR8.o
LOAD obj/USBController_AVR8.o
LOAD obj/USBInterrupt_AVR8.o
LOAD obj/ConfigDescriptors.o
LOAD obj/DeviceStandardReq.o
LOAD obj/Events.o
LOAD obj/HostStandardReq.o
LOAD obj/USBTask.o
LOAD obj/AudioClassDevice.o
LOAD obj/CCIDClassDevice.o
LOAD obj/CDCClassDevice.o
LOAD obj/HIDClassDevice.o
LOAD obj/MassStorageClassDevice.o
LOAD obj/MIDIClassDevice.o
LOAD obj/PrinterClassDevice.o
LOAD obj/RNDISClassDevice.o
LOAD obj/AndroidAccessoryClassHost.o
LOAD obj/AudioClassHost.o
LOAD obj/CDCClassHost.o
LOAD obj/HIDClassHost.o
LOAD obj/MassStorageClassHost.o
LOAD obj/MIDIClassHost.o
LOAD obj/PrinterClassHost.o
LOAD obj/RNDISClassHost.o
LOAD obj/StillImageClassHost.o
LOAD c:/users/boro/documents/mkclipse/avr toolchain/bin/../lib/gcc/avr/5.4.0/../../../../avr/lib/avr5\libm.a
START GROUP
LOAD c:/users/boro/documents/mkclipse/avr toolchain/bin/../lib/gcc/avr/5.4.0/avr5\libgcc.a
LOAD c:/users/boro/documents/mkclipse/avr toolchain/bin/../lib/gcc/avr/5.4.0/../../../../avr/lib/avr5\libm.a
LOAD c:/users/boro/documents/mkclipse/avr toolchain/bin/../lib/gcc/avr/5.4.0/../../../../avr/lib/avr5\libc.a
LOAD c:/users/boro/documents/mkclipse/avr toolchain/bin/../lib/gcc/avr/5.4.0/../../../../avr/lib/avr5\libatmega32u4.a
END GROUP

.hash
 *(.hash)

.dynsym
 *(.dynsym)

.dynstr
 *(.dynstr)

.gnu.version
 *(.gnu.version)

.gnu.version_d
 *(.gnu.version_d)

.gnu.version_r
 *(.gnu.version_r)

.rel.init
 *(.rel.init)

.rela.init
 *(.rela.init)

.rel.text
 *(.rel.text)
 *(.rel.text.*)
 *(.rel.gnu.linkonce.t*)

.rela.text
 *(.rela.text)
 *(.rela.text.*)
 *(.rela.gnu.linkonce.t*)

.rel.fini
 *(.rel.fini)

.rela.fini
 *(.rela.fini)

.rel.rodata
 *(.rel.rodata)
 *(.rel.rodata.*)
 *(.rel.gnu.linkonce.r*)

.rela.rodata
 *(.rela.rodata)
 *(.rela.rodata.*)
 *(.rela.gnu.linkonce.r*)

.rel.data
 *(.rel.data)
 *(.rel.data.*)
 *(.rel.gnu.linkonce.d*)

.rela.data
 *(.rela.data)
 *(.rela.data.*)
 *(.rela.gnu.linkonce.d*)

.rel.ctors
 *(.rel.ctors)

.rela.ctors
 *(.rela.ctors)

.rel.dtors
 *(.rel.dtors)

.rela.dtors
 *(.rela.dtors)

.rel.got
 *(.rel.got)

.rela.got
 *(.rela.got)

.rel.bss
 *(.rel.bss)

.rela.bss
 *(.rela.bss)

.rel.plt
 *(.rel.plt)

.rela.plt
 *(.rela.plt)

.text           0x00000000     0x39d8
 *(.vectors)
 .vectors       0x00000000       0xac c:/users/boro/documents/mkclipse/avr toolchain/bin/../lib/gcc/avr/5.4.0/../../../../avr/lib/avr5/crtatmega32u4.o
                0x00000000                __vector_default
                0x00000000                __vectors
 *(.vectors)
 *(.progmem.gcc*)
                0x000000ac                . = ALIGN (0x2)
                0x000000ac                __trampolines_start = .
 *(.trampolines)
 .trampolines   0x000000ac        0x0 linker stubs
 *(.trampolines*)
                0x000000ac                __trampolines_end = .
 *(.progmem*)
 .progmem.data  0x000000ac      0x21a obj/main.o
                0x000002a2                Corrections_PROGMEM
                0x000002b2                Constants_PROGMEM
 .progmem.data  0x000002c6       0xce obj/Descriptors.o
                0x000002c6                ProductString
                0x00000300                ManufacturerString
                0x00000340                LanguageString
                0x00000344                ConfigurationDescriptor
                0x00000382                DeviceDescriptor
 .progmem.data  0x00000394       0x3b c:/users/boro/documents/mkclipse/avr toolchain/bin/../lib/gcc/avr/5.4.0/../../../../avr/lib/avr5\libc.a(strtod.o)
 .progmem.data  0x000003cf       0xfa c:/users/boro/documents/mkclipse/avr toolchain/bin/../lib/gcc/avr/5.4.0/../../../../avr/lib/avr5\libc.a(ftoa_engine.o)
                0x000004ca                . = ALIGN (0x2)
 *fill*         0x000004c9        0x1 
 *(.jumptables)
 *(.jumptables*)
 *(.lowtext)
 *(.lowtext*)
                0x000004ca                __ctors_start = .
 *(.ctors)
                0x000004ca                __ctors_end = .
                0x000004ca                __dtors_start = .
 *(.dtors)
                0x000004ca                __dtors_end = .
 SORT(*)(.ctors)
 SORT(*)(.dtors)
 *(.init0)
 .init0         0x000004ca        0x0 c:/users/boro/documents/mkclipse/avr toolchain/bin/../lib/gcc/avr/5.4.0/../../../../avr/lib/avr5/crtatmega32u4.o
                0x000004ca                __init
 *(.init0)
 *(.init1)
 *(.init1)
 *(.init2)
 .init2         0x000004ca        0xc c:/users/boro/documents/mkclipse/avr toolchain/bin/../lib/gcc/avr/5.4.0/../../../../avr/lib/avr5/crtatmega32u4.o
 *(.init2)
 *(.init3)
 *(.init3)
 *(.init4)
 .init4         0x000004d6       0x16 c:/users/boro/documents/mkclipse/avr toolchain/bin/../lib/gcc/avr/5.4.0/avr5\libgcc.a(_copy_data.o)
                0x000004d6                __do_copy_data
 .init4         0x000004ec       0x10 c:/users/boro/documents/mkclipse/avr toolchain/bin/../lib/gcc/avr/5.4.0/avr5\libgcc.a(_clear_bss.o)
                0x000004ec                __do_clear_bss
 *(.init4)
 *(.init5)
 *(.init5)
 *(.init6)
 *(.init6)
 *(.init7)
 *(.init7)
 *(.init8)
 *(.init8)
 *(.init9)
 .init9         0x000004fc        0x6 c:/users/boro/documents/mkclipse/avr toolchain/bin/../lib/gcc/avr/5.4.0/../../../../avr/lib/avr5/crtatmega32u4.o
 *(.init9)
 *(.text)
 .text          0x00000502        0x2 c:/users/boro/documents/mkclipse/avr toolchain/bin/../lib/gcc/avr/5.4.0/../../../../avr/lib/avr5/crtatmega32u4.o
                0x00000502                __vector_38
                0x00000502                __vector_22
                0x00000502                __vector_28
                0x00000502                __vector_1
                0x00000502                __vector_32
                0x00000502                __vector_34
                0x00000502                __vector_24
                0x00000502                __vector_12
                0x00000502                __bad_interrupt
                0x00000502                __vector_6
                0x00000502                __vector_31
                0x00000502                __vector_35
                0x00000502                __vector_39
                0x00000502                __vector_3
                0x00000502                __vector_23
                0x00000502                __vector_30
                0x00000502                __vector_25
                0x00000502                __vector_13
                0x00000502                __vector_17
                0x00000502                __vector_19
                0x00000502                __vector_7
                0x00000502                __vector_41
                0x00000502                __vector_27
                0x00000502                __vector_5
                0x00000502                __vector_33
                0x00000502                __vector_37
                0x00000502                __vector_4
                0x00000502                __vector_9
                0x00000502                __vector_2
                0x00000502                __vector_21
                0x00000502                __vector_15
                0x00000502                __vector_36
                0x00000502                __vector_29
                0x00000502                __vector_40
                0x00000502                __vector_8
                0x00000502                __vector_26
                0x00000502                __vector_14
                0x00000502                __vector_18
                0x00000502                __vector_42
                0x00000504                . = ALIGN (0x2)
 *(.text.*)
 .text.dtostr   0x00000504       0x38 obj/main.o
 .text.TemperatureMeasurement
                0x0000053c      0x158 obj/main.o
 .text.startup.main
                0x00000694      0x9b0 obj/main.o
                0x00000694                main
 .text.__vector_16
                0x00001044       0x56 obj/main.o
                0x00001044                __vector_16
 .text.__vector_20
                0x0000109a       0x22 obj/main.o
                0x0000109a                __vector_20
 .text.EVENT_USB_Device_Connect
                0x000010bc        0x4 obj/main.o
                0x000010bc                EVENT_USB_Device_Connect
 .text.EVENT_USB_Device_Disconnect
                0x000010c0       0x10 obj/main.o
                0x000010c0                EVENT_USB_Device_Disconnect
 .text.EVENT_USB_Device_ConfigurationChanged
                0x000010d0       0x14 obj/main.o
                0x000010d0                EVENT_USB_Device_ConfigurationChanged
 .text.EVENT_USB_Device_ControlRequest
                0x000010e4        0x8 obj/main.o
                0x000010e4                EVENT_USB_Device_ControlRequest
 .text.EVENT_CDC_Device_ControLineStateChanged
                0x000010ec       0x20 obj/main.o
                0x000010ec                EVENT_CDC_Device_ControLineStateChanged
 .text.CALLBACK_USB_GetDescriptor
                0x0000110c       0x60 obj/Descriptors.o
                0x0000110c                CALLBACK_USB_GetDescriptor
 .text.twi_set_bit_rate
                0x0000116c       0x24 obj/master.o
                0x0000116c                twi_set_bit_rate
 .text.twi_init
                0x00001190       0x16 obj/master.o
                0x00001190                twi_init
 .text.twi_error
                0x000011a6        0xa obj/master.o
                0x000011a6                twi_error
 .text.twi_status
                0x000011b0        0x6 obj/master.o
                0x000011b0                twi_status
 .text.twi_start
                0x000011b6       0x18 obj/master.o
                0x000011b6                twi_start
 .text.twi_stop
                0x000011ce        0x8 obj/master.o
                0x000011ce                twi_stop
 .text.twi_write_sla
                0x000011d6       0x40 obj/master.o
                0x000011d6                twi_write_sla
 .text.twi_detect
                0x00001216       0x22 obj/master.o
                0x00001216                twi_detect
 .text.twi_write
                0x00001238       0x1c obj/master.o
                0x00001238                twi_write
 .text.twi_read
                0x00001254       0x54 obj/master.o
                0x00001254                twi_read
 .text.lcd_send
                0x000012a8       0xa8 obj/HD44780.o
 .text.lcd_cls  0x00001350       0x14 obj/HD44780.o
                0x00001350                lcd_cls
 .text.lcd_locate
                0x00001364       0x24 obj/HD44780.o
                0x00001364                lcd_locate
 .text.lcd_create_stream
                0x00001388       0x1a obj/HD44780.o
                0x00001388                lcd_create_stream
 .text.lcd_backlight_on
                0x000013a2       0x16 obj/HD44780.o
                0x000013a2                lcd_backlight_on
 .text.lcd_init
                0x000013b8       0xac obj/HD44780.o
                0x000013b8                lcd_init
 .text.lcd_char
                0x00001464        0x4 obj/HD44780.o
                0x00001464                lcd_char
 .text.lcd_char_stream
                0x00001468        0x8 obj/HD44780.o
 .text.lcd_str_P
                0x00001470       0x1a obj/HD44780.o
                0x00001470                lcd_str_P
 .text.sht_checkCRC
                0x0000148a       0x48 obj/SHTC3.o
 .text.sht_command
                0x000014d2       0x1a obj/SHTC3.o
 .text.sht_checkID
                0x000014ec       0x54 obj/SHTC3.o
                0x000014ec                sht_checkID
 .text.sht_init
                0x00001540       0x34 obj/SHTC3.o
                0x00001540                sht_init
 .text.sht_meas
                0x00001574      0x14e obj/SHTC3.o
                0x00001574                sht_meas
 .text.sht_temperature
                0x000016c2       0x12 obj/SHTC3.o
                0x000016c2                sht_temperature
 .text.sht_humidity
                0x000016d4       0x12 obj/SHTC3.o
                0x000016d4                sht_humidity
 .text.RingBuffer_Init
                0x000016e6       0x18 obj/RingBuffer.o
                0x000016e6                RingBuffer_Init
 .text.RingBuffer_Clear
                0x000016fe       0x10 obj/RingBuffer.o
                0x000016fe                RingBuffer_Clear
 .text.RingBuffer_Insert
                0x0000170e       0x40 obj/RingBuffer.o
                0x0000170e                RingBuffer_Insert
 .text.RingBuffer_Get
                0x0000174e       0x48 obj/RingBuffer.o
                0x0000174e                RingBuffer_Get
 .text.RingBuffer_GetAsString
                0x00001796       0x6a obj/RingBuffer.o
                0x00001796                RingBuffer_GetAsString
 .text.RingBuffer_IsFull
                0x00001800       0x28 obj/RingBuffer.o
                0x00001800                RingBuffer_IsFull
 .text.RingBuffer_Size
                0x00001828        0x8 obj/RingBuffer.o
                0x00001828                RingBuffer_Size
 .text.Endpoint_Write_PStream_LE
                0x00001830       0x96 obj/EndpointStream_AVR8.o
                0x00001830                Endpoint_Write_PStream_LE
 .text.Endpoint_Write_Control_Stream_LE
                0x000018c6       0xb8 obj/EndpointStream_AVR8.o
                0x000018c6                Endpoint_Write_Control_Stream_LE
 .text.Endpoint_Write_Control_PStream_LE
                0x0000197e       0xbe obj/EndpointStream_AVR8.o
                0x0000197e                Endpoint_Write_Control_PStream_LE
 .text.Endpoint_ConfigureEndpoint_Prv
                0x00001a3c       0x28 obj/Endpoint_AVR8.o
                0x00001a3c                Endpoint_ConfigureEndpoint_Prv
 .text.Endpoint_ConfigureEndpointTable
                0x00001a64       0x7a obj/Endpoint_AVR8.o
                0x00001a64                Endpoint_ConfigureEndpointTable
 .text.Endpoint_ClearStatusStage
                0x00001ade       0x3a obj/Endpoint_AVR8.o
                0x00001ade                Endpoint_ClearStatusStage
 .text.Endpoint_WaitUntilReady
                0x00001b18       0x64 obj/Endpoint_AVR8.o
                0x00001b18                Endpoint_WaitUntilReady
 .text.USB_ResetInterface
                0x00001b7c       0x7e obj/USBController_AVR8.o
                0x00001b7c                USB_ResetInterface
 .text.USB_Init
                0x00001bfa       0x20 obj/USBController_AVR8.o
                0x00001bfa                USB_Init
 .text.USB_INT_DisableAllInterrupts
                0x00001c1a       0x10 obj/USBInterrupt_AVR8.o
                0x00001c1a                USB_INT_DisableAllInterrupts
 .text.USB_INT_ClearAllInterrupts
                0x00001c2a        0xa obj/USBInterrupt_AVR8.o
                0x00001c2a                USB_INT_ClearAllInterrupts
 .text.__vector_10
                0x00001c34      0x18c obj/USBInterrupt_AVR8.o
                0x00001c34                __vector_10
 .text.__vector_11
                0x00001dc0       0x86 obj/USBInterrupt_AVR8.o
                0x00001dc0                __vector_11
 .text.USB_Device_ProcessControlRequest
                0x00001e46      0x2c0 obj/DeviceStandardReq.o
                0x00001e46                USB_Device_ProcessControlRequest
 .text.USB_Event_Stub
                0x00002106        0x2 obj/Events.o
                0x00002106                USB_Event_Stub
                0x00002106                EVENT_USB_Device_Suspend
                0x00002106                EVENT_USB_Device_StartOfFrame
                0x00002106                EVENT_USB_Device_Reset
                0x00002106                EVENT_USB_Device_WakeUp
 .text.USB_USBTask
                0x00002108       0x32 obj/USBTask.o
                0x00002108                USB_USBTask
 .text.CDC_Device_ConfigureEndpoints
                0x0000213a       0x4a obj/CDCClassDevice.o
                0x0000213a                CDC_Device_ConfigureEndpoints
 .text.CDC_Device_SendString_P
                0x00002184       0x4c obj/CDCClassDevice.o
                0x00002184                CDC_Device_SendString_P
 .text.CDC_Device_SendByte
                0x000021d0       0x54 obj/CDCClassDevice.o
                0x000021d0                CDC_Device_SendByte
 .text.CDC_Device_putchar
                0x00002224       0x20 obj/CDCClassDevice.o
 .text.CDC_Device_Flush
                0x00002244       0x5a obj/CDCClassDevice.o
                0x00002244                CDC_Device_Flush
 .text.CDC_Device_USBTask
                0x0000229e       0x2a obj/CDCClassDevice.o
                0x0000229e                CDC_Device_USBTask
 .text.CDC_Device_ReceiveByte
                0x000022c8       0x68 obj/CDCClassDevice.o
                0x000022c8                CDC_Device_ReceiveByte
 .text.CDC_Device_getchar
                0x00002330       0x12 obj/CDCClassDevice.o
 .text.CDC_Device_CreateStream
                0x00002342       0x26 obj/CDCClassDevice.o
                0x00002342                CDC_Device_CreateStream
 .text.CDC_Device_Event_Stub
                0x00002368        0x2 obj/CDCClassDevice.o
                0x00002368                CDC_Device_Event_Stub
                0x00002368                EVENT_CDC_Device_LineEncodingChanged
 .text.CDC_Device_Event_Stub_2
                0x0000236a        0x2 obj/CDCClassDevice.o
                0x0000236a                EVENT_CDC_Device_BreakSent
                0x0000236a                CDC_Device_Event_Stub_2
 .text.CDC_Device_ProcessControlRequest
                0x0000236c      0x160 obj/CDCClassDevice.o
                0x0000236c                CDC_Device_ProcessControlRequest
 .text.avr-libc.fplib
                0x000024cc        0xa c:/users/boro/documents/mkclipse/avr toolchain/bin/../lib/gcc/avr/5.4.0/../../../../avr/lib/avr5\libm.a(addsf3.o)
                0x000024cc                __subsf3
                0x000024ce                __addsf3
 .text.avr-libc.fplib
                0x000024d6       0xc0 c:/users/boro/documents/mkclipse/avr toolchain/bin/../lib/gcc/avr/5.4.0/../../../../avr/lib/avr5\libm.a(addsf3x.o)
                0x000024f0                __addsf3x
 .text.avr-libc.fplib
                0x00002596        0x4 c:/users/boro/documents/mkclipse/avr toolchain/bin/../lib/gcc/avr/5.4.0/../../../../avr/lib/avr5\libm.a(divsf3.o)
                0x00002596                __divsf3
 .text.avr-libc.fplib
                0x0000259a       0xcc c:/users/boro/documents/mkclipse/avr toolchain/bin/../lib/gcc/avr/5.4.0/../../../../avr/lib/avr5\libm.a(divsf3x.o)
                0x000025b0                __divsf3x
                0x000025b4                __divsf3_pse
 .text.avr-libc.fplib
                0x00002666        0xa c:/users/boro/documents/mkclipse/avr toolchain/bin/../lib/gcc/avr/5.4.0/../../../../avr/lib/avr5\libm.a(fixsfsi.o)
                0x00002666                __fixsfsi
 .text.avr-libc.fplib
                0x00002670       0x58 c:/users/boro/documents/mkclipse/avr toolchain/bin/../lib/gcc/avr/5.4.0/../../../../avr/lib/avr5\libm.a(fixunssfsi.o)
                0x00002670                __fixunssfsi
 .text.avr-libc.fplib
                0x000026c8       0x7a c:/users/boro/documents/mkclipse/avr toolchain/bin/../lib/gcc/avr/5.4.0/../../../../avr/lib/avr5\libm.a(floatsisf.o)
                0x000026c8                __floatunsisf
                0x000026cc                __floatsisf
 .text.avr-libc.fplib
                0x00002742        0xc c:/users/boro/documents/mkclipse/avr toolchain/bin/../lib/gcc/avr/5.4.0/../../../../avr/lib/avr5\libm.a(fp_inf.o)
                0x00002742                __fp_inf
 .text.avr-libc.fplib
                0x0000274e        0x6 c:/users/boro/documents/mkclipse/avr toolchain/bin/../lib/gcc/avr/5.4.0/../../../../avr/lib/avr5\libm.a(fp_nan.o)
                0x0000274e                __fp_nan
 .text.avr-libc.fplib
                0x00002754        0xe c:/users/boro/documents/mkclipse/avr toolchain/bin/../lib/gcc/avr/5.4.0/../../../../avr/lib/avr5\libm.a(fp_pscA.o)
                0x00002754                __fp_pscA
 .text.avr-libc.fplib
                0x00002762        0xe c:/users/boro/documents/mkclipse/avr toolchain/bin/../lib/gcc/avr/5.4.0/../../../../avr/lib/avr5\libm.a(fp_pscB.o)
                0x00002762                __fp_pscB
 .text.avr-libc.fplib
                0x00002770       0x22 c:/users/boro/documents/mkclipse/avr toolchain/bin/../lib/gcc/avr/5.4.0/../../../../avr/lib/avr5\libm.a(fp_round.o)
                0x00002770                __fp_round
 .text.avr-libc.fplib
                0x00002792       0x44 c:/users/boro/documents/mkclipse/avr toolchain/bin/../lib/gcc/avr/5.4.0/../../../../avr/lib/avr5\libm.a(fp_split3.o)
                0x00002792                __fp_split3
                0x000027a2                __fp_splitA
 .text.avr-libc.fplib
                0x000027d6        0xe c:/users/boro/documents/mkclipse/avr toolchain/bin/../lib/gcc/avr/5.4.0/../../../../avr/lib/avr5\libm.a(fp_zero.o)
                0x000027d6                __fp_zero
                0x000027d8                __fp_szero
 .text.avr-libc.fplib
                0x000027e4        0x4 c:/users/boro/documents/mkclipse/avr toolchain/bin/../lib/gcc/avr/5.4.0/../../../../avr/lib/avr5\libm.a(mulsf3.o)
                0x000027e4                __mulsf3
 .text.avr-libc.fplib
                0x000027e8       0xc2 c:/users/boro/documents/mkclipse/avr toolchain/bin/../lib/gcc/avr/5.4.0/../../../../avr/lib/avr5\libm.a(mulsf3x.o)
                0x000027fc                __mulsf3x
                0x00002800                __mulsf3_pse
 .text.libgcc.div
                0x000028aa       0x26 c:/users/boro/documents/mkclipse/avr toolchain/bin/../lib/gcc/avr/5.4.0/avr5\libgcc.a(_divmodhi4.o)
                0x000028aa                _div
                0x000028aa                __divmodhi4
 .text.libgcc.div
                0x000028d0       0x44 c:/users/boro/documents/mkclipse/avr toolchain/bin/../lib/gcc/avr/5.4.0/avr5\libgcc.a(_udivmodsi4.o)
                0x000028d0                __udivmodsi4
 .text.libgcc.div
                0x00002914       0x28 c:/users/boro/documents/mkclipse/avr toolchain/bin/../lib/gcc/avr/5.4.0/avr5\libgcc.a(_udivmodhi4.o)
                0x00002914                __udivmodhi4
 .text.avr-libc
                0x0000293c       0x40 c:/users/boro/documents/mkclipse/avr toolchain/bin/../lib/gcc/avr/5.4.0/../../../../avr/lib/avr5\libc.a(dtostrf.o)
                0x0000293c                dtostrf
 .text.avr-libc
                0x0000297c      0x2b0 c:/users/boro/documents/mkclipse/avr toolchain/bin/../lib/gcc/avr/5.4.0/../../../../avr/lib/avr5\libc.a(strtod.o)
                0x0000297c                strtod
 .text.avr-libc
                0x00002c2c      0x222 c:/users/boro/documents/mkclipse/avr toolchain/bin/../lib/gcc/avr/5.4.0/../../../../avr/lib/avr5\libc.a(strtoul.o)
                0x00002c2c                strtoul
 .text.avr-libc
                0x00002e4e       0x10 c:/users/boro/documents/mkclipse/avr toolchain/bin/../lib/gcc/avr/5.4.0/../../../../avr/lib/avr5\libc.a(isspace.o)
                0x00002e4e                isspace
 .text.avr-libc
                0x00002e5e       0x12 c:/users/boro/documents/mkclipse/avr toolchain/bin/../lib/gcc/avr/5.4.0/../../../../avr/lib/avr5\libc.a(memcpy_P.o)
                0x00002e5e                memcpy_P
 .text.avr-libc
                0x00002e70       0x12 c:/users/boro/documents/mkclipse/avr toolchain/bin/../lib/gcc/avr/5.4.0/../../../../avr/lib/avr5\libc.a(strlen_P.o)
                0x00002e70                __strlen_P
 .text.avr-libc
                0x00002e82       0x30 c:/users/boro/documents/mkclipse/avr toolchain/bin/../lib/gcc/avr/5.4.0/../../../../avr/lib/avr5\libc.a(strncasecmp_P.o)
                0x00002e82                strncasecmp_P
 .text.avr-libc
                0x00002eb2       0x30 c:/users/boro/documents/mkclipse/avr toolchain/bin/../lib/gcc/avr/5.4.0/../../../../avr/lib/avr5\libc.a(fprintf_p.o)
                0x00002eb2                fprintf_P
 .text.avr-libc.fplib
                0x00002ee2        0x8 c:/users/boro/documents/mkclipse/avr toolchain/bin/../lib/gcc/avr/5.4.0/../../../../avr/lib/avr5\libc.a(cmpsf2.o)
                0x00002ee2                __nesf2
                0x00002ee2                __eqsf2
                0x00002ee2                __cmpsf2
                0x00002ee2                __ltsf2
                0x00002ee2                __lesf2
 .text.avr-libc.fplib
                0x00002eea       0x48 c:/users/boro/documents/mkclipse/avr toolchain/bin/../lib/gcc/avr/5.4.0/../../../../avr/lib/avr5\libc.a(fp_cmp.o)
                0x00002eea                __fp_cmp
 .text.avr-libc
                0x00002f32      0x386 c:/users/boro/documents/mkclipse/avr toolchain/bin/../lib/gcc/avr/5.4.0/../../../../avr/lib/avr5\libc.a(vfprintf_std.o)
                0x00002f32                vfprintf
 .text.avr-libc
                0x000032b8       0x20 c:/users/boro/documents/mkclipse/avr toolchain/bin/../lib/gcc/avr/5.4.0/../../../../avr/lib/avr5\libc.a(eerd_block_atmega32u4.o)
                0x000032b8                __eerd_block_m32u4
                0x000032bc                __eerd_blraw_m32u4
 .text.avr-libc
                0x000032d8       0x1e c:/users/boro/documents/mkclipse/avr toolchain/bin/../lib/gcc/avr/5.4.0/../../../../avr/lib/avr5\libc.a(eeupd_block_atmega32u4.o)
                0x000032d8                __eeupd_block_m32u4
 .text.avr-libc
                0x000032f6       0x24 c:/users/boro/documents/mkclipse/avr toolchain/bin/../lib/gcc/avr/5.4.0/../../../../avr/lib/avr5\libc.a(eeupd_byte_atmega32u4.o)
                0x000032f6                __eeupd_byte_m32u4
                0x000032f8                __eeupd_r18_m32u4
 .text.avr-libc
                0x0000331a      0x2fa c:/users/boro/documents/mkclipse/avr toolchain/bin/../lib/gcc/avr/5.4.0/../../../../avr/lib/avr5\libc.a(dtoa_prf.o)
                0x0000331a                dtoa_prf
 .text.avr-libc
                0x00003614      0x1b0 c:/users/boro/documents/mkclipse/avr toolchain/bin/../lib/gcc/avr/5.4.0/../../../../avr/lib/avr5\libc.a(ftoa_engine.o)
                0x00003614                __ftoa_engine
 .text.avr-libc
                0x000037c4        0x6 c:/users/boro/documents/mkclipse/avr toolchain/bin/../lib/gcc/avr/5.4.0/../../../../avr/lib/avr5\libc.a(cty_isfalse.o)
                0x000037c4                __ctype_isfalse
                0x000037c8                __ctype_istrue
 .text.avr-libc
                0x000037ca       0x16 c:/users/boro/documents/mkclipse/avr toolchain/bin/../lib/gcc/avr/5.4.0/../../../../avr/lib/avr5\libc.a(strnlen_P.o)
                0x000037ca                strnlen_P
 .text.avr-libc
                0x000037e0       0x16 c:/users/boro/documents/mkclipse/avr toolchain/bin/../lib/gcc/avr/5.4.0/../../../../avr/lib/avr5\libc.a(strnlen.o)
                0x000037e0                strnlen
 .text.avr-libc
                0x000037f6       0x64 c:/users/boro/documents/mkclipse/avr toolchain/bin/../lib/gcc/avr/5.4.0/../../../../avr/lib/avr5\libc.a(fputc.o)
                0x000037f6                fputc
 .text.avr-libc
                0x0000385a       0xbc c:/users/boro/documents/mkclipse/avr toolchain/bin/../lib/gcc/avr/5.4.0/../../../../avr/lib/avr5\libc.a(ultoa_invert.o)
                0x0000385a                __ultoa_invert
 .text.libgcc.mul
                0x00003916       0x1e c:/users/boro/documents/mkclipse/avr toolchain/bin/../lib/gcc/avr/5.4.0/avr5\libgcc.a(_mulsi3.o)
                0x00003916                __mulsi3
 .text.libgcc.mul
                0x00003934       0x14 c:/users/boro/documents/mkclipse/avr toolchain/bin/../lib/gcc/avr/5.4.0/avr5\libgcc.a(_muluhisi3.o)
                0x00003934                __muluhisi3
 .text.libgcc.prologue
                0x00003948       0x38 c:/users/boro/documents/mkclipse/avr toolchain/bin/../lib/gcc/avr/5.4.0/avr5\libgcc.a(_prologue.o)
                0x00003948                __prologue_saves__
 .text.libgcc.prologue
                0x00003980       0x36 c:/users/boro/documents/mkclipse/avr toolchain/bin/../lib/gcc/avr/5.4.0/avr5\libgcc.a(_epilogue.o)
                0x00003980                __epilogue_restores__
 .text.libgcc.mul
                0x000039b6       0x1e c:/users/boro/documents/mkclipse/avr toolchain/bin/../lib/gcc/avr/5.4.0/avr5\libgcc.a(_umulhisi3.o)
                0x000039b6                __umulhisi3
                0x000039d4                . = ALIGN (0x2)
 *(.fini9)
 .fini9         0x000039d4        0x0 c:/users/boro/documents/mkclipse/avr toolchain/bin/../lib/gcc/avr/5.4.0/avr5\libgcc.a(_exit.o)
                0x000039d4                _exit
                0x000039d4                exit
 *(.fini9)
 *(.fini8)
 *(.fini8)
 *(.fini7)
 *(.fini7)
 *(.fini6)
 *(.fini6)
 *(.fini5)
 *(.fini5)
 *(.fini4)
 *(.fini4)
 *(.fini3)
 *(.fini3)
 *(.fini2)
 *(.fini2)
 *(.fini1)
 *(.fini1)
 *(.fini0)
 .fini0         0x000039d4        0x4 c:/users/boro/documents/mkclipse/avr toolchain/bin/../lib/gcc/avr/5.4.0/avr5\libgcc.a(_exit.o)
 *(.fini0)
                0x000039d8                _etext = .

.data           0x00800100       0x1c load address 0x000039d8
                0x00800100                PROVIDE (__data_start, .)
 *(.data)
 .data          0x00800100       0x1b obj/main.o
                0x00800100                VirtualSerial_CDC_Interface
 *(.data*)
 *(.rodata)
 *(.rodata*)
 *(.gnu.linkonce.d*)
                0x0080011c                . = ALIGN (0x2)
 *fill*         0x0080011b        0x1 
                0x0080011c                _edata = .
                0x0080011c                PROVIDE (__data_end, .)

.bss            0x0080011c      0x2a5
                0x0080011c                PROVIDE (__bss_start, .)
 *(.bss)
 .bss           0x0080011c      0x173 obj/main.o
 .bss           0x0080028f        0x2 obj/master.o
 .bss           0x00800291        0x1 obj/HD44780.o
 .bss           0x00800292        0xa obj/SHTC3.o
 *(.bss*)
 *(COMMON)
 COMMON         0x0080029c      0x117 obj/main.o
                0x0080029c                n_ts
                0x0080029e                System
                0x008003ac                pulses_ts
                0x008003ae                timer_ovf
                0x008003af                m_gate
                0x008003b0                stop_meas
                0x008003b1                n_ts_first
 COMMON         0x008003b3        0x3 obj/DeviceStandardReq.o
                0x008003b3                USB_Device_ConfigurationNumber
                0x008003b4                USB_Device_CurrentlySelfPowered
                0x008003b5                USB_Device_RemoteWakeupEnabled
 COMMON         0x008003b6        0x9 obj/USBTask.o
                0x008003b6                USB_IsInitialized
                0x008003b7                USB_ControlRequest
 COMMON         0x008003bf        0x2 c:/users/boro/documents/mkclipse/avr toolchain/bin/../lib/gcc/avr/5.4.0/../../../../avr/lib/avr5\libc.a(errno.o)
                0x008003bf                errno
                0x008003c1                PROVIDE (__bss_end, .)
                0x000039d8                __data_load_start = LOADADDR (.data)
                0x000039f4                __data_load_end = (__data_load_start + SIZEOF (.data))

.noinit         0x008003c1        0x0
                0x008003c1                PROVIDE (__noinit_start, .)
 *(.noinit*)
                0x008003c1                PROVIDE (__noinit_end, .)
                0x008003c1                _end = .
                0x008003c1                PROVIDE (__heap_start, .)

.eeprom         0x00810000       0x24
 *(.eeprom*)
 .eeprom        0x00810000       0x24 obj/main.o
                0x00810000                Corrections_EEMEM
                0x00810010                Constants_EEMEM
                0x00810024                __eeprom_end = .

.fuse
 *(.fuse)
 *(.lfuse)
 *(.hfuse)
 *(.efuse)

.lock
 *(.lock*)

.signature
 *(.signature*)

.user_signatures
 *(.user_signatures*)

.stab
 *(.stab)

.stabstr
 *(.stabstr)

.stab.excl
 *(.stab.excl)

.stab.exclstr
 *(.stab.exclstr)

.stab.index
 *(.stab.index)

.stab.indexstr
 *(.stab.indexstr)

.comment        0x00000000       0x8c
 *(.comment)
 .comment       0x00000000       0x30 obj/main.o
                                 0x31 (size before relaxing)
 .comment       0x00000000       0x31 obj/Descriptors.o
 .comment       0x00000000       0x31 obj/master.o
 .comment       0x00000000       0x31 obj/HD44780.o
 .comment       0x00000000       0x31 obj/SHTC3.o
 .comment       0x00000000       0x31 obj/RingBuffer.o
 .comment       0x00000000       0x31 obj/EndpointStream_AVR8.o
 .comment       0x00000000       0x31 obj/Endpoint_AVR8.o
 .comment       0x00000000       0x31 obj/USBController_AVR8.o
 .comment       0x00000000       0x31 obj/USBInterrupt_AVR8.o
 .comment       0x00000000       0x31 obj/DeviceStandardReq.o
 .comment       0x00000000       0x31 obj/Events.o
 .comment       0x00000000       0x31 obj/USBTask.o
 .comment       0x00000000       0x31 obj/CDCClassDevice.o
 .comment       0x00000030       0x30 c:/users/boro/documents/mkclipse/avr toolchain/bin/../lib/gcc/avr/5.4.0/../../../../avr/lib/avr5\libc.a(dtostrf.o)
                                 0x31 (size before relaxing)
 .comment       0x00000000       0x31 c:/users/boro/documents/mkclipse/avr toolchain/bin/../lib/gcc/avr/5.4.0/../../../../avr/lib/avr5\libc.a(strtod.o)
 .comment       0x00000000       0x31 c:/users/boro/documents/mkclipse/avr toolchain/bin/../lib/gcc/avr/5.4.0/../../../../avr/lib/avr5\libc.a(strtoul.o)
 .comment       0x00000000       0x31 c:/users/boro/documents/mkclipse/avr toolchain/bin/../lib/gcc/avr/5.4.0/../../../../avr/lib/avr5\libc.a(fprintf_p.o)
 .comment       0x00000060       0x2c c:/users/boro/documents/mkclipse/avr toolchain/bin/../lib/gcc/avr/5.4.0/../../../../avr/lib/avr5\libc.a(vfprintf_std.o)
                                 0x2d (size before relaxing)
 .comment       0x00000000       0x2d c:/users/boro/documents/mkclipse/avr toolchain/bin/../lib/gcc/avr/5.4.0/../../../../avr/lib/avr5\libc.a(errno.o)
 .comment       0x00000000       0x31 c:/users/boro/documents/mkclipse/avr toolchain/bin/../lib/gcc/avr/5.4.0/../../../../avr/lib/avr5\libc.a(dtoa_prf.o)
 .comment       0x00000000       0x31 c:/users/boro/documents/mkclipse/avr toolchain/bin/../lib/gcc/avr/5.4.0/../../../../avr/lib/avr5\libc.a(fputc.o)

.note.gnu.avr.deviceinfo
                0x00000000       0x40
 .note.gnu.avr.deviceinfo
                0x00000000       0x40 c:/users/boro/documents/mkclipse/avr toolchain/bin/../lib/gcc/avr/5.4.0/../../../../avr/lib/avr5/crtatmega32u4.o

.note.gnu.build-id
 *(.note.gnu.build-id)

.debug
 *(.debug)

.line
 *(.line)

.debug_srcinfo
 *(.debug_srcinfo)

.debug_sfnames
 *(.debug_sfnames)

.debug_aranges  0x00000000      0x4c8
 *(.debug_aranges)
 .debug_aranges
                0x00000000       0x68 obj/main.o
 .debug_aranges
                0x00000068       0x20 obj/Descriptors.o
 .debug_aranges
                0x00000088       0x78 obj/master.o
 .debug_aranges
                0x00000100       0x80 obj/HD44780.o
 .debug_aranges
                0x00000180       0x58 obj/SHTC3.o
 .debug_aranges
                0x000001d8       0x60 obj/RingBuffer.o
 .debug_aranges
                0x00000238       0xc8 obj/EndpointStream_AVR8.o
 .debug_aranges
                0x00000300       0x40 obj/Endpoint_AVR8.o
 .debug_aranges
                0x00000340       0x30 obj/USBController_AVR8.o
 .debug_aranges
                0x00000370       0x38 obj/USBInterrupt_AVR8.o
 .debug_aranges
                0x000003a8       0x20 obj/DeviceStandardReq.o
 .debug_aranges
                0x000003c8       0x30 obj/Events.o
 .debug_aranges
                0x000003f8       0x20 obj/USBTask.o
 .debug_aranges
                0x00000418       0xb0 obj/CDCClassDevice.o

.debug_pubnames
 *(.debug_pubnames)

.debug_info     0x00000000     0x9581
 *(.debug_info .gnu.linkonce.wi.*)
 .debug_info    0x00000000      0x9f4 c:/users/boro/documents/mkclipse/avr toolchain/bin/../lib/gcc/avr/5.4.0/../../../../avr/lib/avr5/crtatmega32u4.o
 .debug_info    0x000009f4     0x2026 obj/main.o
 .debug_info    0x00002a1a      0x799 obj/Descriptors.o
 .debug_info    0x000031b3      0x4c5 obj/master.o
 .debug_info    0x00003678      0xb04 obj/HD44780.o
 .debug_info    0x0000417c      0x959 obj/SHTC3.o
 .debug_info    0x00004ad5      0x333 obj/RingBuffer.o
 .debug_info    0x00004e08     0x17a6 obj/EndpointStream_AVR8.o
 .debug_info    0x000065ae      0x596 obj/Endpoint_AVR8.o
 .debug_info    0x00006b44      0x4d5 obj/USBController_AVR8.o
 .debug_info    0x00007019      0x7d5 obj/USBInterrupt_AVR8.o
 .debug_info    0x000077ee      0xa2f obj/DeviceStandardReq.o
 .debug_info    0x0000821d       0xde obj/Events.o
 .debug_info    0x000082fb      0x25b obj/USBTask.o
 .debug_info    0x00008556     0x102b obj/CDCClassDevice.o

.debug_abbrev   0x00000000     0x2829
 *(.debug_abbrev)
 .debug_abbrev  0x00000000      0x96a c:/users/boro/documents/mkclipse/avr toolchain/bin/../lib/gcc/avr/5.4.0/../../../../avr/lib/avr5/crtatmega32u4.o
 .debug_abbrev  0x0000096a      0x458 obj/main.o
 .debug_abbrev  0x00000dc2      0x141 obj/Descriptors.o
 .debug_abbrev  0x00000f03      0x22f obj/master.o
 .debug_abbrev  0x00001132      0x30d obj/HD44780.o
 .debug_abbrev  0x0000143f      0x297 obj/SHTC3.o
 .debug_abbrev  0x000016d6      0x14a obj/RingBuffer.o
 .debug_abbrev  0x00001820      0x1d1 obj/EndpointStream_AVR8.o
 .debug_abbrev  0x000019f1      0x205 obj/Endpoint_AVR8.o
 .debug_abbrev  0x00001bf6      0x191 obj/USBController_AVR8.o
 .debug_abbrev  0x00001d87      0x20c obj/USBInterrupt_AVR8.o
 .debug_abbrev  0x00001f93      0x295 obj/DeviceStandardReq.o
 .debug_abbrev  0x00002228       0x99 obj/Events.o
 .debug_abbrev  0x000022c1      0x16b obj/USBTask.o
 .debug_abbrev  0x0000242c      0x3fd obj/CDCClassDevice.o

.debug_line     0x00000000     0x46b0
 *(.debug_line .debug_line.* .debug_line_end)
 .debug_line    0x00000000       0x1a c:/users/boro/documents/mkclipse/avr toolchain/bin/../lib/gcc/avr/5.4.0/../../../../avr/lib/avr5/crtatmega32u4.o
 .debug_line    0x0000001a      0x8f4 obj/main.o
 .debug_line    0x0000090e      0x1bd obj/Descriptors.o
 .debug_line    0x00000acb      0x2e5 obj/master.o
 .debug_line    0x00000db0      0x40b obj/HD44780.o
 .debug_line    0x000011bb      0x348 obj/SHTC3.o
 .debug_line    0x00001503      0x27e obj/RingBuffer.o
 .debug_line    0x00001781     0x13ea obj/EndpointStream_AVR8.o
 .debug_line    0x00002b6b      0x3e7 obj/Endpoint_AVR8.o
 .debug_line    0x00002f52      0x2d3 obj/USBController_AVR8.o
 .debug_line    0x00003225      0x4e4 obj/USBInterrupt_AVR8.o
 .debug_line    0x00003709      0x46b obj/DeviceStandardReq.o
 .debug_line    0x00003b74       0xb3 obj/Events.o
 .debug_line    0x00003c27      0x168 obj/USBTask.o
 .debug_line    0x00003d8f      0x921 obj/CDCClassDevice.o

.debug_frame    0x00000000      0xd6c
 *(.debug_frame)
 .debug_frame   0x00000000      0x128 obj/main.o
 .debug_frame   0x00000128       0x24 obj/Descriptors.o
 .debug_frame   0x0000014c      0x120 obj/master.o
 .debug_frame   0x0000026c      0x160 obj/HD44780.o
 .debug_frame   0x000003cc       0xe8 obj/SHTC3.o
 .debug_frame   0x000004b4       0xe4 obj/RingBuffer.o
 .debug_frame   0x00000598      0x3bc obj/EndpointStream_AVR8.o
 .debug_frame   0x00000954       0x78 obj/Endpoint_AVR8.o
 .debug_frame   0x000009cc       0x58 obj/USBController_AVR8.o
 .debug_frame   0x00000a24       0xec obj/USBInterrupt_AVR8.o
 .debug_frame   0x00000b10       0x3c obj/DeviceStandardReq.o
 .debug_frame   0x00000b4c       0x44 obj/Events.o
 .debug_frame   0x00000b90       0x2c obj/USBTask.o
 .debug_frame   0x00000bbc      0x1b0 obj/CDCClassDevice.o

.debug_str      0x00000000     0x3334
 *(.debug_str)
 .debug_str     0x00000000      0x371 c:/users/boro/documents/mkclipse/avr toolchain/bin/../lib/gcc/avr/5.4.0/../../../../avr/lib/avr5/crtatmega32u4.o
 .debug_str     0x00000371      0xc64 obj/main.o
                                0xd4c (size before relaxing)
 .debug_str     0x00000fd5      0x936 obj/Descriptors.o
                                0xb71 (size before relaxing)
 .debug_str     0x0000190b       0xbb obj/master.o
                                0x2e7 (size before relaxing)
 .debug_str     0x000019c6      0x2ad obj/HD44780.o
                                0x56a (size before relaxing)
 .debug_str     0x00001c73      0x1e8 obj/SHTC3.o
                                0x4d3 (size before relaxing)
 .debug_str     0x00001e5b       0x64 obj/RingBuffer.o
                                0x28f (size before relaxing)
 .debug_str     0x00001ebf      0x678 obj/EndpointStream_AVR8.o
                                0x852 (size before relaxing)
 .debug_str     0x00002537      0x2ad obj/Endpoint_AVR8.o
                                0x5ee (size before relaxing)
 .debug_str     0x000027e4      0x287 obj/USBController_AVR8.o
                                0x550 (size before relaxing)
 .debug_str     0x00002a6b      0x18a obj/USBInterrupt_AVR8.o
                                0x5cf (size before relaxing)
 .debug_str     0x00002bf5      0x418 obj/DeviceStandardReq.o
                                0x9a0 (size before relaxing)
 .debug_str     0x0000300d       0x50 obj/Events.o
                                0x1cf (size before relaxing)
 .debug_str     0x0000305d       0x3c obj/USBTask.o
                                0x376 (size before relaxing)
 .debug_str     0x00003099      0x29b obj/CDCClassDevice.o
                                0xa7b (size before relaxing)

.debug_loc      0x00000000     0x4f7c
 *(.debug_loc)
 .debug_loc     0x00000000      0x566 obj/main.o
 .debug_loc     0x00000566      0x186 obj/Descriptors.o
 .debug_loc     0x000006ec      0x426 obj/master.o
 .debug_loc     0x00000b12      0x76d obj/HD44780.o
 .debug_loc     0x0000127f      0x540 obj/SHTC3.o
 .debug_loc     0x000017bf      0x2cf obj/RingBuffer.o
 .debug_loc     0x00001a8e     0x1f65 obj/EndpointStream_AVR8.o
 .debug_loc     0x000039f3      0x2de obj/Endpoint_AVR8.o
 .debug_loc     0x00003cd1       0xd5 obj/USBController_AVR8.o
 .debug_loc     0x00003da6      0x3f4 obj/USBInterrupt_AVR8.o
 .debug_loc     0x0000419a      0x2f6 obj/DeviceStandardReq.o
 .debug_loc     0x00004490       0x49 obj/USBTask.o
 .debug_loc     0x000044d9      0xaa3 obj/CDCClassDevice.o

.debug_macinfo
 *(.debug_macinfo)

.debug_weaknames
 *(.debug_weaknames)

.debug_funcnames
 *(.debug_funcnames)

.debug_typenames
 *(.debug_typenames)

.debug_varnames
 *(.debug_varnames)

.debug_pubtypes
 *(.debug_pubtypes)

.debug_ranges   0x00000000      0x630
 *(.debug_ranges)
 .debug_ranges  0x00000000       0xe8 obj/main.o
 .debug_ranges  0x000000e8       0x28 obj/Descriptors.o
 .debug_ranges  0x00000110       0x68 obj/master.o
 .debug_ranges  0x00000178       0x70 obj/HD44780.o
 .debug_ranges  0x000001e8       0x60 obj/SHTC3.o
 .debug_ranges  0x00000248       0x50 obj/RingBuffer.o
 .debug_ranges  0x00000298      0x1f8 obj/EndpointStream_AVR8.o
 .debug_ranges  0x00000490       0x60 obj/Endpoint_AVR8.o
 .debug_ranges  0x000004f0       0x20 obj/USBController_AVR8.o
 .debug_ranges  0x00000510       0x28 obj/USBInterrupt_AVR8.o
 .debug_ranges  0x00000538       0x28 obj/DeviceStandardReq.o
 .debug_ranges  0x00000560       0x20 obj/Events.o
 .debug_ranges  0x00000580       0x10 obj/USBTask.o
 .debug_ranges  0x00000590       0xa0 obj/CDCClassDevice.o

.debug_macro
 *(.debug_macro)
OUTPUT(main.elf elf32-avr)
LOAD linker stubs

Cross Reference Table

Symbol                                            File
Audio_Device_ConfigureEndpoints                   obj/AudioClassDevice.o
Audio_Device_Event_Stub                           obj/AudioClassDevice.o
Audio_Device_ProcessControlRequest                obj/AudioClassDevice.o
CALLBACK_Audio_Device_GetSetEndpointProperty      obj/AudioClassDevice.o
CALLBACK_Audio_Device_GetSetInterfaceProperty     obj/AudioClassDevice.o
CALLBACK_CCID_Abort                               obj/CCIDClassDevice.o
CALLBACK_CCID_GetParameters_T0                    obj/CCIDClassDevice.o
CALLBACK_CCID_GetSlotStatus                       obj/CCIDClassDevice.o
CALLBACK_CCID_IccPowerOff                         obj/CCIDClassDevice.o
CALLBACK_CCID_IccPowerOn                          obj/CCIDClassDevice.o
CALLBACK_CCID_SetParameters_T0                    obj/CCIDClassDevice.o
CALLBACK_CCID_XfrBlock                            obj/CCIDClassDevice.o
CALLBACK_HIDParser_FilterHIDReportItem            obj/HIDParser.o
CALLBACK_HID_Device_CreateHIDReport               obj/HIDClassDevice.o
CALLBACK_HID_Device_ProcessHIDReport              obj/HIDClassDevice.o
CALLBACK_MS_Device_SCSICommandReceived            obj/MassStorageClassDevice.o
CALLBACK_USB_GetDescriptor                        obj/Descriptors.o
                                                  obj/DeviceStandardReq.o
CCID_CheckStatusNoError                           obj/CCIDClassDevice.o
CCID_Device_ConfigureEndpoints                    obj/CCIDClassDevice.o
CCID_Device_ProcessControlRequest                 obj/CCIDClassDevice.o
CCID_Device_USBTask                               obj/CCIDClassDevice.o
CDC_Device_BytesReceived                          obj/CDCClassDevice.o
CDC_Device_ConfigureEndpoints                     obj/CDCClassDevice.o
                                                  obj/main.o
CDC_Device_CreateBlockingStream                   obj/CDCClassDevice.o
CDC_Device_CreateStream                           obj/CDCClassDevice.o
                                                  obj/main.o
CDC_Device_Event_Stub                             obj/CDCClassDevice.o
CDC_Device_Event_Stub_2                           obj/CDCClassDevice.o
CDC_Device_Flush                                  obj/CDCClassDevice.o
CDC_Device_ProcessControlRequest                  obj/CDCClassDevice.o
                                                  obj/main.o
CDC_Device_ReceiveByte                            obj/CDCClassDevice.o
                                                  obj/main.o
CDC_Device_SendByte                               obj/CDCClassDevice.o
CDC_Device_SendControlLineStateChange             obj/CDCClassDevice.o
CDC_Device_SendData                               obj/CDCClassDevice.o
CDC_Device_SendData_P                             obj/CDCClassDevice.o
CDC_Device_SendString                             obj/CDCClassDevice.o
CDC_Device_SendString_P                           obj/CDCClassDevice.o
                                                  obj/main.o
CDC_Device_USBTask                                obj/CDCClassDevice.o
                                                  obj/main.o
ConfigurationDescriptor                           obj/Descriptors.o
Constants_EEMEM                                   obj/main.o
Constants_PROGMEM                                 obj/main.o
Corrections_EEMEM                                 obj/main.o
Corrections_PROGMEM                               obj/main.o
DeviceDescriptor                                  obj/Descriptors.o
EVENT_Audio_Device_StreamStartStop                obj/AudioClassDevice.o
EVENT_CDC_Device_BreakSent                        obj/CDCClassDevice.o
EVENT_CDC_Device_ControLineStateChanged           obj/main.o
EVENT_CDC_Device_LineEncodingChanged              obj/CDCClassDevice.o
EVENT_PRNT_Device_SoftReset                       obj/PrinterClassDevice.o
EVENT_USB_Device_ConfigurationChanged             obj/main.o
                                                  obj/DeviceStandardReq.o
EVENT_USB_Device_Connect                          obj/main.o
                                                  obj/USBInterrupt_AVR8.o
EVENT_USB_Device_ControlRequest                   obj/main.o
                                                  obj/DeviceStandardReq.o
EVENT_USB_Device_Disconnect                       obj/main.o
                                                  obj/USBInterrupt_AVR8.o
EVENT_USB_Device_Reset                            obj/Events.o
                                                  obj/USBInterrupt_AVR8.o
EVENT_USB_Device_StartOfFrame                     obj/Events.o
                                                  obj/USBInterrupt_AVR8.o
EVENT_USB_Device_Suspend                          obj/Events.o
                                                  obj/USBInterrupt_AVR8.o
EVENT_USB_Device_WakeUp                           obj/Events.o
                                                  obj/USBInterrupt_AVR8.o
Endpoint_ClearEndpoints                           obj/Endpoint_AVR8.o
Endpoint_ClearStatusStage                         obj/Endpoint_AVR8.o
                                                  obj/PrinterClassDevice.o
                                                  obj/MassStorageClassDevice.o
                                                  obj/HIDClassDevice.o
                                                  obj/CDCClassDevice.o
                                                  obj/AudioClassDevice.o
                                                  obj/DeviceStandardReq.o
Endpoint_ConfigureEndpointTable                   obj/Endpoint_AVR8.o
                                                  obj/RNDISClassDevice.o
                                                  obj/PrinterClassDevice.o
                                                  obj/MIDIClassDevice.o
                                                  obj/MassStorageClassDevice.o
                                                  obj/HIDClassDevice.o
                                                  obj/CDCClassDevice.o
                                                  obj/CCIDClassDevice.o
                                                  obj/AudioClassDevice.o
Endpoint_ConfigureEndpoint_Prv                    obj/Endpoint_AVR8.o
                                                  obj/USBInterrupt_AVR8.o
                                                  obj/USBController_AVR8.o
Endpoint_Discard_Stream                           obj/EndpointStream_AVR8.o
Endpoint_Null_Stream                              obj/EndpointStream_AVR8.o
Endpoint_Read_Control_EStream_BE                  obj/EndpointStream_AVR8.o
Endpoint_Read_Control_EStream_LE                  obj/EndpointStream_AVR8.o
Endpoint_Read_Control_Stream_BE                   obj/EndpointStream_AVR8.o
Endpoint_Read_Control_Stream_LE                   obj/EndpointStream_AVR8.o
                                                  obj/RNDISClassDevice.o
                                                  obj/HIDClassDevice.o
                                                  obj/AudioClassDevice.o
Endpoint_Read_EStream_BE                          obj/EndpointStream_AVR8.o
Endpoint_Read_EStream_LE                          obj/EndpointStream_AVR8.o
Endpoint_Read_Stream_BE                           obj/EndpointStream_AVR8.o
Endpoint_Read_Stream_LE                           obj/EndpointStream_AVR8.o
                                                  obj/RNDISClassDevice.o
                                                  obj/MIDIClassDevice.o
                                                  obj/MassStorageClassDevice.o
                                                  obj/CCIDClassDevice.o
Endpoint_WaitUntilReady                           obj/Endpoint_AVR8.o
                                                  obj/RNDISClassDevice.o
                                                  obj/PrinterClassDevice.o
                                                  obj/MIDIClassDevice.o
                                                  obj/CDCClassDevice.o
                                                  obj/EndpointStream_AVR8.o
Endpoint_Write_Control_EStream_BE                 obj/EndpointStream_AVR8.o
Endpoint_Write_Control_EStream_LE                 obj/EndpointStream_AVR8.o
Endpoint_Write_Control_PStream_BE                 obj/EndpointStream_AVR8.o
Endpoint_Write_Control_PStream_LE                 obj/EndpointStream_AVR8.o
                                                  obj/DeviceStandardReq.o
Endpoint_Write_Control_Stream_BE                  obj/EndpointStream_AVR8.o
Endpoint_Write_Control_Stream_LE                  obj/EndpointStream_AVR8.o
                                                  obj/RNDISClassDevice.o
                                                  obj/PrinterClassDevice.o
                                                  obj/HIDClassDevice.o
                                                  obj/AudioClassDevice.o
                                                  obj/DeviceStandardReq.o
Endpoint_Write_EStream_BE                         obj/EndpointStream_AVR8.o
Endpoint_Write_EStream_LE                         obj/EndpointStream_AVR8.o
Endpoint_Write_PStream_BE                         obj/EndpointStream_AVR8.o
Endpoint_Write_PStream_LE                         obj/EndpointStream_AVR8.o
                                                  obj/CDCClassDevice.o
Endpoint_Write_Stream_BE                          obj/EndpointStream_AVR8.o
Endpoint_Write_Stream_LE                          obj/EndpointStream_AVR8.o
                                                  obj/RNDISClassDevice.o
                                                  obj/PrinterClassDevice.o
                                                  obj/MIDIClassDevice.o
                                                  obj/MassStorageClassDevice.o
                                                  obj/HIDClassDevice.o
                                                  obj/CDCClassDevice.o
                                                  obj/CCIDClassDevice.o
HID_Device_ConfigureEndpoints                     obj/HIDClassDevice.o
HID_Device_ProcessControlRequest                  obj/HIDClassDevice.o
HID_Device_USBTask                                obj/HIDClassDevice.o
LanguageString                                    obj/Descriptors.o
MIDI_Device_ConfigureEndpoints                    obj/MIDIClassDevice.o
MIDI_Device_Flush                                 obj/MIDIClassDevice.o
MIDI_Device_ReceiveEventPacket                    obj/MIDIClassDevice.o
MIDI_Device_SendEventPacket                       obj/MIDIClassDevice.o
MIDI_Device_USBTask                               obj/MIDIClassDevice.o
MS_Device_ConfigureEndpoints                      obj/MassStorageClassDevice.o
MS_Device_ProcessControlRequest                   obj/MassStorageClassDevice.o
MS_Device_USBTask                                 obj/MassStorageClassDevice.o
ManufacturerString                                obj/Descriptors.o
PRNT_Device_BytesReceived                         obj/PrinterClassDevice.o
PRNT_Device_ConfigureEndpoints                    obj/PrinterClassDevice.o
PRNT_Device_CreateBlockingStream                  obj/PrinterClassDevice.o
PRNT_Device_CreateStream                          obj/PrinterClassDevice.o
PRNT_Device_Event_Stub                            obj/PrinterClassDevice.o
PRNT_Device_Flush                                 obj/PrinterClassDevice.o
PRNT_Device_ProcessControlRequest                 obj/PrinterClassDevice.o
PRNT_Device_ReceiveByte                           obj/PrinterClassDevice.o
PRNT_Device_SendByte                              obj/PrinterClassDevice.o
PRNT_Device_SendData                              obj/PrinterClassDevice.o
PRNT_Device_SendString                            obj/PrinterClassDevice.o
PRNT_Device_USBTask                               obj/PrinterClassDevice.o
ProductString                                     obj/Descriptors.o
RNDIS_Device_ConfigureEndpoints                   obj/RNDISClassDevice.o
RNDIS_Device_IsPacketReceived                     obj/RNDISClassDevice.o
RNDIS_Device_ProcessControlRequest                obj/RNDISClassDevice.o
RNDIS_Device_ReadPacket                           obj/RNDISClassDevice.o
RNDIS_Device_SendPacket                           obj/RNDISClassDevice.o
RNDIS_Device_USBTask                              obj/RNDISClassDevice.o
RingBuffer_Capacity                               obj/RingBuffer.o
RingBuffer_Clear                                  obj/RingBuffer.o
                                                  obj/main.o
RingBuffer_Get                                    obj/RingBuffer.o
RingBuffer_GetAsString                            obj/RingBuffer.o
                                                  obj/main.o
RingBuffer_Init                                   obj/RingBuffer.o
                                                  obj/main.o
RingBuffer_Insert                                 obj/RingBuffer.o
                                                  obj/main.o
RingBuffer_IsFull                                 obj/RingBuffer.o
                                                  obj/main.o
RingBuffer_LastInsert                             obj/RingBuffer.o
RingBuffer_Size                                   obj/RingBuffer.o
                                                  obj/main.o
System                                            obj/main.o
USB_ControlRequest                                obj/USBTask.o
                                                  obj/RNDISClassDevice.o
                                                  obj/PrinterClassDevice.o
                                                  obj/MassStorageClassDevice.o
                                                  obj/HIDClassDevice.o
                                                  obj/CDCClassDevice.o
                                                  obj/CCIDClassDevice.o
                                                  obj/AudioClassDevice.o
                                                  obj/DeviceStandardReq.o
                                                  obj/Endpoint_AVR8.o
                                                  obj/EndpointStream_AVR8.o
USB_Device_ConfigurationNumber                    obj/DeviceStandardReq.o
                                                  obj/USBInterrupt_AVR8.o
                                                  obj/USBController_AVR8.o
USB_Device_CurrentlySelfPowered                   obj/DeviceStandardReq.o
                                                  obj/USBController_AVR8.o
USB_Device_ProcessControlRequest                  obj/DeviceStandardReq.o
                                                  obj/USBTask.o
                                                  obj/USBInterrupt_AVR8.o
USB_Device_RemoteWakeupEnabled                    obj/DeviceStandardReq.o
                                                  obj/USBController_AVR8.o
USB_Device_SendRemoteWakeup                       obj/Device_AVR8.o
USB_Disable                                       obj/USBController_AVR8.o
USB_Event_Stub                                    obj/Events.o
USB_Event_Stub_2                                  obj/Events.o
USB_Event_Stub_3                                  obj/Events.o
USB_GetHIDReportItemInfo                          obj/HIDParser.o
USB_GetHIDReportSize                              obj/HIDParser.o
USB_GetNextDescriptorComp                         obj/ConfigDescriptors.o
USB_GetNextDescriptorOfType                       obj/ConfigDescriptors.o
USB_GetNextDescriptorOfTypeAfter                  obj/ConfigDescriptors.o
USB_GetNextDescriptorOfTypeBefore                 obj/ConfigDescriptors.o
USB_INT_ClearAllInterrupts                        obj/USBInterrupt_AVR8.o
                                                  obj/USBController_AVR8.o
USB_INT_DisableAllInterrupts                      obj/USBInterrupt_AVR8.o
                                                  obj/USBController_AVR8.o
USB_Init                                          obj/USBController_AVR8.o
                                                  obj/main.o
USB_IsInitialized                                 obj/USBTask.o
                                                  obj/USBController_AVR8.o
USB_ProcessHIDReport                              obj/HIDParser.o
USB_ResetInterface                                obj/USBController_AVR8.o
USB_SetHIDReportItemInfo                          obj/HIDParser.o
USB_USBTask                                       obj/USBTask.o
                                                  obj/PrinterClassDevice.o
                                                  obj/CDCClassDevice.o
                                                  obj/main.o
VirtualSerial_CDC_Interface                       obj/main.o
__FUSE_REGION_LENGTH__                            c:/users/boro/documents/mkclipse/avr toolchain/bin/../lib/gcc/avr/5.4.0/../../../../avr/lib/avr5/crtatmega32u4.o
__addsf3                                          c:/users/boro/documents/mkclipse/avr toolchain/bin/../lib/gcc/avr/5.4.0/../../../../avr/lib/avr5\libm.a(addsf3.o)
                                                  obj/main.o
__addsf3x                                         c:/users/boro/documents/mkclipse/avr toolchain/bin/../lib/gcc/avr/5.4.0/../../../../avr/lib/avr5\libm.a(addsf3x.o)
                                                  c:/users/boro/documents/mkclipse/avr toolchain/bin/../lib/gcc/avr/5.4.0/../../../../avr/lib/avr5\libm.a(addsf3.o)
__bad_interrupt                                   c:/users/boro/documents/mkclipse/avr toolchain/bin/../lib/gcc/avr/5.4.0/../../../../avr/lib/avr5/crtatmega32u4.o
__bss_end                                         c:/users/boro/documents/mkclipse/avr toolchain/bin/../lib/gcc/avr/5.4.0/avr5\libgcc.a(_clear_bss.o)
__bss_start                                       c:/users/boro/documents/mkclipse/avr toolchain/bin/../lib/gcc/avr/5.4.0/avr5\libgcc.a(_clear_bss.o)
__cmpsf2                                          c:/users/boro/documents/mkclipse/avr toolchain/bin/../lib/gcc/avr/5.4.0/../../../../avr/lib/avr5\libc.a(cmpsf2.o)
__ctype_isfalse                                   c:/users/boro/documents/mkclipse/avr toolchain/bin/../lib/gcc/avr/5.4.0/../../../../avr/lib/avr5\libc.a(cty_isfalse.o)
                                                  c:/users/boro/documents/mkclipse/avr toolchain/bin/../lib/gcc/avr/5.4.0/../../../../avr/lib/avr5\libc.a(isspace.o)
__ctype_istrue                                    c:/users/boro/documents/mkclipse/avr toolchain/bin/../lib/gcc/avr/5.4.0/../../../../avr/lib/avr5\libc.a(cty_isfalse.o)
__data_end                                        c:/users/boro/documents/mkclipse/avr toolchain/bin/../lib/gcc/avr/5.4.0/avr5\libgcc.a(_copy_data.o)
__data_load_start                                 c:/users/boro/documents/mkclipse/avr toolchain/bin/../lib/gcc/avr/5.4.0/avr5\libgcc.a(_copy_data.o)
__data_start                                      c:/users/boro/documents/mkclipse/avr toolchain/bin/../lib/gcc/avr/5.4.0/avr5\libgcc.a(_copy_data.o)
__divmodhi4                                       c:/users/boro/documents/mkclipse/avr toolchain/bin/../lib/gcc/avr/5.4.0/avr5\libgcc.a(_divmodhi4.o)
                                                  obj/main.o
__divsf3                                          c:/users/boro/documents/mkclipse/avr toolchain/bin/../lib/gcc/avr/5.4.0/../../../../avr/lib/avr5\libm.a(divsf3.o)
                                                  obj/SHTC3.o
                                                  obj/main.o
__divsf3_pse                                      c:/users/boro/documents/mkclipse/avr toolchain/bin/../lib/gcc/avr/5.4.0/../../../../avr/lib/avr5\libm.a(divsf3x.o)
__divsf3x                                         c:/users/boro/documents/mkclipse/avr toolchain/bin/../lib/gcc/avr/5.4.0/../../../../avr/lib/avr5\libm.a(divsf3x.o)
                                                  c:/users/boro/documents/mkclipse/avr toolchain/bin/../lib/gcc/avr/5.4.0/../../../../avr/lib/avr5\libm.a(divsf3.o)
__do_clear_bss                                    c:/users/boro/documents/mkclipse/avr toolchain/bin/../lib/gcc/avr/5.4.0/avr5\libgcc.a(_clear_bss.o)
                                                  c:/users/boro/documents/mkclipse/avr toolchain/bin/../lib/gcc/avr/5.4.0/../../../../avr/lib/avr5\libc.a(errno.o)
                                                  obj/USBTask.o
                                                  obj/DeviceStandardReq.o
                                                  obj/SHTC3.o
                                                  obj/HD44780.o
                                                  obj/master.o
                                                  obj/main.o
__do_copy_data                                    c:/users/boro/documents/mkclipse/avr toolchain/bin/../lib/gcc/avr/5.4.0/avr5\libgcc.a(_copy_data.o)
                                                  obj/RNDISClassDevice.o
                                                  obj/CDCClassDevice.o
                                                  obj/main.o
__eerd_block_m32u4                                c:/users/boro/documents/mkclipse/avr toolchain/bin/../lib/gcc/avr/5.4.0/../../../../avr/lib/avr5\libc.a(eerd_block_atmega32u4.o)
                                                  obj/main.o
__eerd_blraw_m32u4                                c:/users/boro/documents/mkclipse/avr toolchain/bin/../lib/gcc/avr/5.4.0/../../../../avr/lib/avr5\libc.a(eerd_block_atmega32u4.o)
__eerd_byte_m32u4                                 c:/users/boro/documents/mkclipse/avr toolchain/bin/../lib/gcc/avr/5.4.0/../../../../avr/lib/avr5\libc.a(eerd_byte_atmega32u4.o)
                                                  obj/EndpointStream_AVR8.o
__eeupd_block_m32u4                               c:/users/boro/documents/mkclipse/avr toolchain/bin/../lib/gcc/avr/5.4.0/../../../../avr/lib/avr5\libc.a(eeupd_block_atmega32u4.o)
                                                  obj/main.o
__eeupd_byte_m32u4                                c:/users/boro/documents/mkclipse/avr toolchain/bin/../lib/gcc/avr/5.4.0/../../../../avr/lib/avr5\libc.a(eeupd_byte_atmega32u4.o)
                                                  obj/EndpointStream_AVR8.o
__eeupd_r18_m32u4                                 c:/users/boro/documents/mkclipse/avr toolchain/bin/../lib/gcc/avr/5.4.0/../../../../avr/lib/avr5\libc.a(eeupd_byte_atmega32u4.o)
                                                  c:/users/boro/documents/mkclipse/avr toolchain/bin/../lib/gcc/avr/5.4.0/../../../../avr/lib/avr5\libc.a(eeupd_block_atmega32u4.o)
__epilogue_restores__                             c:/users/boro/documents/mkclipse/avr toolchain/bin/../lib/gcc/avr/5.4.0/avr5\libgcc.a(_epilogue.o)
                                                  c:/users/boro/documents/mkclipse/avr toolchain/bin/../lib/gcc/avr/5.4.0/../../../../avr/lib/avr5\libc.a(vfprintf_std.o)
                                                  c:/users/boro/documents/mkclipse/avr toolchain/bin/../lib/gcc/avr/5.4.0/../../../../avr/lib/avr5\libc.a(fprintf_p.o)
                                                  c:/users/boro/documents/mkclipse/avr toolchain/bin/../lib/gcc/avr/5.4.0/../../../../avr/lib/avr5\libc.a(strtod.o)
__eqsf2                                           c:/users/boro/documents/mkclipse/avr toolchain/bin/../lib/gcc/avr/5.4.0/../../../../avr/lib/avr5\libc.a(cmpsf2.o)
                                                  c:/users/boro/documents/mkclipse/avr toolchain/bin/../lib/gcc/avr/5.4.0/../../../../avr/lib/avr5\libc.a(strtod.o)
__fixsfsi                                         c:/users/boro/documents/mkclipse/avr toolchain/bin/../lib/gcc/avr/5.4.0/../../../../avr/lib/avr5\libm.a(fixsfsi.o)
                                                  obj/main.o
__fixunssfsi                                      c:/users/boro/documents/mkclipse/avr toolchain/bin/../lib/gcc/avr/5.4.0/../../../../avr/lib/avr5\libm.a(fixunssfsi.o)
                                                  c:/users/boro/documents/mkclipse/avr toolchain/bin/../lib/gcc/avr/5.4.0/../../../../avr/lib/avr5\libm.a(fixsfsi.o)
__floatsisf                                       c:/users/boro/documents/mkclipse/avr toolchain/bin/../lib/gcc/avr/5.4.0/../../../../avr/lib/avr5\libm.a(floatsisf.o)
                                                  obj/main.o
__floatunsisf                                     c:/users/boro/documents/mkclipse/avr toolchain/bin/../lib/gcc/avr/5.4.0/../../../../avr/lib/avr5\libm.a(floatsisf.o)
                                                  c:/users/boro/documents/mkclipse/avr toolchain/bin/../lib/gcc/avr/5.4.0/../../../../avr/lib/avr5\libc.a(strtod.o)
                                                  obj/SHTC3.o
                                                  obj/main.o
__fp_cmp                                          c:/users/boro/documents/mkclipse/avr toolchain/bin/../lib/gcc/avr/5.4.0/../../../../avr/lib/avr5\libc.a(fp_cmp.o)
                                                  c:/users/boro/documents/mkclipse/avr toolchain/bin/../lib/gcc/avr/5.4.0/../../../../avr/lib/avr5\libc.a(cmpsf2.o)
__fp_inf                                          c:/users/boro/documents/mkclipse/avr toolchain/bin/../lib/gcc/avr/5.4.0/../../../../avr/lib/avr5\libm.a(fp_inf.o)
                                                  c:/users/boro/documents/mkclipse/avr toolchain/bin/../lib/gcc/avr/5.4.0/../../../../avr/lib/avr5\libm.a(mulsf3x.o)
                                                  c:/users/boro/documents/mkclipse/avr toolchain/bin/../lib/gcc/avr/5.4.0/../../../../avr/lib/avr5\libm.a(divsf3x.o)
                                                  c:/users/boro/documents/mkclipse/avr toolchain/bin/../lib/gcc/avr/5.4.0/../../../../avr/lib/avr5\libm.a(addsf3x.o)
__fp_nan                                          c:/users/boro/documents/mkclipse/avr toolchain/bin/../lib/gcc/avr/5.4.0/../../../../avr/lib/avr5\libm.a(fp_nan.o)
                                                  c:/users/boro/documents/mkclipse/avr toolchain/bin/../lib/gcc/avr/5.4.0/../../../../avr/lib/avr5\libm.a(mulsf3x.o)
                                                  c:/users/boro/documents/mkclipse/avr toolchain/bin/../lib/gcc/avr/5.4.0/../../../../avr/lib/avr5\libm.a(divsf3x.o)
                                                  c:/users/boro/documents/mkclipse/avr toolchain/bin/../lib/gcc/avr/5.4.0/../../../../avr/lib/avr5\libm.a(addsf3x.o)
__fp_pscA                                         c:/users/boro/documents/mkclipse/avr toolchain/bin/../lib/gcc/avr/5.4.0/../../../../avr/lib/avr5\libm.a(fp_pscA.o)
                                                  c:/users/boro/documents/mkclipse/avr toolchain/bin/../lib/gcc/avr/5.4.0/../../../../avr/lib/avr5\libm.a(mulsf3x.o)
                                                  c:/users/boro/documents/mkclipse/avr toolchain/bin/../lib/gcc/avr/5.4.0/../../../../avr/lib/avr5\libm.a(divsf3x.o)
                                                  c:/users/boro/documents/mkclipse/avr toolchain/bin/../lib/gcc/avr/5.4.0/../../../../avr/lib/avr5\libm.a(addsf3x.o)
__fp_pscB                                         c:/users/boro/documents/mkclipse/avr toolchain/bin/../lib/gcc/avr/5.4.0/../../../../avr/lib/avr5\libm.a(fp_pscB.o)
                                                  c:/users/boro/documents/mkclipse/avr toolchain/bin/../lib/gcc/avr/5.4.0/../../../../avr/lib/avr5\libm.a(mulsf3x.o)
                                                  c:/users/boro/documents/mkclipse/avr toolchain/bin/../lib/gcc/avr/5.4.0/../../../../avr/lib/avr5\libm.a(divsf3x.o)
                                                  c:/users/boro/documents/mkclipse/avr toolchain/bin/../lib/gcc/avr/5.4.0/../../../../avr/lib/avr5\libm.a(addsf3x.o)
__fp_round                                        c:/users/boro/documents/mkclipse/avr toolchain/bin/../lib/gcc/avr/5.4.0/../../../../avr/lib/avr5\libm.a(fp_round.o)
                                                  c:/users/boro/documents/mkclipse/avr toolchain/bin/../lib/gcc/avr/5.4.0/../../../../avr/lib/avr5\libm.a(mulsf3.o)
                                                  c:/users/boro/documents/mkclipse/avr toolchain/bin/../lib/gcc/avr/5.4.0/../../../../avr/lib/avr5\libm.a(divsf3.o)
                                                  c:/users/boro/documents/mkclipse/avr toolchain/bin/../lib/gcc/avr/5.4.0/../../../../avr/lib/avr5\libm.a(addsf3.o)
__fp_split3                                       c:/users/boro/documents/mkclipse/avr toolchain/bin/../lib/gcc/avr/5.4.0/../../../../avr/lib/avr5\libm.a(fp_split3.o)
                                                  c:/users/boro/documents/mkclipse/avr toolchain/bin/../lib/gcc/avr/5.4.0/../../../../avr/lib/avr5\libm.a(mulsf3x.o)
                                                  c:/users/boro/documents/mkclipse/avr toolchain/bin/../lib/gcc/avr/5.4.0/../../../../avr/lib/avr5\libm.a(divsf3x.o)
                                                  c:/users/boro/documents/mkclipse/avr toolchain/bin/../lib/gcc/avr/5.4.0/../../../../avr/lib/avr5\libm.a(addsf3x.o)
__fp_splitA                                       c:/users/boro/documents/mkclipse/avr toolchain/bin/../lib/gcc/avr/5.4.0/../../../../avr/lib/avr5\libm.a(fp_split3.o)
                                                  c:/users/boro/documents/mkclipse/avr toolchain/bin/../lib/gcc/avr/5.4.0/../../../../avr/lib/avr5\libm.a(fixunssfsi.o)
__fp_szero                                        c:/users/boro/documents/mkclipse/avr toolchain/bin/../lib/gcc/avr/5.4.0/../../../../avr/lib/avr5\libm.a(fp_zero.o)
                                                  c:/users/boro/documents/mkclipse/avr toolchain/bin/../lib/gcc/avr/5.4.0/../../../../avr/lib/avr5\libm.a(mulsf3x.o)
                                                  c:/users/boro/documents/mkclipse/avr toolchain/bin/../lib/gcc/avr/5.4.0/../../../../avr/lib/avr5\libm.a(fixsfsi.o)
                                                  c:/users/boro/documents/mkclipse/avr toolchain/bin/../lib/gcc/avr/5.4.0/../../../../avr/lib/avr5\libm.a(divsf3x.o)
__fp_zero                                         c:/users/boro/documents/mkclipse/avr toolchain/bin/../lib/gcc/avr/5.4.0/../../../../avr/lib/avr5\libm.a(fp_zero.o)
                                                  c:/users/boro/documents/mkclipse/avr toolchain/bin/../lib/gcc/avr/5.4.0/../../../../avr/lib/avr5\libm.a(fixunssfsi.o)
                                                  c:/users/boro/documents/mkclipse/avr toolchain/bin/../lib/gcc/avr/5.4.0/../../../../avr/lib/avr5\libm.a(addsf3x.o)
__ftoa_engine                                     c:/users/boro/documents/mkclipse/avr toolchain/bin/../lib/gcc/avr/5.4.0/../../../../avr/lib/avr5\libc.a(ftoa_engine.o)
                                                  c:/users/boro/documents/mkclipse/avr toolchain/bin/../lib/gcc/avr/5.4.0/../../../../avr/lib/avr5\libc.a(dtoa_prf.o)
__heap_end                                        c:/users/boro/documents/mkclipse/avr toolchain/bin/../lib/gcc/avr/5.4.0/../../../../avr/lib/avr5/crtatmega32u4.o
__init                                            c:/users/boro/documents/mkclipse/avr toolchain/bin/../lib/gcc/avr/5.4.0/../../../../avr/lib/avr5/crtatmega32u4.o
__lesf2                                           c:/users/boro/documents/mkclipse/avr toolchain/bin/../lib/gcc/avr/5.4.0/../../../../avr/lib/avr5\libc.a(cmpsf2.o)
__ltsf2                                           c:/users/boro/documents/mkclipse/avr toolchain/bin/../lib/gcc/avr/5.4.0/../../../../avr/lib/avr5\libc.a(cmpsf2.o)
__mulsf3                                          c:/users/boro/documents/mkclipse/avr toolchain/bin/../lib/gcc/avr/5.4.0/../../../../avr/lib/avr5\libm.a(mulsf3.o)
                                                  c:/users/boro/documents/mkclipse/avr toolchain/bin/../lib/gcc/avr/5.4.0/../../../../avr/lib/avr5\libc.a(strtod.o)
                                                  obj/SHTC3.o
                                                  obj/main.o
__mulsf3_pse                                      c:/users/boro/documents/mkclipse/avr toolchain/bin/../lib/gcc/avr/5.4.0/../../../../avr/lib/avr5\libm.a(mulsf3x.o)
__mulsf3x                                         c:/users/boro/documents/mkclipse/avr toolchain/bin/../lib/gcc/avr/5.4.0/../../../../avr/lib/avr5\libm.a(mulsf3x.o)
                                                  c:/users/boro/documents/mkclipse/avr toolchain/bin/../lib/gcc/avr/5.4.0/../../../../avr/lib/avr5\libm.a(mulsf3.o)
__mulsi3                                          c:/users/boro/documents/mkclipse/avr toolchain/bin/../lib/gcc/avr/5.4.0/avr5\libgcc.a(_mulsi3.o)
                                                  c:/users/boro/documents/mkclipse/avr toolchain/bin/../lib/gcc/avr/5.4.0/../../../../avr/lib/avr5\libc.a(strtoul.o)
__muluhisi3                                       c:/users/boro/documents/mkclipse/avr toolchain/bin/../lib/gcc/avr/5.4.0/avr5\libgcc.a(_muluhisi3.o)
                                                  c:/users/boro/documents/mkclipse/avr toolchain/bin/../lib/gcc/avr/5.4.0/avr5\libgcc.a(_mulsi3.o)
                                                  c:/users/boro/documents/mkclipse/avr toolchain/bin/../lib/gcc/avr/5.4.0/../../../../avr/lib/avr5\libc.a(strtod.o)
__nesf2                                           c:/users/boro/documents/mkclipse/avr toolchain/bin/../lib/gcc/avr/5.4.0/../../../../avr/lib/avr5\libc.a(cmpsf2.o)
                                                  c:/users/boro/documents/mkclipse/avr toolchain/bin/../lib/gcc/avr/5.4.0/../../../../avr/lib/avr5\libc.a(strtod.o)
__prologue_saves__                                c:/users/boro/documents/mkclipse/avr toolchain/bin/../lib/gcc/avr/5.4.0/avr5\libgcc.a(_prologue.o)
                                                  c:/users/boro/documents/mkclipse/avr toolchain/bin/../lib/gcc/avr/5.4.0/../../../../avr/lib/avr5\libc.a(vfprintf_std.o)
                                                  c:/users/boro/documents/mkclipse/avr toolchain/bin/../lib/gcc/avr/5.4.0/../../../../avr/lib/avr5\libc.a(fprintf_p.o)
                                                  c:/users/boro/documents/mkclipse/avr toolchain/bin/../lib/gcc/avr/5.4.0/../../../../avr/lib/avr5\libc.a(strtod.o)
__stack                                           c:/users/boro/documents/mkclipse/avr toolchain/bin/../lib/gcc/avr/5.4.0/../../../../avr/lib/avr5/crtatmega32u4.o
__strlen_P                                        c:/users/boro/documents/mkclipse/avr toolchain/bin/../lib/gcc/avr/5.4.0/../../../../avr/lib/avr5\libc.a(strlen_P.o)
                                                  obj/CDCClassDevice.o
__subsf3                                          c:/users/boro/documents/mkclipse/avr toolchain/bin/../lib/gcc/avr/5.4.0/../../../../avr/lib/avr5\libm.a(addsf3.o)
                                                  obj/SHTC3.o
                                                  obj/main.o
__udivmodhi4                                      c:/users/boro/documents/mkclipse/avr toolchain/bin/../lib/gcc/avr/5.4.0/avr5\libgcc.a(_udivmodhi4.o)
                                                  c:/users/boro/documents/mkclipse/avr toolchain/bin/../lib/gcc/avr/5.4.0/avr5\libgcc.a(_divmodhi4.o)
__udivmodsi4                                      c:/users/boro/documents/mkclipse/avr toolchain/bin/../lib/gcc/avr/5.4.0/avr5\libgcc.a(_udivmodsi4.o)
                                                  c:/users/boro/documents/mkclipse/avr toolchain/bin/../lib/gcc/avr/5.4.0/../../../../avr/lib/avr5\libc.a(strtoul.o)
                                                  obj/master.o
__ultoa_invert                                    c:/users/boro/documents/mkclipse/avr toolchain/bin/../lib/gcc/avr/5.4.0/../../../../avr/lib/avr5\libc.a(ultoa_invert.o)
                                                  c:/users/boro/documents/mkclipse/avr toolchain/bin/../lib/gcc/avr/5.4.0/../../../../avr/lib/avr5\libc.a(vfprintf_std.o)
__umulhisi3                                       c:/users/boro/documents/mkclipse/avr toolchain/bin/../lib/gcc/avr/5.4.0/avr5\libgcc.a(_umulhisi3.o)
                                                  c:/users/boro/documents/mkclipse/avr toolchain/bin/../lib/gcc/avr/5.4.0/avr5\libgcc.a(_muluhisi3.o)
__vector_1                                        c:/users/boro/documents/mkclipse/avr toolchain/bin/../lib/gcc/avr/5.4.0/../../../../avr/lib/avr5/crtatmega32u4.o
__vector_10                                       obj/USBInterrupt_AVR8.o
                                                  c:/users/boro/documents/mkclipse/avr toolchain/bin/../lib/gcc/avr/5.4.0/../../../../avr/lib/avr5/crtatmega32u4.o
__vector_11                                       obj/USBInterrupt_AVR8.o
                                                  c:/users/boro/documents/mkclipse/avr toolchain/bin/../lib/gcc/avr/5.4.0/../../../../avr/lib/avr5/crtatmega32u4.o
__vector_12                                       c:/users/boro/documents/mkclipse/avr toolchain/bin/../lib/gcc/avr/5.4.0/../../../../avr/lib/avr5/crtatmega32u4.o
__vector_13                                       c:/users/boro/documents/mkclipse/avr toolchain/bin/../lib/gcc/avr/5.4.0/../../../../avr/lib/avr5/crtatmega32u4.o
__vector_14                                       c:/users/boro/documents/mkclipse/avr toolchain/bin/../lib/gcc/avr/5.4.0/../../../../avr/lib/avr5/crtatmega32u4.o
__vector_15                                       c:/users/boro/documents/mkclipse/avr toolchain/bin/../lib/gcc/avr/5.4.0/../../../../avr/lib/avr5/crtatmega32u4.o
__vector_16                                       obj/main.o
                                                  c:/users/boro/documents/mkclipse/avr toolchain/bin/../lib/gcc/avr/5.4.0/../../../../avr/lib/avr5/crtatmega32u4.o
__vector_17                                       c:/users/boro/documents/mkclipse/avr toolchain/bin/../lib/gcc/avr/5.4.0/../../../../avr/lib/avr5/crtatmega32u4.o
__vector_18                                       c:/users/boro/documents/mkclipse/avr toolchain/bin/../lib/gcc/avr/5.4.0/../../../../avr/lib/avr5/crtatmega32u4.o
__vector_19                                       c:/users/boro/documents/mkclipse/avr toolchain/bin/../lib/gcc/avr/5.4.0/../../../../avr/lib/avr5/crtatmega32u4.o
__vector_2                                        c:/users/boro/documents/mkclipse/avr toolchain/bin/../lib/gcc/avr/5.4.0/../../../../avr/lib/avr5/crtatmega32u4.o
__vector_20                                       obj/main.o
                                                  c:/users/boro/documents/mkclipse/avr toolchain/bin/../lib/gcc/avr/5.4.0/../../../../avr/lib/avr5/crtatmega32u4.o
__vector_21                                       c:/users/boro/documents/mkclipse/avr toolchain/bin/../lib/gcc/avr/5.4.0/../../../../avr/lib/avr5/crtatmega32u4.o
__vector_22                                       c:/users/boro/documents/mkclipse/avr toolchain/bin/../lib/gcc/avr/5.4.0/../../../../avr/lib/avr5/crtatmega32u4.o
__vector_23                                       c:/users/boro/documents/mkclipse/avr toolchain/bin/../lib/gcc/avr/5.4.0/../../../../avr/lib/avr5/crtatmega32u4.o
__vector_24                                       c:/users/boro/documents/mkclipse/avr toolchain/bin/../lib/gcc/avr/5.4.0/../../../../avr/lib/avr5/crtatmega32u4.o
__vector_25                                       c:/users/boro/documents/mkclipse/avr toolchain/bin/../lib/gcc/avr/5.4.0/../../../../avr/lib/avr5/crtatmega32u4.o
__vector_26                                       c:/users/boro/documents/mkclipse/avr toolchain/bin/../lib/gcc/avr/5.4.0/../../../../avr/lib/avr5/crtatmega32u4.o
__vector_27                                       c:/users/boro/documents/mkclipse/avr toolchain/bin/../lib/gcc/avr/5.4.0/../../../../avr/lib/avr5/crtatmega32u4.o
__vector_28                                       c:/users/boro/documents/mkclipse/avr toolchain/bin/../lib/gcc/avr/5.4.0/../../../../avr/lib/avr5/crtatmega32u4.o
__vector_29                                       c:/users/boro/documents/mkclipse/avr toolchain/bin/../lib/gcc/avr/5.4.0/../../../../avr/lib/avr5/crtatmega32u4.o
__vector_3                                        c:/users/boro/documents/mkclipse/avr toolchain/bin/../lib/gcc/avr/5.4.0/../../../../avr/lib/avr5/crtatmega32u4.o
__vector_30                                       c:/users/boro/documents/mkclipse/avr toolchain/bin/../lib/gcc/avr/5.4.0/../../../../avr/lib/avr5/crtatmega32u4.o
__vector_31                                       c:/users/boro/documents/mkclipse/avr toolchain/bin/../lib/gcc/avr/5.4.0/../../../../avr/lib/avr5/crtatmega32u4.o
__vector_32                                       c:/users/boro/documents/mkclipse/avr toolchain/bin/../lib/gcc/avr/5.4.0/../../../../avr/lib/avr5/crtatmega32u4.o
__vector_33                                       c:/users/boro/documents/mkclipse/avr toolchain/bin/../lib/gcc/avr/5.4.0/../../../../avr/lib/avr5/crtatmega32u4.o
__vector_34                                       c:/users/boro/documents/mkclipse/avr toolchain/bin/../lib/gcc/avr/5.4.0/../../../../avr/lib/avr5/crtatmega32u4.o
__vector_35                                       c:/users/boro/documents/mkclipse/avr toolchain/bin/../lib/gcc/avr/5.4.0/../../../../avr/lib/avr5/crtatmega32u4.o
__vector_36                                       c:/users/boro/documents/mkclipse/avr toolchain/bin/../lib/gcc/avr/5.4.0/../../../../avr/lib/avr5/crtatmega32u4.o
__vector_37                                       c:/users/boro/documents/mkclipse/avr toolchain/bin/../lib/gcc/avr/5.4.0/../../../../avr/lib/avr5/crtatmega32u4.o
__vector_38                                       c:/users/boro/documents/mkclipse/avr toolchain/bin/../lib/gcc/avr/5.4.0/../../../../avr/lib/avr5/crtatmega32u4.o
__vector_39                                       c:/users/boro/documents/mkclipse/avr toolchain/bin/../lib/gcc/avr/5.4.0/../../../../avr/lib/avr5/crtatmega32u4.o
__vector_4                                        c:/users/boro/documents/mkclipse/avr toolchain/bin/../lib/gcc/avr/5.4.0/../../../../avr/lib/avr5/crtatmega32u4.o
__vector_40                                       c:/users/boro/documents/mkclipse/avr toolchain/bin/../lib/gcc/avr/5.4.0/../../../../avr/lib/avr5/crtatmega32u4.o
__vector_41                                       c:/users/boro/documents/mkclipse/avr toolchain/bin/../lib/gcc/avr/5.4.0/../../../../avr/lib/avr5/crtatmega32u4.o
__vector_42                                       c:/users/boro/documents/mkclipse/avr toolchain/bin/../lib/gcc/avr/5.4.0/../../../../avr/lib/avr5/crtatmega32u4.o
__vector_5                                        c:/users/boro/documents/mkclipse/avr toolchain/bin/../lib/gcc/avr/5.4.0/../../../../avr/lib/avr5/crtatmega32u4.o
__vector_6                                        c:/users/boro/documents/mkclipse/avr toolchain/bin/../lib/gcc/avr/5.4.0/../../../../avr/lib/avr5/crtatmega32u4.o
__vector_7                                        c:/users/boro/documents/mkclipse/avr toolchain/bin/../lib/gcc/avr/5.4.0/../../../../avr/lib/avr5/crtatmega32u4.o
__vector_8                                        c:/users/boro/documents/mkclipse/avr toolchain/bin/../lib/gcc/avr/5.4.0/../../../../avr/lib/avr5/crtatmega32u4.o
__vector_9                                        c:/users/boro/documents/mkclipse/avr toolchain/bin/../lib/gcc/avr/5.4.0/../../../../avr/lib/avr5/crtatmega32u4.o
__vector_default                                  c:/users/boro/documents/mkclipse/avr toolchain/bin/../lib/gcc/avr/5.4.0/../../../../avr/lib/avr5/crtatmega32u4.o
__vectors                                         c:/users/boro/documents/mkclipse/avr toolchain/bin/../lib/gcc/avr/5.4.0/../../../../avr/lib/avr5/crtatmega32u4.o
_div                                              c:/users/boro/documents/mkclipse/avr toolchain/bin/../lib/gcc/avr/5.4.0/avr5\libgcc.a(_divmodhi4.o)
_exit                                             c:/users/boro/documents/mkclipse/avr toolchain/bin/../lib/gcc/avr/5.4.0/avr5\libgcc.a(_exit.o)
dtoa_prf                                          c:/users/boro/documents/mkclipse/avr toolchain/bin/../lib/gcc/avr/5.4.0/../../../../avr/lib/avr5\libc.a(dtoa_prf.o)
                                                  c:/users/boro/documents/mkclipse/avr toolchain/bin/../lib/gcc/avr/5.4.0/../../../../avr/lib/avr5\libc.a(dtostrf.o)
dtostrf                                           c:/users/boro/documents/mkclipse/avr toolchain/bin/../lib/gcc/avr/5.4.0/../../../../avr/lib/avr5\libc.a(dtostrf.o)
                                                  obj/HD44780.o
                                                  obj/main.o
errno                                             c:/users/boro/documents/mkclipse/avr toolchain/bin/../lib/gcc/avr/5.4.0/../../../../avr/lib/avr5\libc.a(errno.o)
                                                  c:/users/boro/documents/mkclipse/avr toolchain/bin/../lib/gcc/avr/5.4.0/../../../../avr/lib/avr5\libc.a(strtoul.o)
                                                  c:/users/boro/documents/mkclipse/avr toolchain/bin/../lib/gcc/avr/5.4.0/../../../../avr/lib/avr5\libc.a(strtod.o)
exit                                              c:/users/boro/documents/mkclipse/avr toolchain/bin/../lib/gcc/avr/5.4.0/avr5\libgcc.a(_exit.o)
                                                  c:/users/boro/documents/mkclipse/avr toolchain/bin/../lib/gcc/avr/5.4.0/../../../../avr/lib/avr5/crtatmega32u4.o
fprintf_P                                         c:/users/boro/documents/mkclipse/avr toolchain/bin/../lib/gcc/avr/5.4.0/../../../../avr/lib/avr5\libc.a(fprintf_p.o)
                                                  obj/main.o
fputc                                             c:/users/boro/documents/mkclipse/avr toolchain/bin/../lib/gcc/avr/5.4.0/../../../../avr/lib/avr5\libc.a(fputc.o)
                                                  c:/users/boro/documents/mkclipse/avr toolchain/bin/../lib/gcc/avr/5.4.0/../../../../avr/lib/avr5\libc.a(vfprintf_std.o)
isspace                                           c:/users/boro/documents/mkclipse/avr toolchain/bin/../lib/gcc/avr/5.4.0/../../../../avr/lib/avr5\libc.a(isspace.o)
                                                  c:/users/boro/documents/mkclipse/avr toolchain/bin/../lib/gcc/avr/5.4.0/../../../../avr/lib/avr5\libc.a(strtoul.o)
                                                  c:/users/boro/documents/mkclipse/avr toolchain/bin/../lib/gcc/avr/5.4.0/../../../../avr/lib/avr5\libc.a(strtod.o)
lcd_backlight_off                                 obj/HD44780.o
lcd_backlight_on                                  obj/HD44780.o
lcd_char                                          obj/HD44780.o
lcd_cls                                           obj/HD44780.o
                                                  obj/main.o
lcd_create_stream                                 obj/HD44780.o
                                                  obj/main.o
lcd_double                                        obj/HD44780.o
lcd_float                                         obj/HD44780.o
lcd_init                                          obj/HD44780.o
                                                  obj/main.o
lcd_locate                                        obj/HD44780.o
                                                  obj/main.o
lcd_str                                           obj/HD44780.o
lcd_str_P                                         obj/HD44780.o
                                                  obj/main.o
m_gate                                            obj/main.o
main                                              obj/main.o
                                                  c:/users/boro/documents/mkclipse/avr toolchain/bin/../lib/gcc/avr/5.4.0/../../../../avr/lib/avr5/crtatmega32u4.o
memcmp                                            c:/users/boro/documents/mkclipse/avr toolchain/bin/../lib/gcc/avr/5.4.0/../../../../avr/lib/avr5\libc.a(memcmp.o)
                                                  obj/HIDClassDevice.o
memcpy                                            c:/users/boro/documents/mkclipse/avr toolchain/bin/../lib/gcc/avr/5.4.0/../../../../avr/lib/avr5\libc.a(memcpy.o)
                                                  obj/RNDISClassDevice.o
                                                  obj/HIDClassDevice.o
memcpy_P                                          c:/users/boro/documents/mkclipse/avr toolchain/bin/../lib/gcc/avr/5.4.0/../../../../avr/lib/avr5\libc.a(memcpy_P.o)
                                                  obj/RNDISClassDevice.o
                                                  obj/main.o
memset                                            c:/users/boro/documents/mkclipse/avr toolchain/bin/../lib/gcc/avr/5.4.0/../../../../avr/lib/avr5\libc.a(memset.o)
                                                  obj/HIDClassDevice.o
n_ts                                              obj/main.o
n_ts_first                                        obj/main.o
pulses_ts                                         obj/main.o
sht_checkID                                       obj/SHTC3.o
sht_humidity                                      obj/SHTC3.o
                                                  obj/main.o
sht_init                                          obj/SHTC3.o
                                                  obj/main.o
sht_low_pwr                                       obj/SHTC3.o
sht_meas                                          obj/SHTC3.o
                                                  obj/main.o
sht_temperature                                   obj/SHTC3.o
                                                  obj/main.o
stop_meas                                         obj/main.o
strncasecmp_P                                     c:/users/boro/documents/mkclipse/avr toolchain/bin/../lib/gcc/avr/5.4.0/../../../../avr/lib/avr5\libc.a(strncasecmp_P.o)
                                                  c:/users/boro/documents/mkclipse/avr toolchain/bin/../lib/gcc/avr/5.4.0/../../../../avr/lib/avr5\libc.a(strtod.o)
strnlen                                           c:/users/boro/documents/mkclipse/avr toolchain/bin/../lib/gcc/avr/5.4.0/../../../../avr/lib/avr5\libc.a(strnlen.o)