Archive member included because of file (symbol)

c:/users/arek/documents/mkclipse/avr toolchain/bin/../lib/gcc/avr/5.4.0/avr5\libgcc.a(_divmodhi4.o)
                              ./main.o (__divmodhi4)
c:/users/arek/documents/mkclipse/avr toolchain/bin/../lib/gcc/avr/5.4.0/avr5\libgcc.a(_udivmodsi4.o)
                              ./TWI/master.o (__udivmodsi4)
c:/users/arek/documents/mkclipse/avr toolchain/bin/../lib/gcc/avr/5.4.0/avr5\libgcc.a(_exit.o)
                              c:/users/arek/documents/mkclipse/avr toolchain/bin/../lib/gcc/avr/5.4.0/../../../../avr/lib/avr5/crtatmega32u4.o (exit)
c:/users/arek/documents/mkclipse/avr toolchain/bin/../lib/gcc/avr/5.4.0/avr5\libgcc.a(_tablejump2.o)
                              ./LUFA/Drivers/USB/Core/DeviceStandardReq.o (__tablejump2__)
c:/users/arek/documents/mkclipse/avr toolchain/bin/../lib/gcc/avr/5.4.0/avr5\libgcc.a(_copy_data.o)
                              ./LUFA/Drivers/USB/Core/AVR8/Endpoint_AVR8.o (__do_copy_data)
c:/users/arek/documents/mkclipse/avr toolchain/bin/../lib/gcc/avr/5.4.0/avr5\libgcc.a(_clear_bss.o)
                              ./TWI/master.o (__do_clear_bss)
c:/users/arek/documents/mkclipse/avr toolchain/bin/../lib/gcc/avr/5.4.0/avr5\libgcc.a(_udivmodhi4.o)
                              c:/users/arek/documents/mkclipse/avr toolchain/bin/../lib/gcc/avr/5.4.0/avr5\libgcc.a(_divmodhi4.o) (__udivmodhi4)
c:/users/arek/documents/mkclipse/avr toolchain/bin/../lib/gcc/avr/5.4.0/../../../../avr/lib/avr5\libm.a(addsf3.o)
                              ./SHTC3/SHTC3.o (__subsf3)
c:/users/arek/documents/mkclipse/avr toolchain/bin/../lib/gcc/avr/5.4.0/../../../../avr/lib/avr5\libm.a(addsf3x.o)
                              c:/users/arek/documents/mkclipse/avr toolchain/bin/../lib/gcc/avr/5.4.0/../../../../avr/lib/avr5\libm.a(addsf3.o) (__addsf3x)
c:/users/arek/documents/mkclipse/avr toolchain/bin/../lib/gcc/avr/5.4.0/../../../../avr/lib/avr5\libm.a(divsf3.o)
                              ./SHTC3/SHTC3.o (__divsf3)
c:/users/arek/documents/mkclipse/avr toolchain/bin/../lib/gcc/avr/5.4.0/../../../../avr/lib/avr5\libm.a(divsf3x.o)
                              c:/users/arek/documents/mkclipse/avr toolchain/bin/../lib/gcc/avr/5.4.0/../../../../avr/lib/avr5\libm.a(divsf3.o) (__divsf3x)
c:/users/arek/documents/mkclipse/avr toolchain/bin/../lib/gcc/avr/5.4.0/../../../../avr/lib/avr5\libm.a(fixsfsi.o)
                              ./main.o (__fixsfsi)
c:/users/arek/documents/mkclipse/avr toolchain/bin/../lib/gcc/avr/5.4.0/../../../../avr/lib/avr5\libm.a(fixunssfsi.o)
                              c:/users/arek/documents/mkclipse/avr toolchain/bin/../lib/gcc/avr/5.4.0/../../../../avr/lib/avr5\libm.a(fixsfsi.o) (__fixunssfsi)
c:/users/arek/documents/mkclipse/avr toolchain/bin/../lib/gcc/avr/5.4.0/../../../../avr/lib/avr5\libm.a(floatsisf.o)
                              ./SHTC3/SHTC3.o (__floatunsisf)
c:/users/arek/documents/mkclipse/avr toolchain/bin/../lib/gcc/avr/5.4.0/../../../../avr/lib/avr5\libm.a(fp_inf.o)
                              c:/users/arek/documents/mkclipse/avr toolchain/bin/../lib/gcc/avr/5.4.0/../../../../avr/lib/avr5\libm.a(addsf3x.o) (__fp_inf)
c:/users/arek/documents/mkclipse/avr toolchain/bin/../lib/gcc/avr/5.4.0/../../../../avr/lib/avr5\libm.a(fp_nan.o)
                              c:/users/arek/documents/mkclipse/avr toolchain/bin/../lib/gcc/avr/5.4.0/../../../../avr/lib/avr5\libm.a(addsf3x.o) (__fp_nan)
c:/users/arek/documents/mkclipse/avr toolchain/bin/../lib/gcc/avr/5.4.0/../../../../avr/lib/avr5\libm.a(fp_pscA.o)
                              c:/users/arek/documents/mkclipse/avr toolchain/bin/../lib/gcc/avr/5.4.0/../../../../avr/lib/avr5\libm.a(addsf3x.o) (__fp_pscA)
c:/users/arek/documents/mkclipse/avr toolchain/bin/../lib/gcc/avr/5.4.0/../../../../avr/lib/avr5\libm.a(fp_pscB.o)
                              c:/users/arek/documents/mkclipse/avr toolchain/bin/../lib/gcc/avr/5.4.0/../../../../avr/lib/avr5\libm.a(addsf3x.o) (__fp_pscB)
c:/users/arek/documents/mkclipse/avr toolchain/bin/../lib/gcc/avr/5.4.0/../../../../avr/lib/avr5\libm.a(fp_round.o)
                              c:/users/arek/documents/mkclipse/avr toolchain/bin/../lib/gcc/avr/5.4.0/../../../../avr/lib/avr5\libm.a(addsf3.o) (__fp_round)
c:/users/arek/documents/mkclipse/avr toolchain/bin/../lib/gcc/avr/5.4.0/../../../../avr/lib/avr5\libm.a(fp_split3.o)
                              c:/users/arek/documents/mkclipse/avr toolchain/bin/../lib/gcc/avr/5.4.0/../../../../avr/lib/avr5\libm.a(addsf3x.o) (__fp_split3)
c:/users/arek/documents/mkclipse/avr toolchain/bin/../lib/gcc/avr/5.4.0/../../../../avr/lib/avr5\libm.a(fp_zero.o)
                              c:/users/arek/documents/mkclipse/avr toolchain/bin/../lib/gcc/avr/5.4.0/../../../../avr/lib/avr5\libm.a(addsf3x.o) (__fp_zero)
c:/users/arek/documents/mkclipse/avr toolchain/bin/../lib/gcc/avr/5.4.0/../../../../avr/lib/avr5\libm.a(mulsf3.o)
                              ./SHTC3/SHTC3.o (__mulsf3)
c:/users/arek/documents/mkclipse/avr toolchain/bin/../lib/gcc/avr/5.4.0/../../../../avr/lib/avr5\libm.a(mulsf3x.o)
                              c:/users/arek/documents/mkclipse/avr toolchain/bin/../lib/gcc/avr/5.4.0/../../../../avr/lib/avr5\libm.a(mulsf3.o) (__mulsf3x)
c:/users/arek/documents/mkclipse/avr toolchain/bin/../lib/gcc/avr/5.4.0/../../../../avr/lib/avr5\libc.a(dtostrf.o)
                              ./LCD/HD44780.o (dtostrf)
c:/users/arek/documents/mkclipse/avr toolchain/bin/../lib/gcc/avr/5.4.0/../../../../avr/lib/avr5\libc.a(strlen_P.o)
                              ./LUFA/Drivers/USB/Class/Device/CDCClassDevice.o (__strlen_P)
c:/users/arek/documents/mkclipse/avr toolchain/bin/../lib/gcc/avr/5.4.0/../../../../avr/lib/avr5\libc.a(eerd_byte_atmega32u4.o)
                              ./LUFA/Drivers/USB/Core/AVR8/EndpointStream_AVR8.o (__eerd_byte_m32u4)
c:/users/arek/documents/mkclipse/avr toolchain/bin/../lib/gcc/avr/5.4.0/../../../../avr/lib/avr5\libc.a(eeupd_byte_atmega32u4.o)
                              ./LUFA/Drivers/USB/Core/AVR8/EndpointStream_AVR8.o (__eeupd_byte_m32u4)
c:/users/arek/documents/mkclipse/avr toolchain/bin/../lib/gcc/avr/5.4.0/../../../../avr/lib/avr5\libc.a(dtoa_prf.o)
                              c:/users/arek/documents/mkclipse/avr toolchain/bin/../lib/gcc/avr/5.4.0/../../../../avr/lib/avr5\libc.a(dtostrf.o) (dtoa_prf)
c:/users/arek/documents/mkclipse/avr toolchain/bin/../lib/gcc/avr/5.4.0/../../../../avr/lib/avr5\libc.a(ftoa_engine.o)
                              c:/users/arek/documents/mkclipse/avr toolchain/bin/../lib/gcc/avr/5.4.0/../../../../avr/lib/avr5\libc.a(dtoa_prf.o) (__ftoa_engine)

Allocating common symbols
Common symbol       size              file

USB_IsInitialized   0x1               ./LUFA/Drivers/USB/Core/USBTask.o
USB_DeviceState     0x1               ./LUFA/Drivers/USB/Core/USBTask.o
USB_Device_ConfigurationNumber
                    0x1               ./LUFA/Drivers/USB/Core/DeviceStandardReq.o
System              0x82              ./main.o
USB_Options         0x1               ./LUFA/Drivers/USB/Core/AVR8/USBController_AVR8.o
USB_Device_CurrentlySelfPowered
                    0x1               ./LUFA/Drivers/USB/Core/DeviceStandardReq.o
USB_ControlRequest  0x8               ./LUFA/Drivers/USB/Core/USBTask.o
USB_Device_RemoteWakeupEnabled
                    0x1               ./LUFA/Drivers/USB/Core/DeviceStandardReq.o

Memory Configuration

Name             Origin             Length             Attributes
text             0x00000000         0x00020000         xr
data             0x00800060         0x0000ffa0         rw !x
eeprom           0x00810000         0x00010000         rw !x
fuse             0x00820000         0x00000400         rw !x
lock             0x00830000         0x00000400         rw !x
signature        0x00840000         0x00000400         rw !x
user_signatures  0x00850000         0x00000400         rw !x
*default*        0x00000000         0xffffffff

Linker script and memory map

Address of section .data set to 0x800100
LOAD c:/users/arek/documents/mkclipse/avr toolchain/bin/../lib/gcc/avr/5.4.0/../../../../avr/lib/avr5/crtatmega32u4.o
LOAD ./TWI/master.o
LOAD ./SHTC3/SHTC3.o
LOAD ./LUFA/Drivers/USB/Core/AVR8/Device_AVR8.o
LOAD ./LUFA/Drivers/USB/Core/AVR8/EndpointStream_AVR8.o
LOAD ./LUFA/Drivers/USB/Core/AVR8/Endpoint_AVR8.o
LOAD ./LUFA/Drivers/USB/Core/AVR8/Host_AVR8.o
LOAD ./LUFA/Drivers/USB/Core/AVR8/PipeStream_AVR8.o
LOAD ./LUFA/Drivers/USB/Core/AVR8/Pipe_AVR8.o
LOAD ./LUFA/Drivers/USB/Core/AVR8/USBController_AVR8.o
LOAD ./LUFA/Drivers/USB/Core/AVR8/USBInterrupt_AVR8.o
LOAD ./LUFA/Drivers/USB/Core/ConfigDescriptors.o
LOAD ./LUFA/Drivers/USB/Core/DeviceStandardReq.o
LOAD ./LUFA/Drivers/USB/Core/Events.o
LOAD ./LUFA/Drivers/USB/Core/HostStandardReq.o
LOAD ./LUFA/Drivers/USB/Core/USBTask.o
LOAD ./LUFA/Drivers/USB/Class/Device/CDCClassDevice.o
LOAD ./LCD/HD44780.o
LOAD ./Descriptors.o
LOAD ./main.o
START GROUP
LOAD c:/users/arek/documents/mkclipse/avr toolchain/bin/../lib/gcc/avr/5.4.0/avr5\libgcc.a
LOAD c:/users/arek/documents/mkclipse/avr toolchain/bin/../lib/gcc/avr/5.4.0/../../../../avr/lib/avr5\libm.a
LOAD c:/users/arek/documents/mkclipse/avr toolchain/bin/../lib/gcc/avr/5.4.0/../../../../avr/lib/avr5\libc.a
LOAD c:/users/arek/documents/mkclipse/avr toolchain/bin/../lib/gcc/avr/5.4.0/../../../../avr/lib/avr5\libatmega32u4.a
END GROUP

.hash
 *(.hash)

.dynsym
 *(.dynsym)

.dynstr
 *(.dynstr)

.gnu.version
 *(.gnu.version)

.gnu.version_d
 *(.gnu.version_d)

.gnu.version_r
 *(.gnu.version_r)

.rel.init
 *(.rel.init)

.rela.init
 *(.rela.init)

.rel.text
 *(.rel.text)
 *(.rel.text.*)
 *(.rel.gnu.linkonce.t*)

.rela.text
 *(.rela.text)
 *(.rela.text.*)
 *(.rela.gnu.linkonce.t*)

.rel.fini
 *(.rel.fini)

.rela.fini
 *(.rela.fini)

.rel.rodata
 *(.rel.rodata)
 *(.rel.rodata.*)
 *(.rel.gnu.linkonce.r*)

.rela.rodata
 *(.rela.rodata)
 *(.rela.rodata.*)
 *(.rela.gnu.linkonce.r*)

.rel.data
 *(.rel.data)
 *(.rel.data.*)
 *(.rel.gnu.linkonce.d*)

.rela.data
 *(.rela.data)
 *(.rela.data.*)
 *(.rela.gnu.linkonce.d*)

.rel.ctors
 *(.rel.ctors)

.rela.ctors
 *(.rela.ctors)

.rel.dtors
 *(.rel.dtors)

.rela.dtors
 *(.rela.dtors)

.rel.got
 *(.rel.got)

.rela.got
 *(.rela.got)

.rel.bss
 *(.rel.bss)

.rela.bss
 *(.rela.bss)

.rel.plt
 *(.rel.plt)

.rela.plt
 *(.rela.plt)

.text           0x00000000     0x350e
 *(.vectors)
 .vectors       0x00000000       0xac c:/users/arek/documents/mkclipse/avr toolchain/bin/../lib/gcc/avr/5.4.0/../../../../avr/lib/avr5/crtatmega32u4.o
                0x00000000                __vector_default
                0x00000000                __vectors
 *(.vectors)
 *(.progmem.gcc*)
 .progmem.gcc_sw_table.USB_Device_ProcessControlRequest
                0x000000ac       0x14 ./LUFA/Drivers/USB/Core/DeviceStandardReq.o
                0x000000c0                . = ALIGN (0x2)
                0x000000c0                __trampolines_start = .
 *(.trampolines)
 .trampolines   0x000000c0        0x0 linker stubs
 *(.trampolines*)
                0x000000c0                __trampolines_end = .
 *(.progmem*)
 .progmem.data.ProductString
                0x000000c0       0x3a ./Descriptors.o
                0x000000c0                ProductString
 .progmem.data.ManufacturerString
                0x000000fa       0x40 ./Descriptors.o
                0x000000fa                ManufacturerString
 .progmem.data.LanguageString
                0x0000013a        0x4 ./Descriptors.o
                0x0000013a                LanguageString
 .progmem.data.ConfigurationDescriptor
                0x0000013e       0x3e ./Descriptors.o
                0x0000013e                ConfigurationDescriptor
 .progmem.data.DeviceDescriptor
                0x0000017c       0x12 ./Descriptors.o
                0x0000017c                DeviceDescriptor
 .progmem.data  0x0000018e       0xfa c:/users/arek/documents/mkclipse/avr toolchain/bin/../lib/gcc/avr/5.4.0/../../../../avr/lib/avr5\libc.a(ftoa_engine.o)
                0x00000288                . = ALIGN (0x2)
 *(.jumptables)
 *(.jumptables*)
 *(.lowtext)
 *(.lowtext*)
                0x00000288                __ctors_start = .
 *(.ctors)
                0x00000288                __ctors_end = .
                0x00000288                __dtors_start = .
 *(.dtors)
                0x00000288                __dtors_end = .
 SORT(*)(.ctors)
 SORT(*)(.dtors)
 *(.init0)
 .init0         0x00000288        0x0 c:/users/arek/documents/mkclipse/avr toolchain/bin/../lib/gcc/avr/5.4.0/../../../../avr/lib/avr5/crtatmega32u4.o
                0x00000288                __init
 *(.init0)
 *(.init1)
 *(.init1)
 *(.init2)
 .init2         0x00000288        0xc c:/users/arek/documents/mkclipse/avr toolchain/bin/../lib/gcc/avr/5.4.0/../../../../avr/lib/avr5/crtatmega32u4.o
 *(.init2)
 *(.init3)
 *(.init3)
 *(.init4)
 .init4         0x00000294       0x16 c:/users/arek/documents/mkclipse/avr toolchain/bin/../lib/gcc/avr/5.4.0/avr5\libgcc.a(_copy_data.o)
                0x00000294                __do_copy_data
 .init4         0x000002aa       0x10 c:/users/arek/documents/mkclipse/avr toolchain/bin/../lib/gcc/avr/5.4.0/avr5\libgcc.a(_clear_bss.o)
                0x000002aa                __do_clear_bss
 *(.init4)
 *(.init5)
 *(.init5)
 *(.init6)
 *(.init6)
 *(.init7)
 *(.init7)
 *(.init8)
 *(.init8)
 *(.init9)
 .init9         0x000002ba        0x8 c:/users/arek/documents/mkclipse/avr toolchain/bin/../lib/gcc/avr/5.4.0/../../../../avr/lib/avr5/crtatmega32u4.o
 *(.init9)
 *(.text)
 .text          0x000002c2        0x4 c:/users/arek/documents/mkclipse/avr toolchain/bin/../lib/gcc/avr/5.4.0/../../../../avr/lib/avr5/crtatmega32u4.o
                0x000002c2                __vector_38
                0x000002c2                __vector_22
                0x000002c2                __vector_28
                0x000002c2                __vector_1
                0x000002c2                __vector_32
                0x000002c2                __vector_34
                0x000002c2                __vector_24
                0x000002c2                __vector_12
                0x000002c2                __bad_interrupt
                0x000002c2                __vector_6
                0x000002c2                __vector_31
                0x000002c2                __vector_35
                0x000002c2                __vector_39
                0x000002c2                __vector_3
                0x000002c2                __vector_23
                0x000002c2                __vector_30
                0x000002c2                __vector_25
                0x000002c2                __vector_11
                0x000002c2                __vector_13
                0x000002c2                __vector_17
                0x000002c2                __vector_19
                0x000002c2                __vector_7
                0x000002c2                __vector_41
                0x000002c2                __vector_27
                0x000002c2                __vector_5
                0x000002c2                __vector_33
                0x000002c2                __vector_37
                0x000002c2                __vector_4
                0x000002c2                __vector_9
                0x000002c2                __vector_2
                0x000002c2                __vector_21
                0x000002c2                __vector_15
                0x000002c2                __vector_36
                0x000002c2                __vector_29
                0x000002c2                __vector_40
                0x000002c2                __vector_8
                0x000002c2                __vector_26
                0x000002c2                __vector_14
                0x000002c2                __vector_16
                0x000002c2                __vector_18
                0x000002c2                __vector_20
                0x000002c2                __vector_42
 .text          0x000002c6        0x0 ./TWI/master.o
 .text          0x000002c6        0x0 ./SHTC3/SHTC3.o
 .text          0x000002c6        0x0 ./LUFA/Drivers/USB/Core/AVR8/Device_AVR8.o
 .text          0x000002c6        0x0 ./LUFA/Drivers/USB/Core/AVR8/EndpointStream_AVR8.o
 .text          0x000002c6        0x0 ./LUFA/Drivers/USB/Core/AVR8/Endpoint_AVR8.o
 .text          0x000002c6        0x0 ./LUFA/Drivers/USB/Core/AVR8/Host_AVR8.o
 .text          0x000002c6        0x0 ./LUFA/Drivers/USB/Core/AVR8/PipeStream_AVR8.o
 .text          0x000002c6        0x0 ./LUFA/Drivers/USB/Core/AVR8/Pipe_AVR8.o
 .text          0x000002c6        0x0 ./LUFA/Drivers/USB/Core/AVR8/USBController_AVR8.o
 .text          0x000002c6        0x0 ./LUFA/Drivers/USB/Core/AVR8/USBInterrupt_AVR8.o
 .text          0x000002c6        0x0 ./LUFA/Drivers/USB/Core/ConfigDescriptors.o
 .text          0x000002c6        0x0 ./LUFA/Drivers/USB/Core/DeviceStandardReq.o
 .text          0x000002c6        0x0 ./LUFA/Drivers/USB/Core/Events.o
 .text          0x000002c6        0x0 ./LUFA/Drivers/USB/Core/HostStandardReq.o
 .text          0x000002c6        0x0 ./LUFA/Drivers/USB/Core/USBTask.o
 .text          0x000002c6        0x0 ./LUFA/Drivers/USB/Class/Device/CDCClassDevice.o
 .text          0x000002c6        0x0 ./LCD/HD44780.o
 .text          0x000002c6        0x0 ./Descriptors.o
 .text          0x000002c6        0x0 ./main.o
 .text          0x000002c6        0x0 c:/users/arek/documents/mkclipse/avr toolchain/bin/../lib/gcc/avr/5.4.0/avr5\libgcc.a(_divmodhi4.o)
 .text          0x000002c6        0x0 c:/users/arek/documents/mkclipse/avr toolchain/bin/../lib/gcc/avr/5.4.0/avr5\libgcc.a(_udivmodsi4.o)
 .text          0x000002c6        0x0 c:/users/arek/documents/mkclipse/avr toolchain/bin/../lib/gcc/avr/5.4.0/avr5\libgcc.a(_exit.o)
 .text          0x000002c6        0x0 c:/users/arek/documents/mkclipse/avr toolchain/bin/../lib/gcc/avr/5.4.0/avr5\libgcc.a(_tablejump2.o)
 .text          0x000002c6        0x0 c:/users/arek/documents/mkclipse/avr toolchain/bin/../lib/gcc/avr/5.4.0/avr5\libgcc.a(_copy_data.o)
 .text          0x000002c6        0x0 c:/users/arek/documents/mkclipse/avr toolchain/bin/../lib/gcc/avr/5.4.0/avr5\libgcc.a(_clear_bss.o)
 .text          0x000002c6        0x0 c:/users/arek/documents/mkclipse/avr toolchain/bin/../lib/gcc/avr/5.4.0/avr5\libgcc.a(_udivmodhi4.o)
 .text          0x000002c6        0x0 c:/users/arek/documents/mkclipse/avr toolchain/bin/../lib/gcc/avr/5.4.0/../../../../avr/lib/avr5\libm.a(addsf3.o)
 .text          0x000002c6        0x0 c:/users/arek/documents/mkclipse/avr toolchain/bin/../lib/gcc/avr/5.4.0/../../../../avr/lib/avr5\libm.a(addsf3x.o)
 .text          0x000002c6        0x0 c:/users/arek/documents/mkclipse/avr toolchain/bin/../lib/gcc/avr/5.4.0/../../../../avr/lib/avr5\libm.a(divsf3.o)
 .text          0x000002c6        0x0 c:/users/arek/documents/mkclipse/avr toolchain/bin/../lib/gcc/avr/5.4.0/../../../../avr/lib/avr5\libm.a(divsf3x.o)
 .text          0x000002c6        0x0 c:/users/arek/documents/mkclipse/avr toolchain/bin/../lib/gcc/avr/5.4.0/../../../../avr/lib/avr5\libm.a(fixsfsi.o)
 .text          0x000002c6        0x0 c:/users/arek/documents/mkclipse/avr toolchain/bin/../lib/gcc/avr/5.4.0/../../../../avr/lib/avr5\libm.a(fixunssfsi.o)
 .text          0x000002c6        0x0 c:/users/arek/documents/mkclipse/avr toolchain/bin/../lib/gcc/avr/5.4.0/../../../../avr/lib/avr5\libm.a(floatsisf.o)
 .text          0x000002c6        0x0 c:/users/arek/documents/mkclipse/avr toolchain/bin/../lib/gcc/avr/5.4.0/../../../../avr/lib/avr5\libm.a(fp_inf.o)
 .text          0x000002c6        0x0 c:/users/arek/documents/mkclipse/avr toolchain/bin/../lib/gcc/avr/5.4.0/../../../../avr/lib/avr5\libm.a(fp_nan.o)
 .text          0x000002c6        0x0 c:/users/arek/documents/mkclipse/avr toolchain/bin/../lib/gcc/avr/5.4.0/../../../../avr/lib/avr5\libm.a(fp_pscA.o)
 .text          0x000002c6        0x0 c:/users/arek/documents/mkclipse/avr toolchain/bin/../lib/gcc/avr/5.4.0/../../../../avr/lib/avr5\libm.a(fp_pscB.o)
 .text          0x000002c6        0x0 c:/users/arek/documents/mkclipse/avr toolchain/bin/../lib/gcc/avr/5.4.0/../../../../avr/lib/avr5\libm.a(fp_round.o)
 .text          0x000002c6        0x0 c:/users/arek/documents/mkclipse/avr toolchain/bin/../lib/gcc/avr/5.4.0/../../../../avr/lib/avr5\libm.a(fp_split3.o)
 .text          0x000002c6        0x0 c:/users/arek/documents/mkclipse/avr toolchain/bin/../lib/gcc/avr/5.4.0/../../../../avr/lib/avr5\libm.a(fp_zero.o)
 .text          0x000002c6        0x0 c:/users/arek/documents/mkclipse/avr toolchain/bin/../lib/gcc/avr/5.4.0/../../../../avr/lib/avr5\libm.a(mulsf3.o)
 .text          0x000002c6        0x0 c:/users/arek/documents/mkclipse/avr toolchain/bin/../lib/gcc/avr/5.4.0/../../../../avr/lib/avr5\libm.a(mulsf3x.o)
 .text          0x000002c6        0x0 c:/users/arek/documents/mkclipse/avr toolchain/bin/../lib/gcc/avr/5.4.0/../../../../avr/lib/avr5\libc.a(dtostrf.o)
 .text          0x000002c6        0x0 c:/users/arek/documents/mkclipse/avr toolchain/bin/../lib/gcc/avr/5.4.0/../../../../avr/lib/avr5\libc.a(strlen_P.o)
 .text          0x000002c6        0x0 c:/users/arek/documents/mkclipse/avr toolchain/bin/../lib/gcc/avr/5.4.0/../../../../avr/lib/avr5\libc.a(eerd_byte_atmega32u4.o)
 .text          0x000002c6        0x0 c:/users/arek/documents/mkclipse/avr toolchain/bin/../lib/gcc/avr/5.4.0/../../../../avr/lib/avr5\libc.a(eeupd_byte_atmega32u4.o)
 .text          0x000002c6        0x0 c:/users/arek/documents/mkclipse/avr toolchain/bin/../lib/gcc/avr/5.4.0/../../../../avr/lib/avr5\libc.a(dtoa_prf.o)
 .text          0x000002c6        0x0 c:/users/arek/documents/mkclipse/avr toolchain/bin/../lib/gcc/avr/5.4.0/../../../../avr/lib/avr5\libc.a(ftoa_engine.o)
                0x000002c6                . = ALIGN (0x2)
 *(.text.*)
 .text.twi_set_bit_rate
                0x000002c6       0x24 ./TWI/master.o
                0x000002c6                twi_set_bit_rate
 .text.twi_init
                0x000002ea        0xc ./TWI/master.o
                0x000002ea                twi_init
 .text.twi_error
                0x000002f6        0xa ./TWI/master.o
                0x000002f6                twi_error
 .text.twi_status
                0x00000300        0x6 ./TWI/master.o
                0x00000300                twi_status
 .text.twi_start
                0x00000306       0x18 ./TWI/master.o
                0x00000306                twi_start
 .text.twi_stop
                0x0000031e        0x8 ./TWI/master.o
                0x0000031e                twi_stop
 .text.twi_write
                0x00000326       0x1c ./TWI/master.o
                0x00000326                twi_write
 .text.twi_detect
                0x00000342       0x28 ./TWI/master.o
                0x00000342                twi_detect
 .text.twi_write_sla
                0x0000036a        0x4 ./TWI/master.o
                0x0000036a                twi_write_sla
 .text.twi_read
                0x0000036e       0x54 ./TWI/master.o
                0x0000036e                twi_read
 .text.twi_write_buf
                0x000003c2       0x54 ./TWI/master.o
                0x000003c2                twi_write_buf
 .text.twi_read_buf
                0x00000416       0x60 ./TWI/master.o
                0x00000416                twi_read_buf
 .text.sht_checkCRC
                0x00000476       0x48 ./SHTC3/SHTC3.o
 .text.sht_command
                0x000004be       0x24 ./SHTC3/SHTC3.o
 .text.sht_low_pwr
                0x000004e2        0x6 ./SHTC3/SHTC3.o
                0x000004e2                sht_low_pwr
 .text.sht_checkID
                0x000004e8       0x64 ./SHTC3/SHTC3.o
                0x000004e8                sht_checkID
 .text.sht_init
                0x0000054c       0x3a ./SHTC3/SHTC3.o
                0x0000054c                sht_init
 .text.sht_meas
                0x00000586      0x148 ./SHTC3/SHTC3.o
                0x00000586                sht_meas
 .text.sht_temperature
                0x000006ce       0x12 ./SHTC3/SHTC3.o
                0x000006ce                sht_temperature
 .text.sht_humidity
                0x000006e0       0x12 ./SHTC3/SHTC3.o
                0x000006e0                sht_humidity
 .text.USB_Device_SendRemoteWakeup
                0x000006f2       0x38 ./LUFA/Drivers/USB/Core/AVR8/Device_AVR8.o
                0x000006f2                USB_Device_SendRemoteWakeup
 .text.Endpoint_Discard_Stream
                0x0000072a       0x6a ./LUFA/Drivers/USB/Core/AVR8/EndpointStream_AVR8.o
                0x0000072a                Endpoint_Discard_Stream
 .text.Endpoint_Null_Stream
                0x00000794       0x6a ./LUFA/Drivers/USB/Core/AVR8/EndpointStream_AVR8.o
                0x00000794                Endpoint_Null_Stream
 .text.Endpoint_Write_Stream_LE
                0x000007fe       0x9a ./LUFA/Drivers/USB/Core/AVR8/EndpointStream_AVR8.o
                0x000007fe                Endpoint_Write_Stream_LE
 .text.Endpoint_Write_Stream_BE
                0x00000898       0xa4 ./LUFA/Drivers/USB/Core/AVR8/EndpointStream_AVR8.o
                0x00000898                Endpoint_Write_Stream_BE
 .text.Endpoint_Read_Stream_LE
                0x0000093c       0x9a ./LUFA/Drivers/USB/Core/AVR8/EndpointStream_AVR8.o
                0x0000093c                Endpoint_Read_Stream_LE
 .text.Endpoint_Read_Stream_BE
                0x000009d6       0xa4 ./LUFA/Drivers/USB/Core/AVR8/EndpointStream_AVR8.o
                0x000009d6                Endpoint_Read_Stream_BE
 .text.Endpoint_Write_PStream_LE
                0x00000a7a       0x9e ./LUFA/Drivers/USB/Core/AVR8/EndpointStream_AVR8.o
                0x00000a7a                Endpoint_Write_PStream_LE
 .text.Endpoint_Write_PStream_BE
                0x00000b18       0xa6 ./LUFA/Drivers/USB/Core/AVR8/EndpointStream_AVR8.o
                0x00000b18                Endpoint_Write_PStream_BE
 .text.Endpoint_Write_EStream_LE
                0x00000bbe       0xa0 ./LUFA/Drivers/USB/Core/AVR8/EndpointStream_AVR8.o
                0x00000bbe                Endpoint_Write_EStream_LE
 .text.Endpoint_Write_EStream_BE
                0x00000c5e       0xa8 ./LUFA/Drivers/USB/Core/AVR8/EndpointStream_AVR8.o
                0x00000c5e                Endpoint_Write_EStream_BE
 .text.Endpoint_Read_EStream_LE
                0x00000d06       0xa0 ./LUFA/Drivers/USB/Core/AVR8/EndpointStream_AVR8.o
                0x00000d06                Endpoint_Read_EStream_LE
 .text.Endpoint_Read_EStream_BE
                0x00000da6       0xa8 ./LUFA/Drivers/USB/Core/AVR8/EndpointStream_AVR8.o
                0x00000da6                Endpoint_Read_EStream_BE
 .text.Endpoint_Write_Control_Stream_LE
                0x00000e4e       0xe4 ./LUFA/Drivers/USB/Core/AVR8/EndpointStream_AVR8.o
                0x00000e4e                Endpoint_Write_Control_Stream_LE
 .text.Endpoint_Write_Control_Stream_BE
                0x00000f32       0xda ./LUFA/Drivers/USB/Core/AVR8/EndpointStream_AVR8.o
                0x00000f32                Endpoint_Write_Control_Stream_BE
 .text.Endpoint_Read_Control_Stream_LE
                0x0000100c       0x80 ./LUFA/Drivers/USB/Core/AVR8/EndpointStream_AVR8.o
                0x0000100c                Endpoint_Read_Control_Stream_LE
 .text.Endpoint_Read_Control_Stream_BE
                0x0000108c       0x82 ./LUFA/Drivers/USB/Core/AVR8/EndpointStream_AVR8.o
                0x0000108c                Endpoint_Read_Control_Stream_BE
 .text.Endpoint_Write_Control_PStream_LE
                0x0000110e       0xe6 ./LUFA/Drivers/USB/Core/AVR8/EndpointStream_AVR8.o
                0x0000110e                Endpoint_Write_Control_PStream_LE
 .text.Endpoint_Write_Control_PStream_BE
                0x000011f4       0xd8 ./LUFA/Drivers/USB/Core/AVR8/EndpointStream_AVR8.o
                0x000011f4                Endpoint_Write_Control_PStream_BE
 .text.Endpoint_Write_Control_EStream_LE
                0x000012cc       0xf6 ./LUFA/Drivers/USB/Core/AVR8/EndpointStream_AVR8.o
                0x000012cc                Endpoint_Write_Control_EStream_LE
 .text.Endpoint_Write_Control_EStream_BE
                0x000013c2      0x10c ./LUFA/Drivers/USB/Core/AVR8/EndpointStream_AVR8.o
                0x000013c2                Endpoint_Write_Control_EStream_BE
 .text.Endpoint_Read_Control_EStream_LE
                0x000014ce       0x94 ./LUFA/Drivers/USB/Core/AVR8/EndpointStream_AVR8.o
                0x000014ce                Endpoint_Read_Control_EStream_LE
 .text.Endpoint_Read_Control_EStream_BE
                0x00001562       0x92 ./LUFA/Drivers/USB/Core/AVR8/EndpointStream_AVR8.o
                0x00001562                Endpoint_Read_Control_EStream_BE
 .text.Endpoint_ConfigureEndpoint_Prv
                0x000015f4       0x6a ./LUFA/Drivers/USB/Core/AVR8/Endpoint_AVR8.o
                0x000015f4                Endpoint_ConfigureEndpoint_Prv
 .text.Endpoint_ConfigureEndpointTable
                0x0000165e       0x7c ./LUFA/Drivers/USB/Core/AVR8/Endpoint_AVR8.o
                0x0000165e                Endpoint_ConfigureEndpointTable
 .text.Endpoint_ClearEndpoints
                0x000016da       0x28 ./LUFA/Drivers/USB/Core/AVR8/Endpoint_AVR8.o
                0x000016da                Endpoint_ClearEndpoints
 .text.Endpoint_ClearStatusStage
                0x00001702       0x3e ./LUFA/Drivers/USB/Core/AVR8/Endpoint_AVR8.o
                0x00001702                Endpoint_ClearStatusStage
 .text.Endpoint_WaitUntilReady
                0x00001740       0x66 ./LUFA/Drivers/USB/Core/AVR8/Endpoint_AVR8.o
                0x00001740                Endpoint_WaitUntilReady
 .text.USB_Disable
                0x000017a6       0x46 ./LUFA/Drivers/USB/Core/AVR8/USBController_AVR8.o
                0x000017a6                USB_Disable
 .text.USB_ResetInterface
                0x000017ec      0x118 ./LUFA/Drivers/USB/Core/AVR8/USBController_AVR8.o
                0x000017ec                USB_ResetInterface
 .text.USB_Init
                0x00001904       0x3e ./LUFA/Drivers/USB/Core/AVR8/USBController_AVR8.o
                0x00001904                USB_Init
 .text.USB_INT_DisableAllInterrupts
                0x00001942       0x10 ./LUFA/Drivers/USB/Core/AVR8/USBInterrupt_AVR8.o
                0x00001942                USB_INT_DisableAllInterrupts
 .text.USB_INT_ClearAllInterrupts
                0x00001952        0xa ./LUFA/Drivers/USB/Core/AVR8/USBInterrupt_AVR8.o
                0x00001952                USB_INT_ClearAllInterrupts
 .text.__vector_10
                0x0000195c      0x1d8 ./LUFA/Drivers/USB/Core/AVR8/USBInterrupt_AVR8.o
                0x0000195c                __vector_10
 .text.USB_GetNextDescriptorOfType
                0x00001b34       0x44 ./LUFA/Drivers/USB/Core/ConfigDescriptors.o
                0x00001b34                USB_GetNextDescriptorOfType
 .text.USB_GetNextDescriptorOfTypeBefore
                0x00001b78       0x54 ./LUFA/Drivers/USB/Core/ConfigDescriptors.o
                0x00001b78                USB_GetNextDescriptorOfTypeBefore
 .text.USB_GetNextDescriptorOfTypeAfter
                0x00001bcc       0x3e ./LUFA/Drivers/USB/Core/ConfigDescriptors.o
                0x00001bcc                USB_GetNextDescriptorOfTypeAfter
 .text.USB_GetNextDescriptorComp
                0x00001c0a       0x84 ./LUFA/Drivers/USB/Core/ConfigDescriptors.o
                0x00001c0a                USB_GetNextDescriptorComp
 .text.USB_Device_ProcessControlRequest
                0x00001c8e      0x32a ./LUFA/Drivers/USB/Core/DeviceStandardReq.o
                0x00001c8e                USB_Device_ProcessControlRequest
 .text.USB_Event_Stub
                0x00001fb8        0x2 ./LUFA/Drivers/USB/Core/Events.o
                0x00001fb8                USB_Event_Stub
                0x00001fb8                EVENT_USB_Device_Suspend
                0x00001fb8                EVENT_USB_Device_StartOfFrame
                0x00001fb8                EVENT_USB_Device_Reset
                0x00001fb8                EVENT_USB_Device_WakeUp
 .text.USB_Event_Stub_2
                0x00001fba        0x2 ./LUFA/Drivers/USB/Core/Events.o
                0x00001fba                USB_Event_Stub_2
 .text.USB_Event_Stub_3
                0x00001fbc        0x2 ./LUFA/Drivers/USB/Core/Events.o
                0x00001fbc                USB_Event_Stub_3
 .text.USB_USBTask
                0x00001fbe       0x36 ./LUFA/Drivers/USB/Core/USBTask.o
                0x00001fbe                USB_USBTask
 .text.CDC_Device_ConfigureEndpoints
                0x00001ff4       0x50 ./LUFA/Drivers/USB/Class/Device/CDCClassDevice.o
                0x00001ff4                CDC_Device_ConfigureEndpoints
 .text.CDC_Device_SendString
                0x00002044       0x42 ./LUFA/Drivers/USB/Class/Device/CDCClassDevice.o
                0x00002044                CDC_Device_SendString
 .text.CDC_Device_SendData
                0x00002086       0x34 ./LUFA/Drivers/USB/Class/Device/CDCClassDevice.o
                0x00002086                CDC_Device_SendData
 .text.CDC_Device_SendString_P
                0x000020ba       0x52 ./LUFA/Drivers/USB/Class/Device/CDCClassDevice.o
                0x000020ba                CDC_Device_SendString_P
 .text.CDC_Device_SendData_P
                0x0000210c       0x34 ./LUFA/Drivers/USB/Class/Device/CDCClassDevice.o
                0x0000210c                CDC_Device_SendData_P
 .text.CDC_Device_SendByte
                0x00002140       0x58 ./LUFA/Drivers/USB/Class/Device/CDCClassDevice.o
                0x00002140                CDC_Device_SendByte
 .text.CDC_Device_putchar
                0x00002198       0x22 ./LUFA/Drivers/USB/Class/Device/CDCClassDevice.o
 .text.CDC_Device_Flush
                0x000021ba       0x5e ./LUFA/Drivers/USB/Class/Device/CDCClassDevice.o
                0x000021ba                CDC_Device_Flush
 .text.CDC_Device_USBTask
                0x00002218       0x2e ./LUFA/Drivers/USB/Class/Device/CDCClassDevice.o
                0x00002218                CDC_Device_USBTask
 .text.CDC_Device_BytesReceived
                0x00002246       0x5a ./LUFA/Drivers/USB/Class/Device/CDCClassDevice.o
                0x00002246                CDC_Device_BytesReceived
 .text.CDC_Device_ReceiveByte
                0x000022a0       0x6a ./LUFA/Drivers/USB/Class/Device/CDCClassDevice.o
                0x000022a0                CDC_Device_ReceiveByte
 .text.CDC_Device_getchar
                0x0000230a       0x14 ./LUFA/Drivers/USB/Class/Device/CDCClassDevice.o
 .text.CDC_Device_getchar_Blocking
                0x0000231e       0x32 ./LUFA/Drivers/USB/Class/Device/CDCClassDevice.o
 .text.CDC_Device_SendControlLineStateChange
                0x00002350       0x8e ./LUFA/Drivers/USB/Class/Device/CDCClassDevice.o
                0x00002350                CDC_Device_SendControlLineStateChange
 .text.CDC_Device_CreateStream
                0x000023de       0x26 ./LUFA/Drivers/USB/Class/Device/CDCClassDevice.o
                0x000023de                CDC_Device_CreateStream
 .text.CDC_Device_CreateBlockingStream
                0x00002404       0x26 ./LUFA/Drivers/USB/Class/Device/CDCClassDevice.o
                0x00002404                CDC_Device_CreateBlockingStream
 .text.CDC_Device_Event_Stub
                0x0000242a        0x2 ./LUFA/Drivers/USB/Class/Device/CDCClassDevice.o
                0x0000242a                CDC_Device_Event_Stub
                0x0000242a                EVENT_CDC_Device_LineEncodingChanged
 .text.CDC_Device_Event_Stub_2
                0x0000242c        0x2 ./LUFA/Drivers/USB/Class/Device/CDCClassDevice.o
                0x0000242c                EVENT_CDC_Device_BreakSent
                0x0000242c                CDC_Device_Event_Stub_2
 .text.CDC_Device_ProcessControlRequest
                0x0000242e      0x16e ./LUFA/Drivers/USB/Class/Device/CDCClassDevice.o
                0x0000242e                CDC_Device_ProcessControlRequest
 .text.lcd_get_nibble
                0x0000259c       0x1a ./LCD/HD44780.o
 .text.lcd_send
                0x000025b6       0x92 ./LCD/HD44780.o
 .text.lcd_cls  0x00002648       0x16 ./LCD/HD44780.o
                0x00002648                lcd_cls
 .text.lcd_init
                0x0000265e       0xba ./LCD/HD44780.o
                0x0000265e                lcd_init
 .text.lcd_locate
                0x00002718       0x26 ./LCD/HD44780.o
                0x00002718                lcd_locate
 .text.lcd_create_stream
                0x0000273e       0x1a ./LCD/HD44780.o
                0x0000273e                lcd_create_stream
 .text.lcd_backlight_on
                0x00002758       0x1e ./LCD/HD44780.o
                0x00002758                lcd_backlight_on
 .text.lcd_backlight_off
                0x00002776       0x18 ./LCD/HD44780.o
                0x00002776                lcd_backlight_off
 .text.lcd_char
                0x0000278e        0xa ./LCD/HD44780.o
                0x0000278e                lcd_char
 .text.lcd_char_stream
                0x00002798        0xa ./LCD/HD44780.o
 .text.lcd_str  0x000027a2       0x18 ./LCD/HD44780.o
                0x000027a2                lcd_str
 .text.lcd_double
                0x000027ba       0x68 ./LCD/HD44780.o
                0x000027ba                lcd_double
 .text.lcd_float
                0x00002822        0x4 ./LCD/HD44780.o
                0x00002822                lcd_float
 .text.CALLBACK_USB_GetDescriptor
                0x00002826       0x60 ./Descriptors.o
                0x00002826                CALLBACK_USB_GetDescriptor
 .text.Init_IO  0x00002886       0x1a ./main.o
                0x00002886                Init_IO
 .text.Init_Pheripherals
                0x000028a0       0x56 ./main.o
                0x000028a0                Init_Pheripherals
 .text.Init_Variables
                0x000028f6       0x52 ./main.o
                0x000028f6                Init_Variables
 .text.Init_USB
                0x00002948       0x30 ./main.o
                0x00002948                Init_USB
 .text.Round    0x00002978       0xd4 ./main.o
                0x00002978                Round
 .text.startup.main
                0x00002a4c       0x7a ./main.o
                0x00002a4c                main
 .text.dtostr   0x00002ac6       0x3c ./main.o
                0x00002ac6                dtostr
 .text.EVENT_USB_Device_Connect
                0x00002b02        0x4 ./main.o
                0x00002b02                EVENT_USB_Device_Connect
 .text.EVENT_USB_Device_Disconnect
                0x00002b06        0x4 ./main.o
                0x00002b06                EVENT_USB_Device_Disconnect
 .text.EVENT_USB_Device_ConfigurationChanged
                0x00002b0a       0x22 ./main.o
                0x00002b0a                EVENT_USB_Device_ConfigurationChanged
 .text.EVENT_USB_Device_ControlRequest
                0x00002b2c        0xc ./main.o
                0x00002b2c                EVENT_USB_Device_ControlRequest
 .text.EVENT_CDC_Device_ControLineStateChanged
                0x00002b38       0x20 ./main.o
                0x00002b38                EVENT_CDC_Device_ControLineStateChanged
 .text.libgcc.mul
                0x00002b58        0x0 c:/users/arek/documents/mkclipse/avr toolchain/bin/../lib/gcc/avr/5.4.0/avr5\libgcc.a(_divmodhi4.o)
 .text.libgcc.div
                0x00002b58       0x28 c:/users/arek/documents/mkclipse/avr toolchain/bin/../lib/gcc/avr/5.4.0/avr5\libgcc.a(_divmodhi4.o)
                0x00002b58                _div
                0x00002b58                __divmodhi4
 .text.libgcc   0x00002b80        0x0 c:/users/arek/documents/mkclipse/avr toolchain/bin/../lib/gcc/avr/5.4.0/avr5\libgcc.a(_divmodhi4.o)
 .text.libgcc.prologue
                0x00002b80        0x0 c:/users/arek/documents/mkclipse/avr toolchain/bin/../lib/gcc/avr/5.4.0/avr5\libgcc.a(_divmodhi4.o)
 .text.libgcc.builtins
                0x00002b80        0x0 c:/users/arek/documents/mkclipse/avr toolchain/bin/../lib/gcc/avr/5.4.0/avr5\libgcc.a(_divmodhi4.o)
 .text.libgcc.fmul
                0x00002b80        0x0 c:/users/arek/documents/mkclipse/avr toolchain/bin/../lib/gcc/avr/5.4.0/avr5\libgcc.a(_divmodhi4.o)
 .text.libgcc.fixed
                0x00002b80        0x0 c:/users/arek/documents/mkclipse/avr toolchain/bin/../lib/gcc/avr/5.4.0/avr5\libgcc.a(_divmodhi4.o)
 .text.libgcc.mul
                0x00002b80        0x0 c:/users/arek/documents/mkclipse/avr toolchain/bin/../lib/gcc/avr/5.4.0/avr5\libgcc.a(_udivmodsi4.o)
 .text.libgcc.div
                0x00002b80       0x44 c:/users/arek/documents/mkclipse/avr toolchain/bin/../lib/gcc/avr/5.4.0/avr5\libgcc.a(_udivmodsi4.o)
                0x00002b80                __udivmodsi4
 .text.libgcc   0x00002bc4        0x0 c:/users/arek/documents/mkclipse/avr toolchain/bin/../lib/gcc/avr/5.4.0/avr5\libgcc.a(_udivmodsi4.o)
 .text.libgcc.prologue
                0x00002bc4        0x0 c:/users/arek/documents/mkclipse/avr toolchain/bin/../lib/gcc/avr/5.4.0/avr5\libgcc.a(_udivmodsi4.o)
 .text.libgcc.builtins
                0x00002bc4        0x0 c:/users/arek/documents/mkclipse/avr toolchain/bin/../lib/gcc/avr/5.4.0/avr5\libgcc.a(_udivmodsi4.o)
 .text.libgcc.fmul
                0x00002bc4        0x0 c:/users/arek/documents/mkclipse/avr toolchain/bin/../lib/gcc/avr/5.4.0/avr5\libgcc.a(_udivmodsi4.o)
 .text.libgcc.fixed
                0x00002bc4        0x0 c:/users/arek/documents/mkclipse/avr toolchain/bin/../lib/gcc/avr/5.4.0/avr5\libgcc.a(_udivmodsi4.o)
 .text.libgcc.mul
                0x00002bc4        0x0 c:/users/arek/documents/mkclipse/avr toolchain/bin/../lib/gcc/avr/5.4.0/avr5\libgcc.a(_exit.o)
 .text.libgcc.div
                0x00002bc4        0x0 c:/users/arek/documents/mkclipse/avr toolchain/bin/../lib/gcc/avr/5.4.0/avr5\libgcc.a(_exit.o)
 .text.libgcc   0x00002bc4        0x0 c:/users/arek/documents/mkclipse/avr toolchain/bin/../lib/gcc/avr/5.4.0/avr5\libgcc.a(_exit.o)
 .text.libgcc.prologue
                0x00002bc4        0x0 c:/users/arek/documents/mkclipse/avr toolchain/bin/../lib/gcc/avr/5.4.0/avr5\libgcc.a(_exit.o)
 .text.libgcc.builtins
                0x00002bc4        0x0 c:/users/arek/documents/mkclipse/avr toolchain/bin/../lib/gcc/avr/5.4.0/avr5\libgcc.a(_exit.o)
 .text.libgcc.fmul
                0x00002bc4        0x0 c:/users/arek/documents/mkclipse/avr toolchain/bin/../lib/gcc/avr/5.4.0/avr5\libgcc.a(_exit.o)
 .text.libgcc.fixed
                0x00002bc4        0x0 c:/users/arek/documents/mkclipse/avr toolchain/bin/../lib/gcc/avr/5.4.0/avr5\libgcc.a(_exit.o)
 .text.libgcc.mul
                0x00002bc4        0x0 c:/users/arek/documents/mkclipse/avr toolchain/bin/../lib/gcc/avr/5.4.0/avr5\libgcc.a(_tablejump2.o)
 .text.libgcc.div
                0x00002bc4        0x0 c:/users/arek/documents/mkclipse/avr toolchain/bin/../lib/gcc/avr/5.4.0/avr5\libgcc.a(_tablejump2.o)
 .text.libgcc   0x00002bc4        0xc c:/users/arek/documents/mkclipse/avr toolchain/bin/../lib/gcc/avr/5.4.0/avr5\libgcc.a(_tablejump2.o)
                0x00002bc4                __tablejump2__
 .text.libgcc.prologue
                0x00002bd0        0x0 c:/users/arek/documents/mkclipse/avr toolchain/bin/../lib/gcc/avr/5.4.0/avr5\libgcc.a(_tablejump2.o)
 .text.libgcc.builtins
                0x00002bd0        0x0 c:/users/arek/documents/mkclipse/avr toolchain/bin/../lib/gcc/avr/5.4.0/avr5\libgcc.a(_tablejump2.o)
 .text.libgcc.fmul
                0x00002bd0        0x0 c:/users/arek/documents/mkclipse/avr toolchain/bin/../lib/gcc/avr/5.4.0/avr5\libgcc.a(_tablejump2.o)
 .text.libgcc.fixed
                0x00002bd0        0x0 c:/users/arek/documents/mkclipse/avr toolchain/bin/../lib/gcc/avr/5.4.0/avr5\libgcc.a(_tablejump2.o)
 .text.libgcc.mul
                0x00002bd0        0x0 c:/users/arek/documents/mkclipse/avr toolchain/bin/../lib/gcc/avr/5.4.0/avr5\libgcc.a(_copy_data.o)
 .text.libgcc.div
                0x00002bd0        0x0 c:/users/arek/documents/mkclipse/avr toolchain/bin/../lib/gcc/avr/5.4.0/avr5\libgcc.a(_copy_data.o)
 .text.libgcc   0x00002bd0        0x0 c:/users/arek/documents/mkclipse/avr toolchain/bin/../lib/gcc/avr/5.4.0/avr5\libgcc.a(_copy_data.o)
 .text.libgcc.prologue
                0x00002bd0        0x0 c:/users/arek/documents/mkclipse/avr toolchain/bin/../lib/gcc/avr/5.4.0/avr5\libgcc.a(_copy_data.o)
 .text.libgcc.builtins
                0x00002bd0        0x0 c:/users/arek/documents/mkclipse/avr toolchain/bin/../lib/gcc/avr/5.4.0/avr5\libgcc.a(_copy_data.o)
 .text.libgcc.fmul
                0x00002bd0        0x0 c:/users/arek/documents/mkclipse/avr toolchain/bin/../lib/gcc/avr/5.4.0/avr5\libgcc.a(_copy_data.o)
 .text.libgcc.fixed
                0x00002bd0        0x0 c:/users/arek/documents/mkclipse/avr toolchain/bin/../lib/gcc/avr/5.4.0/avr5\libgcc.a(_copy_data.o)
 .text.libgcc.mul
                0x00002bd0        0x0 c:/users/arek/documents/mkclipse/avr toolchain/bin/../lib/gcc/avr/5.4.0/avr5\libgcc.a(_clear_bss.o)
 .text.libgcc.div
                0x00002bd0        0x0 c:/users/arek/documents/mkclipse/avr toolchain/bin/../lib/gcc/avr/5.4.0/avr5\libgcc.a(_clear_bss.o)
 .text.libgcc   0x00002bd0        0x0 c:/users/arek/documents/mkclipse/avr toolchain/bin/../lib/gcc/avr/5.4.0/avr5\libgcc.a(_clear_bss.o)
 .text.libgcc.prologue
                0x00002bd0        0x0 c:/users/arek/documents/mkclipse/avr toolchain/bin/../lib/gcc/avr/5.4.0/avr5\libgcc.a(_clear_bss.o)
 .text.libgcc.builtins
                0x00002bd0        0x0 c:/users/arek/documents/mkclipse/avr toolchain/bin/../lib/gcc/avr/5.4.0/avr5\libgcc.a(_clear_bss.o)
 .text.libgcc.fmul
                0x00002bd0        0x0 c:/users/arek/documents/mkclipse/avr toolchain/bin/../lib/gcc/avr/5.4.0/avr5\libgcc.a(_clear_bss.o)
 .text.libgcc.fixed
                0x00002bd0        0x0 c:/users/arek/documents/mkclipse/avr toolchain/bin/../lib/gcc/avr/5.4.0/avr5\libgcc.a(_clear_bss.o)
 .text.libgcc.mul
                0x00002bd0        0x0 c:/users/arek/documents/mkclipse/avr toolchain/bin/../lib/gcc/avr/5.4.0/avr5\libgcc.a(_udivmodhi4.o)
 .text.libgcc.div
                0x00002bd0       0x28 c:/users/arek/documents/mkclipse/avr toolchain/bin/../lib/gcc/avr/5.4.0/avr5\libgcc.a(_udivmodhi4.o)
                0x00002bd0                __udivmodhi4
 .text.libgcc   0x00002bf8        0x0 c:/users/arek/documents/mkclipse/avr toolchain/bin/../lib/gcc/avr/5.4.0/avr5\libgcc.a(_udivmodhi4.o)
 .text.libgcc.prologue
                0x00002bf8        0x0 c:/users/arek/documents/mkclipse/avr toolchain/bin/../lib/gcc/avr/5.4.0/avr5\libgcc.a(_udivmodhi4.o)
 .text.libgcc.builtins
                0x00002bf8        0x0 c:/users/arek/documents/mkclipse/avr toolchain/bin/../lib/gcc/avr/5.4.0/avr5\libgcc.a(_udivmodhi4.o)
 .text.libgcc.fmul
                0x00002bf8        0x0 c:/users/arek/documents/mkclipse/avr toolchain/bin/../lib/gcc/avr/5.4.0/avr5\libgcc.a(_udivmodhi4.o)
 .text.libgcc.fixed
                0x00002bf8        0x0 c:/users/arek/documents/mkclipse/avr toolchain/bin/../lib/gcc/avr/5.4.0/avr5\libgcc.a(_udivmodhi4.o)
 .text.avr-libc.fplib
                0x00002bf8        0xa c:/users/arek/documents/mkclipse/avr toolchain/bin/../lib/gcc/avr/5.4.0/../../../../avr/lib/avr5\libm.a(addsf3.o)
                0x00002bf8                __subsf3
                0x00002bfa                __addsf3
 .text.avr-libc.fplib
                0x00002c02       0xc0 c:/users/arek/documents/mkclipse/avr toolchain/bin/../lib/gcc/avr/5.4.0/../../../../avr/lib/avr5\libm.a(addsf3x.o)
                0x00002c1c                __addsf3x
 .text.avr-libc.fplib
                0x00002cc2        0x4 c:/users/arek/documents/mkclipse/avr toolchain/bin/../lib/gcc/avr/5.4.0/../../../../avr/lib/avr5\libm.a(divsf3.o)
                0x00002cc2                __divsf3
 .text.avr-libc.fplib
                0x00002cc6       0xcc c:/users/arek/documents/mkclipse/avr toolchain/bin/../lib/gcc/avr/5.4.0/../../../../avr/lib/avr5\libm.a(divsf3x.o)
                0x00002cdc                __divsf3x
                0x00002ce0                __divsf3_pse
 .text.avr-libc.fplib
                0x00002d92        0xa c:/users/arek/documents/mkclipse/avr toolchain/bin/../lib/gcc/avr/5.4.0/../../../../avr/lib/avr5\libm.a(fixsfsi.o)
                0x00002d92                __fixsfsi
 .text.avr-libc.fplib
                0x00002d9c       0x58 c:/users/arek/documents/mkclipse/avr toolchain/bin/../lib/gcc/avr/5.4.0/../../../../avr/lib/avr5\libm.a(fixunssfsi.o)
                0x00002d9c                __fixunssfsi
 .text.avr-libc.fplib
                0x00002df4       0x7a c:/users/arek/documents/mkclipse/avr toolchain/bin/../lib/gcc/avr/5.4.0/../../../../avr/lib/avr5\libm.a(floatsisf.o)
                0x00002df4                __floatunsisf
                0x00002df8                __floatsisf
 .text.avr-libc.fplib
                0x00002e6e        0xc c:/users/arek/documents/mkclipse/avr toolchain/bin/../lib/gcc/avr/5.4.0/../../../../avr/lib/avr5\libm.a(fp_inf.o)
                0x00002e6e                __fp_inf
 .text.avr-libc.fplib
                0x00002e7a        0x6 c:/users/arek/documents/mkclipse/avr toolchain/bin/../lib/gcc/avr/5.4.0/../../../../avr/lib/avr5\libm.a(fp_nan.o)
                0x00002e7a                __fp_nan
 .text.avr-libc.fplib
                0x00002e80        0xe c:/users/arek/documents/mkclipse/avr toolchain/bin/../lib/gcc/avr/5.4.0/../../../../avr/lib/avr5\libm.a(fp_pscA.o)
                0x00002e80                __fp_pscA
 .text.avr-libc.fplib
                0x00002e8e        0xe c:/users/arek/documents/mkclipse/avr toolchain/bin/../lib/gcc/avr/5.4.0/../../../../avr/lib/avr5\libm.a(fp_pscB.o)
                0x00002e8e                __fp_pscB
 .text.avr-libc.fplib
                0x00002e9c       0x22 c:/users/arek/documents/mkclipse/avr toolchain/bin/../lib/gcc/avr/5.4.0/../../../../avr/lib/avr5\libm.a(fp_round.o)
                0x00002e9c                __fp_round
 .text.avr-libc.fplib
                0x00002ebe       0x44 c:/users/arek/documents/mkclipse/avr toolchain/bin/../lib/gcc/avr/5.4.0/../../../../avr/lib/avr5\libm.a(fp_split3.o)
                0x00002ebe                __fp_split3
                0x00002ece                __fp_splitA
 .text.avr-libc.fplib
                0x00002f02        0xe c:/users/arek/documents/mkclipse/avr toolchain/bin/../lib/gcc/avr/5.4.0/../../../../avr/lib/avr5\libm.a(fp_zero.o)
                0x00002f02                __fp_zero
                0x00002f04                __fp_szero
 .text.avr-libc.fplib
                0x00002f10        0x4 c:/users/arek/documents/mkclipse/avr toolchain/bin/../lib/gcc/avr/5.4.0/../../../../avr/lib/avr5\libm.a(mulsf3.o)
                0x00002f10                __mulsf3
 .text.avr-libc.fplib
                0x00002f14       0xc2 c:/users/arek/documents/mkclipse/avr toolchain/bin/../lib/gcc/avr/5.4.0/../../../../avr/lib/avr5\libm.a(mulsf3x.o)
                0x00002f28                __mulsf3x
                0x00002f2c                __mulsf3_pse
 .text.avr-libc
                0x00002fd6       0x42 c:/users/arek/documents/mkclipse/avr toolchain/bin/../lib/gcc/avr/5.4.0/../../../../avr/lib/avr5\libc.a(dtostrf.o)
                0x00002fd6                dtostrf
 .text.avr-libc
                0x00003018       0x12 c:/users/arek/documents/mkclipse/avr toolchain/bin/../lib/gcc/avr/5.4.0/../../../../avr/lib/avr5\libc.a(strlen_P.o)
                0x00003018                __strlen_P
 .text.avr-libc
                0x0000302a       0x10 c:/users/arek/documents/mkclipse/avr toolchain/bin/../lib/gcc/avr/5.4.0/../../../../avr/lib/avr5\libc.a(eerd_byte_atmega32u4.o)
                0x0000302a                __eerd_byte_m32u4
 .text.avr-libc
                0x0000303a       0x24 c:/users/arek/documents/mkclipse/avr toolchain/bin/../lib/gcc/avr/5.4.0/../../../../avr/lib/avr5\libc.a(eeupd_byte_atmega32u4.o)
                0x0000303a                __eeupd_byte_m32u4
                0x0000303c                __eeupd_r18_m32u4
 .text.avr-libc
                0x0000305e      0x2fc c:/users/arek/documents/mkclipse/avr toolchain/bin/../lib/gcc/avr/5.4.0/../../../../avr/lib/avr5\libc.a(dtoa_prf.o)
                0x0000305e                dtoa_prf
 .text.avr-libc
                0x0000335a      0x1b0 c:/users/arek/documents/mkclipse/avr toolchain/bin/../lib/gcc/avr/5.4.0/../../../../avr/lib/avr5\libc.a(ftoa_engine.o)
                0x0000335a                __ftoa_engine
                0x0000350a                . = ALIGN (0x2)
 *(.fini9)
 .fini9         0x0000350a        0x0 c:/users/arek/documents/mkclipse/avr toolchain/bin/../lib/gcc/avr/5.4.0/avr5\libgcc.a(_exit.o)
                0x0000350a                _exit
                0x0000350a                exit
 *(.fini9)
 *(.fini8)
 *(.fini8)
 *(.fini7)
 *(.fini7)
 *(.fini6)
 *(.fini6)
 *(.fini5)
 *(.fini5)
 *(.fini4)
 *(.fini4)
 *(.fini3)
 *(.fini3)
 *(.fini2)
 *(.fini2)
 *(.fini1)
 *(.fini1)
 *(.fini0)
 .fini0         0x0000350a        0x4 c:/users/arek/documents/mkclipse/avr toolchain/bin/../lib/gcc/avr/5.4.0/avr5\libgcc.a(_exit.o)
 *(.fini0)
                0x0000350e                _etext = .

.data           0x00800100       0x28 load address 0x0000350e
                0x00800100                PROVIDE (__data_start, .)
 *(.data)
 .data          0x00800100        0x0 c:/users/arek/documents/mkclipse/avr toolchain/bin/../lib/gcc/avr/5.4.0/../../../../avr/lib/avr5/crtatmega32u4.o
 .data          0x00800100        0x0 ./TWI/master.o
 .data          0x00800100        0x0 ./SHTC3/SHTC3.o
 .data          0x00800100        0x0 ./LUFA/Drivers/USB/Core/AVR8/Device_AVR8.o
 .data          0x00800100        0x0 ./LUFA/Drivers/USB/Core/AVR8/EndpointStream_AVR8.o
 .data          0x00800100        0x0 ./LUFA/Drivers/USB/Core/AVR8/Endpoint_AVR8.o
 .data          0x00800100        0x0 ./LUFA/Drivers/USB/Core/AVR8/Host_AVR8.o
 .data          0x00800100        0x0 ./LUFA/Drivers/USB/Core/AVR8/PipeStream_AVR8.o
 .data          0x00800100        0x0 ./LUFA/Drivers/USB/Core/AVR8/Pipe_AVR8.o
 .data          0x00800100        0x0 ./LUFA/Drivers/USB/Core/AVR8/USBController_AVR8.o
 .data          0x00800100        0x0 ./LUFA/Drivers/USB/Core/AVR8/USBInterrupt_AVR8.o
 .data          0x00800100        0x0 ./LUFA/Drivers/USB/Core/ConfigDescriptors.o
 .data          0x00800100        0x0 ./LUFA/Drivers/USB/Core/DeviceStandardReq.o
 .data          0x00800100        0x0 ./LUFA/Drivers/USB/Core/Events.o
 .data          0x00800100        0x0 ./LUFA/Drivers/USB/Core/HostStandardReq.o
 .data          0x00800100        0x0 ./LUFA/Drivers/USB/Core/USBTask.o
 .data          0x00800100        0x0 ./LUFA/Drivers/USB/Class/Device/CDCClassDevice.o
 .data          0x00800100        0x0 ./LCD/HD44780.o
 .data          0x00800100        0x0 ./Descriptors.o
 .data          0x00800100        0x0 ./main.o
 .data          0x00800100        0x0 c:/users/arek/documents/mkclipse/avr toolchain/bin/../lib/gcc/avr/5.4.0/avr5\libgcc.a(_divmodhi4.o)
 .data          0x00800100        0x0 c:/users/arek/documents/mkclipse/avr toolchain/bin/../lib/gcc/avr/5.4.0/avr5\libgcc.a(_udivmodsi4.o)
 .data          0x00800100        0x0 c:/users/arek/documents/mkclipse/avr toolchain/bin/../lib/gcc/avr/5.4.0/avr5\libgcc.a(_exit.o)
 .data          0x00800100        0x0 c:/users/arek/documents/mkclipse/avr toolchain/bin/../lib/gcc/avr/5.4.0/avr5\libgcc.a(_tablejump2.o)
 .data          0x00800100        0x0 c:/users/arek/documents/mkclipse/avr toolchain/bin/../lib/gcc/avr/5.4.0/avr5\libgcc.a(_copy_data.o)
 .data          0x00800100        0x0 c:/users/arek/documents/mkclipse/avr toolchain/bin/../lib/gcc/avr/5.4.0/avr5\libgcc.a(_clear_bss.o)
 .data          0x00800100        0x0 c:/users/arek/documents/mkclipse/avr toolchain/bin/../lib/gcc/avr/5.4.0/avr5\libgcc.a(_udivmodhi4.o)
 .data          0x00800100        0x0 c:/users/arek/documents/mkclipse/avr toolchain/bin/../lib/gcc/avr/5.4.0/../../../../avr/lib/avr5\libm.a(addsf3.o)
 .data          0x00800100        0x0 c:/users/arek/documents/mkclipse/avr toolchain/bin/../lib/gcc/avr/5.4.0/../../../../avr/lib/avr5\libm.a(addsf3x.o)
 .data          0x00800100        0x0 c:/users/arek/documents/mkclipse/avr toolchain/bin/../lib/gcc/avr/5.4.0/../../../../avr/lib/avr5\libm.a(divsf3.o)
 .data          0x00800100        0x0 c:/users/arek/documents/mkclipse/avr toolchain/bin/../lib/gcc/avr/5.4.0/../../../../avr/lib/avr5\libm.a(divsf3x.o)
 .data          0x00800100        0x0 c:/users/arek/documents/mkclipse/avr toolchain/bin/../lib/gcc/avr/5.4.0/../../../../avr/lib/avr5\libm.a(fixsfsi.o)
 .data          0x00800100        0x0 c:/users/arek/documents/mkclipse/avr toolchain/bin/../lib/gcc/avr/5.4.0/../../../../avr/lib/avr5\libm.a(fixunssfsi.o)
 .data          0x00800100        0x0 c:/users/arek/documents/mkclipse/avr toolchain/bin/../lib/gcc/avr/5.4.0/../../../../avr/lib/avr5\libm.a(floatsisf.o)
 .data          0x00800100        0x0 c:/users/arek/documents/mkclipse/avr toolchain/bin/../lib/gcc/avr/5.4.0/../../../../avr/lib/avr5\libm.a(fp_inf.o)
 .data          0x00800100        0x0 c:/users/arek/documents/mkclipse/avr toolchain/bin/../lib/gcc/avr/5.4.0/../../../../avr/lib/avr5\libm.a(fp_nan.o)
 .data          0x00800100        0x0 c:/users/arek/documents/mkclipse/avr toolchain/bin/../lib/gcc/avr/5.4.0/../../../../avr/lib/avr5\libm.a(fp_pscA.o)
 .data          0x00800100        0x0 c:/users/arek/documents/mkclipse/avr toolchain/bin/../lib/gcc/avr/5.4.0/../../../../avr/lib/avr5\libm.a(fp_pscB.o)
 .data          0x00800100        0x0 c:/users/arek/documents/mkclipse/avr toolchain/bin/../lib/gcc/avr/5.4.0/../../../../avr/lib/avr5\libm.a(fp_round.o)
 .data          0x00800100        0x0 c:/users/arek/documents/mkclipse/avr toolchain/bin/../lib/gcc/avr/5.4.0/../../../../avr/lib/avr5\libm.a(fp_split3.o)
 .data          0x00800100        0x0 c:/users/arek/documents/mkclipse/avr toolchain/bin/../lib/gcc/avr/5.4.0/../../../../avr/lib/avr5\libm.a(fp_zero.o)
 .data          0x00800100        0x0 c:/users/arek/documents/mkclipse/avr toolchain/bin/../lib/gcc/avr/5.4.0/../../../../avr/lib/avr5\libm.a(mulsf3.o)
 .data          0x00800100        0x0 c:/users/arek/documents/mkclipse/avr toolchain/bin/../lib/gcc/avr/5.4.0/../../../../avr/lib/avr5\libm.a(mulsf3x.o)
 .data          0x00800100        0x0 c:/users/arek/documents/mkclipse/avr toolchain/bin/../lib/gcc/avr/5.4.0/../../../../avr/lib/avr5\libc.a(dtostrf.o)
 .data          0x00800100        0x0 c:/users/arek/documents/mkclipse/avr toolchain/bin/../lib/gcc/avr/5.4.0/../../../../avr/lib/avr5\libc.a(strlen_P.o)
 .data          0x00800100        0x0 c:/users/arek/documents/mkclipse/avr toolchain/bin/../lib/gcc/avr/5.4.0/../../../../avr/lib/avr5\libc.a(eerd_byte_atmega32u4.o)
 .data          0x00800100        0x0 c:/users/arek/documents/mkclipse/avr toolchain/bin/../lib/gcc/avr/5.4.0/../../../../avr/lib/avr5\libc.a(eeupd_byte_atmega32u4.o)
 .data          0x00800100        0x0 c:/users/arek/documents/mkclipse/avr toolchain/bin/../lib/gcc/avr/5.4.0/../../../../avr/lib/avr5\libc.a(dtoa_prf.o)
 .data          0x00800100        0x0 c:/users/arek/documents/mkclipse/avr toolchain/bin/../lib/gcc/avr/5.4.0/../../../../avr/lib/avr5\libc.a(ftoa_engine.o)
 *(.data*)
 .data.USB_Device_ControlEndpointSize
                0x00800100        0x1 ./LUFA/Drivers/USB/Core/AVR8/Endpoint_AVR8.o
                0x00800100                USB_Device_ControlEndpointSize
 .data.VirtualSerial_CDC_Interface
                0x00800101       0x1b ./main.o
                0x00800101                VirtualSerial_CDC_Interface
 *(.rodata)
 .rodata        0x0080011c        0x8 ./LUFA/Drivers/USB/Class/Device/CDCClassDevice.o
 *(.rodata*)
 .rodata.Precision
                0x00800124        0x4 ./main.o
                0x00800124                Precision
 *(.gnu.linkonce.d*)
                0x00800128                . = ALIGN (0x2)
                0x00800128                _edata = .
                0x00800128                PROVIDE (__data_end, .)

.bss            0x00800128       0xb9
                0x00800128                PROVIDE (__bss_start, .)
 *(.bss)
 .bss           0x00800128        0x0 c:/users/arek/documents/mkclipse/avr toolchain/bin/../lib/gcc/avr/5.4.0/../../../../avr/lib/avr5/crtatmega32u4.o
 .bss           0x00800128        0x0 ./TWI/master.o
 .bss           0x00800128        0x0 ./SHTC3/SHTC3.o
 .bss           0x00800128        0x0 ./LUFA/Drivers/USB/Core/AVR8/Device_AVR8.o
 .bss           0x00800128        0x0 ./LUFA/Drivers/USB/Core/AVR8/EndpointStream_AVR8.o
 .bss           0x00800128        0x0 ./LUFA/Drivers/USB/Core/AVR8/Endpoint_AVR8.o
 .bss           0x00800128        0x0 ./LUFA/Drivers/USB/Core/AVR8/Host_AVR8.o
 .bss           0x00800128        0x0 ./LUFA/Drivers/USB/Core/AVR8/PipeStream_AVR8.o
 .bss           0x00800128        0x0 ./LUFA/Drivers/USB/Core/AVR8/Pipe_AVR8.o
 .bss           0x00800128        0x0 ./LUFA/Drivers/USB/Core/AVR8/USBController_AVR8.o
 .bss           0x00800128        0x0 ./LUFA/Drivers/USB/Core/AVR8/USBInterrupt_AVR8.o
 .bss           0x00800128        0x0 ./LUFA/Drivers/USB/Core/ConfigDescriptors.o
 .bss           0x00800128        0x0 ./LUFA/Drivers/USB/Core/DeviceStandardReq.o
 .bss           0x00800128        0x0 ./LUFA/Drivers/USB/Core/Events.o
 .bss           0x00800128        0x0 ./LUFA/Drivers/USB/Core/HostStandardReq.o
 .bss           0x00800128        0x0 ./LUFA/Drivers/USB/Core/USBTask.o
 .bss           0x00800128        0x0 ./LUFA/Drivers/USB/Class/Device/CDCClassDevice.o
 .bss           0x00800128        0x0 ./LCD/HD44780.o
 .bss           0x00800128        0x0 ./Descriptors.o
 .bss           0x00800128        0x0 ./main.o
 .bss           0x00800128        0x0 c:/users/arek/documents/mkclipse/avr toolchain/bin/../lib/gcc/avr/5.4.0/avr5\libgcc.a(_divmodhi4.o)
 .bss           0x00800128        0x0 c:/users/arek/documents/mkclipse/avr toolchain/bin/../lib/gcc/avr/5.4.0/avr5\libgcc.a(_udivmodsi4.o)
 .bss           0x00800128        0x0 c:/users/arek/documents/mkclipse/avr toolchain/bin/../lib/gcc/avr/5.4.0/avr5\libgcc.a(_exit.o)
 .bss           0x00800128        0x0 c:/users/arek/documents/mkclipse/avr toolchain/bin/../lib/gcc/avr/5.4.0/avr5\libgcc.a(_tablejump2.o)
 .bss           0x00800128        0x0 c:/users/arek/documents/mkclipse/avr toolchain/bin/../lib/gcc/avr/5.4.0/avr5\libgcc.a(_copy_data.o)
 .bss           0x00800128        0x0 c:/users/arek/documents/mkclipse/avr toolchain/bin/../lib/gcc/avr/5.4.0/avr5\libgcc.a(_clear_bss.o)
 .bss           0x00800128        0x0 c:/users/arek/documents/mkclipse/avr toolchain/bin/../lib/gcc/avr/5.4.0/avr5\libgcc.a(_udivmodhi4.o)
 .bss           0x00800128        0x0 c:/users/arek/documents/mkclipse/avr toolchain/bin/../lib/gcc/avr/5.4.0/../../../../avr/lib/avr5\libm.a(addsf3.o)
 .bss           0x00800128        0x0 c:/users/arek/documents/mkclipse/avr toolchain/bin/../lib/gcc/avr/5.4.0/../../../../avr/lib/avr5\libm.a(addsf3x.o)
 .bss           0x00800128        0x0 c:/users/arek/documents/mkclipse/avr toolchain/bin/../lib/gcc/avr/5.4.0/../../../../avr/lib/avr5\libm.a(divsf3.o)
 .bss           0x00800128        0x0 c:/users/arek/documents/mkclipse/avr toolchain/bin/../lib/gcc/avr/5.4.0/../../../../avr/lib/avr5\libm.a(divsf3x.o)
 .bss           0x00800128        0x0 c:/users/arek/documents/mkclipse/avr toolchain/bin/../lib/gcc/avr/5.4.0/../../../../avr/lib/avr5\libm.a(fixsfsi.o)
 .bss           0x00800128        0x0 c:/users/arek/documents/mkclipse/avr toolchain/bin/../lib/gcc/avr/5.4.0/../../../../avr/lib/avr5\libm.a(fixunssfsi.o)
 .bss           0x00800128        0x0 c:/users/arek/documents/mkclipse/avr toolchain/bin/../lib/gcc/avr/5.4.0/../../../../avr/lib/avr5\libm.a(floatsisf.o)
 .bss           0x00800128        0x0 c:/users/arek/documents/mkclipse/avr toolchain/bin/../lib/gcc/avr/5.4.0/../../../../avr/lib/avr5\libm.a(fp_inf.o)
 .bss           0x00800128        0x0 c:/users/arek/documents/mkclipse/avr toolchain/bin/../lib/gcc/avr/5.4.0/../../../../avr/lib/avr5\libm.a(fp_nan.o)
 .bss           0x00800128        0x0 c:/users/arek/documents/mkclipse/avr toolchain/bin/../lib/gcc/avr/5.4.0/../../../../avr/lib/avr5\libm.a(fp_pscA.o)
 .bss           0x00800128        0x0 c:/users/arek/documents/mkclipse/avr toolchain/bin/../lib/gcc/avr/5.4.0/../../../../avr/lib/avr5\libm.a(fp_pscB.o)
 .bss           0x00800128        0x0 c:/users/arek/documents/mkclipse/avr toolchain/bin/../lib/gcc/avr/5.4.0/../../../../avr/lib/avr5\libm.a(fp_round.o)
 .bss           0x00800128        0x0 c:/users/arek/documents/mkclipse/avr toolchain/bin/../lib/gcc/avr/5.4.0/../../../../avr/lib/avr5\libm.a(fp_split3.o)
 .bss           0x00800128        0x0 c:/users/arek/documents/mkclipse/avr toolchain/bin/../lib/gcc/avr/5.4.0/../../../../avr/lib/avr5\libm.a(fp_zero.o)
 .bss           0x00800128        0x0 c:/users/arek/documents/mkclipse/avr toolchain/bin/../lib/gcc/avr/5.4.0/../../../../avr/lib/avr5\libm.a(mulsf3.o)
 .bss           0x00800128        0x0 c:/users/arek/documents/mkclipse/avr toolchain/bin/../lib/gcc/avr/5.4.0/../../../../avr/lib/avr5\libm.a(mulsf3x.o)
 .bss           0x00800128        0x0 c:/users/arek/documents/mkclipse/avr toolchain/bin/../lib/gcc/avr/5.4.0/../../../../avr/lib/avr5\libc.a(dtostrf.o)
 .bss           0x00800128        0x0 c:/users/arek/documents/mkclipse/avr toolchain/bin/../lib/gcc/avr/5.4.0/../../../../avr/lib/avr5\libc.a(strlen_P.o)
 .bss           0x00800128        0x0 c:/users/arek/documents/mkclipse/avr toolchain/bin/../lib/gcc/avr/5.4.0/../../../../avr/lib/avr5\libc.a(eerd_byte_atmega32u4.o)
 .bss           0x00800128        0x0 c:/users/arek/documents/mkclipse/avr toolchain/bin/../lib/gcc/avr/5.4.0/../../../../avr/lib/avr5\libc.a(eeupd_byte_atmega32u4.o)
 .bss           0x00800128        0x0 c:/users/arek/documents/mkclipse/avr toolchain/bin/../lib/gcc/avr/5.4.0/../../../../avr/lib/avr5\libc.a(dtoa_prf.o)
 .bss           0x00800128        0x0 c:/users/arek/documents/mkclipse/avr toolchain/bin/../lib/gcc/avr/5.4.0/../../../../avr/lib/avr5\libc.a(ftoa_engine.o)
 *(.bss*)
 .bss.TWI_SR    0x00800128        0x2 ./TWI/master.o
 .bss.SHTSR     0x0080012a        0xa ./SHTC3/SHTC3.o
 .bss.lcd_backlight
                0x00800134        0x1 ./LCD/HD44780.o
 .bss.LCDStream
                0x00800135        0xe ./main.o
 .bss.USBSerialStream
                0x00800143        0xe ./main.o
 *(COMMON)
 COMMON         0x00800151        0x1 ./LUFA/Drivers/USB/Core/AVR8/USBController_AVR8.o
                0x00800151                USB_Options
 COMMON         0x00800152        0x3 ./LUFA/Drivers/USB/Core/DeviceStandardReq.o
                0x00800152                USB_Device_ConfigurationNumber
                0x00800153                USB_Device_CurrentlySelfPowered
                0x00800154                USB_Device_RemoteWakeupEnabled
 COMMON         0x00800155        0xa ./LUFA/Drivers/USB/Core/USBTask.o
                0x00800155                USB_IsInitialized
                0x00800156                USB_DeviceState
                0x00800157                USB_ControlRequest
 COMMON         0x0080015f       0x82 ./main.o
                0x0080015f                System
                0x008001e1                PROVIDE (__bss_end, .)
                0x0000350e                __data_load_start = LOADADDR (.data)
                0x00003536                __data_load_end = (__data_load_start + SIZEOF (.data))

.noinit         0x008001e1        0x0
                0x008001e1                PROVIDE (__noinit_start, .)
 *(.noinit*)
                0x008001e1                PROVIDE (__noinit_end, .)
                0x008001e1                _end = .
                0x008001e1                PROVIDE (__heap_start, .)

.eeprom         0x00810000        0x0
 *(.eeprom*)
                0x00810000                __eeprom_end = .

.fuse
 *(.fuse)
 *(.lfuse)
 *(.hfuse)
 *(.efuse)

.lock
 *(.lock*)

.signature
 *(.signature*)

.user_signatures
 *(.user_signatures*)

.stab
 *(.stab)

.stabstr
 *(.stabstr)

.stab.excl
 *(.stab.excl)

.stab.exclstr
 *(.stab.exclstr)

.stab.index
 *(.stab.index)

.stab.indexstr
 *(.stab.indexstr)

.comment        0x00000000       0x60
 *(.comment)
 .comment       0x00000000       0x30 ./TWI/master.o
                                 0x31 (size before relaxing)
 .comment       0x00000000       0x31 ./SHTC3/SHTC3.o
 .comment       0x00000000       0x31 ./LUFA/Drivers/USB/Core/AVR8/Device_AVR8.o
 .comment       0x00000000       0x31 ./LUFA/Drivers/USB/Core/AVR8/EndpointStream_AVR8.o
 .comment       0x00000000       0x31 ./LUFA/Drivers/USB/Core/AVR8/Endpoint_AVR8.o
 .comment       0x00000000       0x31 ./LUFA/Drivers/USB/Core/AVR8/Host_AVR8.o
 .comment       0x00000000       0x31 ./LUFA/Drivers/USB/Core/AVR8/PipeStream_AVR8.o
 .comment       0x00000000       0x31 ./LUFA/Drivers/USB/Core/AVR8/Pipe_AVR8.o
 .comment       0x00000000       0x31 ./LUFA/Drivers/USB/Core/AVR8/USBController_AVR8.o
 .comment       0x00000000       0x31 ./LUFA/Drivers/USB/Core/AVR8/USBInterrupt_AVR8.o
 .comment       0x00000000       0x31 ./LUFA/Drivers/USB/Core/ConfigDescriptors.o
 .comment       0x00000000       0x31 ./LUFA/Drivers/USB/Core/DeviceStandardReq.o
 .comment       0x00000000       0x31 ./LUFA/Drivers/USB/Core/Events.o
 .comment       0x00000000       0x31 ./LUFA/Drivers/USB/Core/HostStandardReq.o
 .comment       0x00000000       0x31 ./LUFA/Drivers/USB/Core/USBTask.o
 .comment       0x00000000       0x31 ./LUFA/Drivers/USB/Class/Device/CDCClassDevice.o
 .comment       0x00000000       0x31 ./LCD/HD44780.o
 .comment       0x00000000       0x31 ./Descriptors.o
 .comment       0x00000000       0x31 ./main.o
 .comment       0x00000030       0x30 c:/users/arek/documents/mkclipse/avr toolchain/bin/../lib/gcc/avr/5.4.0/../../../../avr/lib/avr5\libc.a(dtostrf.o)
                                 0x31 (size before relaxing)
 .comment       0x00000000       0x31 c:/users/arek/documents/mkclipse/avr toolchain/bin/../lib/gcc/avr/5.4.0/../../../../avr/lib/avr5\libc.a(dtoa_prf.o)

.note.gnu.avr.deviceinfo
                0x00000000       0x40
 .note.gnu.avr.deviceinfo
                0x00000000       0x40 c:/users/arek/documents/mkclipse/avr toolchain/bin/../lib/gcc/avr/5.4.0/../../../../avr/lib/avr5/crtatmega32u4.o

.note.gnu.build-id
 *(.note.gnu.build-id)

.debug
 *(.debug)

.line
 *(.line)

.debug_srcinfo
 *(.debug_srcinfo)

.debug_sfnames
 *(.debug_sfnames)

.debug_aranges
 *(.debug_aranges)

.debug_pubnames
 *(.debug_pubnames)

.debug_info     0x00000000      0x9f4
 *(.debug_info .gnu.linkonce.wi.*)
 .debug_info    0x00000000      0x9f4 c:/users/arek/documents/mkclipse/avr toolchain/bin/../lib/gcc/avr/5.4.0/../../../../avr/lib/avr5/crtatmega32u4.o

.debug_abbrev   0x00000000      0x96a
 *(.debug_abbrev)
 .debug_abbrev  0x00000000      0x96a c:/users/arek/documents/mkclipse/avr toolchain/bin/../lib/gcc/avr/5.4.0/../../../../avr/lib/avr5/crtatmega32u4.o

.debug_line     0x00000000       0x1a
 *(.debug_line .debug_line.* .debug_line_end)
 .debug_line    0x00000000       0x1a c:/users/arek/documents/mkclipse/avr toolchain/bin/../lib/gcc/avr/5.4.0/../../../../avr/lib/avr5/crtatmega32u4.o

.debug_frame
 *(.debug_frame)

.debug_str      0x00000000      0x371
 *(.debug_str)
 .debug_str     0x00000000      0x371 c:/users/arek/documents/mkclipse/avr toolchain/bin/../lib/gcc/avr/5.4.0/../../../../avr/lib/avr5/crtatmega32u4.o

.debug_loc
 *(.debug_loc)

.debug_macinfo
 *(.debug_macinfo)

.debug_weaknames
 *(.debug_weaknames)

.debug_funcnames
 *(.debug_funcnames)

.debug_typenames
 *(.debug_typenames)

.debug_varnames
 *(.debug_varnames)

.debug_pubtypes
 *(.debug_pubtypes)

.debug_ranges
 *(.debug_ranges)

.debug_macro
 *(.debug_macro)
OUTPUT(CapacitySensor.elf elf32-avr)
LOAD linker stubs
