Archive member included because of file (symbol)

c:/users/arek/documents/mkclipse/avr toolchain/bin/../lib/gcc/avr/5.4.0/avr5\libgcc.a(_udivmodsi4.o)
                              ./TWI/master.o (__udivmodsi4)
c:/users/arek/documents/mkclipse/avr toolchain/bin/../lib/gcc/avr/5.4.0/avr5\libgcc.a(_exit.o)
                              c:/users/arek/documents/mkclipse/avr toolchain/bin/../lib/gcc/avr/5.4.0/../../../../avr/lib/avr5/crtatmega32u4.o (exit)
c:/users/arek/documents/mkclipse/avr toolchain/bin/../lib/gcc/avr/5.4.0/avr5\libgcc.a(_tablejump2.o)
                              ./LUFA/Drivers/USB/Core/DeviceStandardReq.o (__tablejump2__)
c:/users/arek/documents/mkclipse/avr toolchain/bin/../lib/gcc/avr/5.4.0/avr5\libgcc.a(_copy_data.o)
                              ./LUFA/Drivers/USB/Core/AVR8/Endpoint_AVR8.o (__do_copy_data)
c:/users/arek/documents/mkclipse/avr toolchain/bin/../lib/gcc/avr/5.4.0/avr5\libgcc.a(_clear_bss.o)
                              ./TWI/master.o (__do_clear_bss)
c:/users/arek/documents/mkclipse/avr toolchain/bin/../lib/gcc/avr/5.4.0/../../../../avr/lib/avr5\libm.a(addsf3.o)
                              ./SHTC3/SHTC3.o (__subsf3)
c:/users/arek/documents/mkclipse/avr toolchain/bin/../lib/gcc/avr/5.4.0/../../../../avr/lib/avr5\libm.a(addsf3x.o)
                              c:/users/arek/documents/mkclipse/avr toolchain/bin/../lib/gcc/avr/5.4.0/../../../../avr/lib/avr5\libm.a(addsf3.o) (__addsf3x)
c:/users/arek/documents/mkclipse/avr toolchain/bin/../lib/gcc/avr/5.4.0/../../../../avr/lib/avr5\libm.a(cmpsf2.o)
                              ./SHTC3/SHTC3.o (__ltsf2)
c:/users/arek/documents/mkclipse/avr toolchain/bin/../lib/gcc/avr/5.4.0/../../../../avr/lib/avr5\libm.a(divsf3.o)
                              ./SHTC3/SHTC3.o (__divsf3)
c:/users/arek/documents/mkclipse/avr toolchain/bin/../lib/gcc/avr/5.4.0/../../../../avr/lib/avr5\libm.a(divsf3x.o)
                              c:/users/arek/documents/mkclipse/avr toolchain/bin/../lib/gcc/avr/5.4.0/../../../../avr/lib/avr5\libm.a(divsf3.o) (__divsf3x)
c:/users/arek/documents/mkclipse/avr toolchain/bin/../lib/gcc/avr/5.4.0/../../../../avr/lib/avr5\libm.a(fixunssfsi.o)
                              ./SHTC3/SHTC3.o (__fixunssfsi)
c:/users/arek/documents/mkclipse/avr toolchain/bin/../lib/gcc/avr/5.4.0/../../../../avr/lib/avr5\libm.a(floatsisf.o)
                              ./SHTC3/SHTC3.o (__floatunsisf)
c:/users/arek/documents/mkclipse/avr toolchain/bin/../lib/gcc/avr/5.4.0/../../../../avr/lib/avr5\libm.a(fp_cmp.o)
                              c:/users/arek/documents/mkclipse/avr toolchain/bin/../lib/gcc/avr/5.4.0/../../../../avr/lib/avr5\libm.a(cmpsf2.o) (__fp_cmp)
c:/users/arek/documents/mkclipse/avr toolchain/bin/../lib/gcc/avr/5.4.0/../../../../avr/lib/avr5\libm.a(fp_inf.o)
                              c:/users/arek/documents/mkclipse/avr toolchain/bin/../lib/gcc/avr/5.4.0/../../../../avr/lib/avr5\libm.a(addsf3x.o) (__fp_inf)
c:/users/arek/documents/mkclipse/avr toolchain/bin/../lib/gcc/avr/5.4.0/../../../../avr/lib/avr5\libm.a(fp_nan.o)
                              c:/users/arek/documents/mkclipse/avr toolchain/bin/../lib/gcc/avr/5.4.0/../../../../avr/lib/avr5\libm.a(addsf3x.o) (__fp_nan)
c:/users/arek/documents/mkclipse/avr toolchain/bin/../lib/gcc/avr/5.4.0/../../../../avr/lib/avr5\libm.a(fp_pscA.o)
                              c:/users/arek/documents/mkclipse/avr toolchain/bin/../lib/gcc/avr/5.4.0/../../../../avr/lib/avr5\libm.a(addsf3x.o) (__fp_pscA)
c:/users/arek/documents/mkclipse/avr toolchain/bin/../lib/gcc/avr/5.4.0/../../../../avr/lib/avr5\libm.a(fp_pscB.o)
                              c:/users/arek/documents/mkclipse/avr toolchain/bin/../lib/gcc/avr/5.4.0/../../../../avr/lib/avr5\libm.a(addsf3x.o) (__fp_pscB)
c:/users/arek/documents/mkclipse/avr toolchain/bin/../lib/gcc/avr/5.4.0/../../../../avr/lib/avr5\libm.a(fp_round.o)
                              c:/users/arek/documents/mkclipse/avr toolchain/bin/../lib/gcc/avr/5.4.0/../../../../avr/lib/avr5\libm.a(addsf3.o) (__fp_round)
c:/users/arek/documents/mkclipse/avr toolchain/bin/../lib/gcc/avr/5.4.0/../../../../avr/lib/avr5\libm.a(fp_split3.o)
                              c:/users/arek/documents/mkclipse/avr toolchain/bin/../lib/gcc/avr/5.4.0/../../../../avr/lib/avr5\libm.a(addsf3x.o) (__fp_split3)
c:/users/arek/documents/mkclipse/avr toolchain/bin/../lib/gcc/avr/5.4.0/../../../../avr/lib/avr5\libm.a(fp_zero.o)
                              c:/users/arek/documents/mkclipse/avr toolchain/bin/../lib/gcc/avr/5.4.0/../../../../avr/lib/avr5\libm.a(addsf3x.o) (__fp_zero)
c:/users/arek/documents/mkclipse/avr toolchain/bin/../lib/gcc/avr/5.4.0/../../../../avr/lib/avr5\libm.a(gesf2.o)
                              ./SHTC3/SHTC3.o (__gtsf2)
c:/users/arek/documents/mkclipse/avr toolchain/bin/../lib/gcc/avr/5.4.0/../../../../avr/lib/avr5\libm.a(mulsf3.o)
                              ./SHTC3/SHTC3.o (__mulsf3)
[...]
Memory Configuration

Name             Origin             Length             Attributes
text             0x00000000         0x00020000         xr
data             0x00800060         0x0000ffa0         rw !x
eeprom           0x00810000         0x00010000         rw !x
fuse             0x00820000         0x00000400         rw !x
lock             0x00830000         0x00000400         rw !x
signature        0x00840000         0x00000400         rw !x
user_signatures  0x00850000         0x00000400         rw !x
*default*        0x00000000         0xffffffff

Linker script and memory map

Address of section .data set to 0x800100
LOAD c:/users/arek/documents/mkclipse/avr toolchain/bin/../lib/gcc/avr/5.4.0/../../../../avr/lib/avr5/crtatmega32u4.o
LOAD ./TWI/master.o
LOAD ./SHTC3/SHTC3.o
LOAD ./LUFA/Drivers/USB/Core/XMEGA/Template/Template_Endpoint_Control_R.o
LOAD ./LUFA/Drivers/USB/Core/XMEGA/Template/Template_Endpoint_Control_W.o
LOAD ./LUFA/Drivers/USB/Core/XMEGA/Template/Template_Endpoint_RW.o
LOAD ./LUFA/Drivers/USB/Core/XMEGA/Device_XMEGA.o
LOAD ./LUFA/Drivers/USB/Core/XMEGA/EndpointStream_XMEGA.o
LOAD ./LUFA/Drivers/USB/Core/XMEGA/Endpoint_XMEGA.o
LOAD ./LUFA/Drivers/USB/Core/XMEGA/Host_XMEGA.o
LOAD ./LUFA/Drivers/USB/Core/XMEGA/PipeStream_XMEGA.o
LOAD ./LUFA/Drivers/USB/Core/XMEGA/Pipe_XMEGA.o
LOAD ./LUFA/Drivers/USB/Core/XMEGA/USBController_XMEGA.o
LOAD ./LUFA/Drivers/USB/Core/XMEGA/USBInterrupt_XMEGA.o
LOAD ./LUFA/Drivers/USB/Core/UC3/Template/Template_Endpoint_Control_R.o
LOAD ./LUFA/Drivers/USB/Core/UC3/Template/Template_Endpoint_Control_W.o
LOAD ./LUFA/Drivers/USB/Core/UC3/Template/Template_Endpoint_RW.o
LOAD ./LUFA/Drivers/USB/Core/UC3/Template/Template_Pipe_RW.o
LOAD ./LUFA/Drivers/USB/Core/UC3/Device_UC3.o
LOAD ./LUFA/Drivers/USB/Core/UC3/EndpointStream_UC3.o
LOAD ./LUFA/Drivers/USB/Core/UC3/Endpoint_UC3.o
LOAD ./LUFA/Drivers/USB/Core/UC3/Host_UC3.o
LOAD ./LUFA/Drivers/USB/Core/UC3/PipeStream_UC3.o
LOAD ./LUFA/Drivers/USB/Core/UC3/Pipe_UC3.o
LOAD ./LUFA/Drivers/USB/Core/UC3/USBController_UC3.o
LOAD ./LUFA/Drivers/USB/Core/UC3/USBInterrupt_UC3.o
LOAD ./LUFA/Drivers/USB/Core/AVR8/Device_AVR8.o
LOAD ./LUFA/Drivers/USB/Core/AVR8/EndpointStream_AVR8.o
LOAD ./LUFA/Drivers/USB/Core/AVR8/Endpoint_AVR8.o
LOAD ./LUFA/Drivers/USB/Core/AVR8/Host_AVR8.o
LOAD ./LUFA/Drivers/USB/Core/AVR8/PipeStream_AVR8.o
LOAD ./LUFA/Drivers/USB/Core/AVR8/Pipe_AVR8.o
LOAD ./LUFA/Drivers/USB/Core/AVR8/USBController_AVR8.o
LOAD ./LUFA/Drivers/USB/Core/AVR8/USBInterrupt_AVR8.o
LOAD ./LUFA/Drivers/USB/Core/ConfigDescriptors.o
LOAD ./LUFA/Drivers/USB/Core/DeviceStandardReq.o
LOAD ./LUFA/Drivers/USB/Core/Events.o
LOAD ./LUFA/Drivers/USB/Core/HostStandardReq.o
LOAD ./LUFA/Drivers/USB/Core/USBTask.o
LOAD ./LUFA/Drivers/USB/Class/Host/AndroidAccessoryClassHost.o
LOAD ./LUFA/Drivers/USB/Class/Host/AudioClassHost.o
LOAD ./LUFA/Drivers/USB/Class/Host/CDCClassHost.o
LOAD ./LUFA/Drivers/USB/Class/Host/HIDClassHost.o
LOAD ./LUFA/Drivers/USB/Class/Host/MIDIClassHost.o
LOAD ./LUFA/Drivers/USB/Class/Host/MassStorageClassHost.o
LOAD ./LUFA/Drivers/USB/Class/Host/PrinterClassHost.o
LOAD ./LUFA/Drivers/USB/Class/Host/RNDISClassHost.o
LOAD ./LUFA/Drivers/USB/Class/Host/StillImageClassHost.o
LOAD ./LUFA/Drivers/USB/Class/Device/AudioClassDevice.o
LOAD ./LUFA/Drivers/USB/Class/Device/CCIDClassDevice.o
LOAD ./LUFA/Drivers/USB/Class/Device/CDCClassDevice.o
LOAD ./LUFA/Drivers/USB/Class/Device/HIDClassDevice.o
LOAD ./LUFA/Drivers/USB/Class/Device/MIDIClassDevice.o
LOAD ./LUFA/Drivers/USB/Class/Device/MassStorageClassDevice.o
LOAD ./LUFA/Drivers/USB/Class/Device/PrinterClassDevice.o
LOAD ./LUFA/Drivers/USB/Class/Device/RNDISClassDevice.o
LOAD ./LUFA/Drivers/USB/Class/Common/HIDParser.o
LOAD ./LCD/HD44780.o
LOAD ./Descriptors.o
LOAD ./main.o
START GROUP
LOAD c:/users/arek/documents/mkclipse/avr toolchain/bin/../lib/gcc/avr/5.4.0/avr5\libgcc.a
LOAD c:/users/arek/documents/mkclipse/avr toolchain/bin/../lib/gcc/avr/5.4.0/../../../../avr/lib/avr5\libm.a
LOAD c:/users/arek/documents/mkclipse/avr toolchain/bin/../lib/gcc/avr/5.4.0/../../../../avr/lib/avr5\libc.a
LOAD c:/users/arek/documents/mkclipse/avr toolchain/bin/../lib/gcc/avr/5.4.0/../../../../avr/lib/avr5\libatmega32u4.a
END GROUP

.hash
 *(.hash)

.dynsym
 *(.dynsym)

.dynstr
 *(.dynstr)

.gnu.version
 *(.gnu.version)

.gnu.version_d
 *(.gnu.version_d)

.gnu.version_r
 *(.gnu.version_r)

.rel.init
 *(.rel.init)

.rela.init
 *(.rela.init)

.rel.text
 *(.rel.text)
 *(.rel.text.*)
 *(.rel.gnu.linkonce.t*)

.rela.text
 *(.rela.text)
 *(.rela.text.*)
 *(.rela.gnu.linkonce.t*)

.rel.fini
 *(.rel.fini)

.rela.fini
 *(.rela.fini)

.rel.rodata
 *(.rel.rodata)
 *(.rel.rodata.*)
 *(.rel.gnu.linkonce.r*)

.rela.rodata
 *(.rela.rodata)
 *(.rela.rodata.*)
 *(.rela.gnu.linkonce.r*)

.rel.data
 *(.rel.data)
 *(.rel.data.*)
 *(.rel.gnu.linkonce.d*)

.rela.data
 *(.rela.data)
 *(.rela.data.*)
 *(.rela.gnu.linkonce.d*)

.rel.ctors
 *(.rel.ctors)

.rela.ctors
 *(.rela.ctors)

.rel.dtors
 *(.rel.dtors)

.rela.dtors
 *(.rela.dtors)

.rel.got
 *(.rel.got)

.rela.got
 *(.rela.got)

.rel.bss
 *(.rel.bss)

.rela.bss
 *(.rela.bss)

.rel.plt
 *(.rel.plt)

.rela.plt
 *(.rela.plt)

.text           0x00000000     0xc0ea
 *(.vectors)
 .vectors       0x00000000       0xac c:/users/arek/documents/mkclipse/avr toolchain/bin/../lib/gcc/avr/5.4.0/../../../../avr/lib/avr5/crtatmega32u4.o
                0x00000000                __vector_default
                0x00000000                __vectors
 *(.vectors)
 *(.progmem.gcc*)
 .progmem.gcc_sw_table.USB_Device_ProcessControlRequest
                0x000000ac       0x14 ./LUFA/Drivers/USB/Core/DeviceStandardReq.o
 .progmem.gcc_sw_table.CCID_Device_USBTask
                0x000000c0       0x24 ./LUFA/Drivers/USB/Class/Device/CCIDClassDevice.o
 .progmem.gcc_sw_table.USB_ProcessHIDReport
                0x000000e4      0x17a ./LUFA/Drivers/USB/Class/Common/HIDParser.o
                0x0000025e                . = ALIGN (0x2)
                0x0000025e                __trampolines_start = .
 *(.trampolines)
 .trampolines   0x0000025e        0x0 linker stubs
 *(.trampolines*)
                0x0000025e                __trampolines_end = .
 *(.progmem*)
 .progmem.data.AdapterSupportedOIDList
                0x0000025e       0x6c ./LUFA/Drivers/USB/Class/Device/RNDISClassDevice.o
 .progmem.data.DeviceDescriptor
                0x000002ca       0x12 ./Descriptors.o
                0x000002ca                DeviceDescriptor
 .progmem.data.ConfigurationDescriptor
                0x000002dc       0x3e ./Descriptors.o
                0x000002dc                ConfigurationDescriptor
 .progmem.data.LanguageString
                0x0000031a        0x4 ./Descriptors.o
                0x0000031a                LanguageString
 .progmem.data.ManufacturerString
                0x0000031e       0x1c ./Descriptors.o
                0x0000031e                ManufacturerString
 .progmem.data.ProductString
                0x0000033a       0x1e ./Descriptors.o
                0x0000033a                ProductString
                0x00000358                . = ALIGN (0x2)
 *(.jumptables)
 *(.jumptables*)
 *(.lowtext)
 *(.lowtext*)
                0x00000358                __ctors_start = .
 *(.ctors)
                0x00000358                __ctors_end = .
                0x00000358                __dtors_start = .
 *(.dtors)
                0x00000358                __dtors_end = .
 SORT(*)(.ctors)
 SORT(*)(.dtors)
 *(.init0)
 .init0         0x00000358        0x0 c:/users/arek/documents/mkclipse/avr toolchain/bin/../lib/gcc/avr/5.4.0/../../../../avr/lib/avr5/crtatmega32u4.o
                0x00000358                __init
 *(.init0)
 *(.init1)
 *(.init1)
 *(.init2)
 .init2         0x00000358        0xc c:/users/arek/documents/mkclipse/avr toolchain/bin/../lib/gcc/avr/5.4.0/../../../../avr/lib/avr5/crtatmega32u4.o
 *(.init2)
 *(.init3)
 *(.init3)
 *(.init4)
 .init4         0x00000364       0x16 c:/users/arek/documents/mkclipse/avr toolchain/bin/../lib/gcc/avr/5.4.0/avr5\libgcc.a(_copy_data.o)
                0x00000364                __do_copy_data
 .init4         0x0000037a       0x10 c:/users/arek/documents/mkclipse/avr toolchain/bin/../lib/gcc/avr/5.4.0/avr5\libgcc.a(_clear_bss.o)
                0x0000037a                __do_clear_bss
 *(.init4)
 *(.init5)
 *(.init5)
 *(.init6)
 *(.init6)
 *(.init7)
 *(.init7)
 *(.init8)
 *(.init8)
 *(.init9)
 .init9         0x0000038a        0x8 c:/users/arek/documents/mkclipse/avr toolchain/bin/../lib/gcc/avr/5.4.0/../../../../avr/lib/avr5/crtatmega32u4.o
 *(.init9)
 *(.text)
 .text          0x00000392        0x4 c:/users/arek/documents/mkclipse/avr toolchain/bin/../lib/gcc/avr/5.4.0/../../../../avr/lib/avr5/crtatmega32u4.o
                0x00000392                __vector_38
                0x00000392                __vector_22
                0x00000392                __vector_28
                0x00000392                __vector_1
                0x00000392                __vector_32
                0x00000392                __vector_34
                0x00000392                __vector_24
                0x00000392                __vector_12
                0x00000392                __bad_interrupt
                0x00000392                __vector_6
                0x00000392                __vector_31
                0x00000392                __vector_35
                0x00000392                __vector_39
                0x00000392                __vector_3
                0x00000392                __vector_23
                0x00000392                __vector_30
                0x00000392                __vector_25
                0x00000392                __vector_11
                0x00000392                __vector_13
                0x00000392                __vector_17
                0x00000392                __vector_19
                0x00000392                __vector_7
                0x00000392                __vector_41
                0x00000392                __vector_27
                0x00000392                __vector_5
                0x00000392                __vector_33
                0x00000392                __vector_37
                0x00000392                __vector_4
                0x00000392                __vector_9
                0x00000392                __vector_2
                0x00000392                __vector_21
                0x00000392                __vector_15
                0x00000392                __vector_36
                0x00000392                __vector_29
                0x00000392                __vector_40
                0x00000392                __vector_8
                0x00000392                __vector_26
                0x00000392                __vector_14
                0x00000392                __vector_16
                0x00000392                __vector_18
                0x00000392                __vector_20
                0x00000392                __vector_42
 .text          0x00000396        0x0 ./TWI/master.o
 .text          0x00000396        0x0 ./SHTC3/SHTC3.o
 .text          0x00000396        0x0 ./LUFA/Drivers/USB/Core/XMEGA/Template/Template_Endpoint_Control_R.o
 .text          0x00000396        0x0 ./LUFA/Drivers/USB/Core/XMEGA/Template/Template_Endpoint_Control_W.o
 .text          0x00000396        0x0 ./LUFA/Drivers/USB/Core/XMEGA/Template/Template_Endpoint_RW.o
 .text          0x00000396        0x0 ./LUFA/Drivers/USB/Core/XMEGA/Device_XMEGA.o
 .text          0x00000396        0x0 ./LUFA/Drivers/USB/Core/XMEGA/EndpointStream_XMEGA.o
 .text          0x00000396        0x0 ./LUFA/Drivers/USB/Core/XMEGA/Endpoint_XMEGA.o
 .text          0x00000396        0x0 ./LUFA/Drivers/USB/Core/XMEGA/Host_XMEGA.o
 .text          0x00000396        0x0 ./LUFA/Drivers/USB/Core/XMEGA/PipeStream_XMEGA.o
 .text          0x00000396        0x0 ./LUFA/Drivers/USB/Core/XMEGA/Pipe_XMEGA.o
 .text          0x00000396        0x0 ./LUFA/Drivers/USB/Core/XMEGA/USBController_XMEGA.o
 .text          0x00000396        0x0 ./LUFA/Drivers/USB/Core/XMEGA/USBInterrupt_XMEGA.o
 .text          0x00000396        0x0 ./LUFA/Drivers/USB/Core/UC3/Template/Template_Endpoint_Control_R.o
 .text          0x00000396        0x0 ./LUFA/Drivers/USB/Core/UC3/Template/Template_Endpoint_Control_W.o
 .text          0x00000396        0x0 ./LUFA/Drivers/USB/Core/UC3/Template/Template_Endpoint_RW.o
 .text          0x00000396        0x0 ./LUFA/Drivers/USB/Core/UC3/Template/Template_Pipe_RW.o
 .text          0x00000396        0x0 ./LUFA/Drivers/USB/Core/UC3/Device_UC3.o
 .text          0x00000396        0x0 ./LUFA/Drivers/USB/Core/UC3/EndpointStream_UC3.o
 .text          0x00000396        0x0 ./LUFA/Drivers/USB/Core/UC3/Endpoint_UC3.o
 .text          0x00000396        0x0 ./LUFA/Drivers/USB/Core/UC3/Host_UC3.o
 .text          0x00000396        0x0 ./LUFA/Drivers/USB/Core/UC3/PipeStream_UC3.o
 .text          0x00000396        0x0 ./LUFA/Drivers/USB/Core/UC3/Pipe_UC3.o
 .text          0x00000396        0x0 ./LUFA/Drivers/USB/Core/UC3/USBController_UC3.o
 .text          0x00000396        0x0 ./LUFA/Drivers/USB/Core/UC3/USBInterrupt_UC3.o
 .text          0x00000396        0x0 ./LUFA/Drivers/USB/Core/AVR8/Device_AVR8.o
 .text          0x00000396        0x0 ./LUFA/Drivers/USB/Core/AVR8/EndpointStream_AVR8.o
 .text          0x00000396        0x0 ./LUFA/Drivers/USB/Core/AVR8/Endpoint_AVR8.o
 .text          0x00000396        0x0 ./LUFA/Drivers/USB/Core/AVR8/Host_AVR8.o
 .text          0x00000396        0x0 ./LUFA/Drivers/USB/Core/AVR8/PipeStream_AVR8.o
 .text          0x00000396        0x0 ./LUFA/Drivers/USB/Core/AVR8/Pipe_AVR8.o
 .text          0x00000396        0x0 ./LUFA/Drivers/USB/Core/AVR8/USBController_AVR8.o
 .text          0x00000396        0x0 ./LUFA/Drivers/USB/Core/AVR8/USBInterrupt_AVR8.o
 .text          0x00000396        0x0 ./LUFA/Drivers/USB/Core/ConfigDescriptors.o
 .text          0x00000396        0x0 ./LUFA/Drivers/USB/Core/DeviceStandardReq.o
 .text          0x00000396        0x0 ./LUFA/Drivers/USB/Core/Events.o
 .text          0x00000396        0x0 ./LUFA/Drivers/USB/Core/HostStandardReq.o
 .text          0x00000396        0x0 ./LUFA/Drivers/USB/Core/USBTask.o
 .text          0x00000396        0x0 ./LUFA/Drivers/USB/Class/Host/AndroidAccessoryClassHost.o
 .text          0x00000396        0x0 ./LUFA/Drivers/USB/Class/Host/AudioClassHost.o
 .text          0x00000396        0x0 ./LUFA/Drivers/USB/Class/Host/CDCClassHost.o
 .text          0x00000396        0x0 ./LUFA/Drivers/USB/Class/Host/HIDClassHost.o
 .text          0x00000396        0x0 ./LUFA/Drivers/USB/Class/Host/MIDIClassHost.o
 .text          0x00000396        0x0 ./LUFA/Drivers/USB/Class/Host/MassStorageClassHost.o
 .text          0x00000396        0x0 ./LUFA/Drivers/USB/Class/Host/PrinterClassHost.o
 .text          0x00000396        0x0 ./LUFA/Drivers/USB/Class/Host/RNDISClassHost.o
 .text          0x00000396        0x0 ./LUFA/Drivers/USB/Class/Host/StillImageClassHost.o
 .text          0x00000396        0x0 ./LUFA/Drivers/USB/Class/Device/AudioClassDevice.o
 .text          0x00000396        0x0 ./LUFA/Drivers/USB/Class/Device/CCIDClassDevice.o
 .text          0x00000396        0x0 ./LUFA/Drivers/USB/Class/Device/CDCClassDevice.o
 .text          0x00000396        0x0 ./LUFA/Drivers/USB/Class/Device/HIDClassDevice.o
 .text          0x00000396        0x0 ./LUFA/Drivers/USB/Class/Device/MIDIClassDevice.o
 .text          0x00000396        0x0 ./LUFA/Drivers/USB/Class/Device/MassStorageClassDevice.o
 .text          0x00000396        0x0 ./LUFA/Drivers/USB/Class/Device/PrinterClassDevice.o
 .text          0x00000396        0x0 ./LUFA/Drivers/USB/Class/Device/RNDISClassDevice.o
 .text          0x00000396        0x0 ./LUFA/Drivers/USB/Class/Common/HIDParser.o
 .text          0x00000396        0x0 ./LCD/HD44780.o
 .text          0x00000396        0x0 ./Descriptors.o
 .text          0x00000396        0x0 ./main.o
 .text          0x00000396        0x0 c:/users/arek/documents/mkclipse/avr toolchain/bin/../lib/gcc/avr/5.4.0/avr5\libgcc.a(_udivmodsi4.o)
 .text          0x00000396        0x0 c:/users/arek/documents/mkclipse/avr toolchain/bin/../lib/gcc/avr/5.4.0/avr5\libgcc.a(_exit.o)
 .text          0x00000396        0x0 c:/users/arek/documents/mkclipse/avr toolchain/bin/../lib/gcc/avr/5.4.0/avr5\libgcc.a(_tablejump2.o)
 .text          0x00000396        0x0 c:/users/arek/documents/mkclipse/avr toolchain/bin/../lib/gcc/avr/5.4.0/avr5\libgcc.a(_copy_data.o)
 .text          0x00000396        0x0 c:/users/arek/documents/mkclipse/avr toolchain/bin/../lib/gcc/avr/5.4.0/avr5\libgcc.a(_clear_bss.o)
 .text          0x00000396        0x0 c:/users/arek/documents/mkclipse/avr toolchain/bin/../lib/gcc/avr/5.4.0/../../../../avr/lib/avr5\libm.a(addsf3.o)
 .text          0x00000396        0x0 c:/users/arek/documents/mkclipse/avr toolchain/bin/../lib/gcc/avr/5.4.0/../../../../avr/lib/avr5\libm.a(addsf3x.o)
 .text          0x00000396        0x0 c:/users/arek/documents/mkclipse/avr toolchain/bin/../lib/gcc/avr/5.4.0/../../../../avr/lib/avr5\libm.a(cmpsf2.o)
 .text          0x00000396        0x0 c:/users/arek/documents/mkclipse/avr toolchain/bin/../lib/gcc/avr/5.4.0/../../../../avr/lib/avr5\libm.a(divsf3.o)
 .text          0x00000396        0x0 c:/users/arek/documents/mkclipse/avr toolchain/bin/../lib/gcc/avr/5.4.0/../../../../avr/lib/avr5\libm.a(divsf3x.o)
 .text          0x00000396        0x0 c:/users/arek/documents/mkclipse/avr toolchain/bin/../lib/gcc/avr/5.4.0/../../../../avr/lib/avr5\libm.a(fixunssfsi.o)
 .text          0x00000396        0x0 c:/users/arek/documents/mkclipse/avr toolchain/bin/../lib/gcc/avr/5.4.0/../../../../avr/lib/avr5\libm.a(floatsisf.o)
 .text          0x00000396        0x0 c:/users/arek/documents/mkclipse/avr toolchain/bin/../lib/gcc/avr/5.4.0/../../../../avr/lib/avr5\libm.a(fp_cmp.o)
 .text          0x00000396        0x0 c:/users/arek/documents/mkclipse/avr toolchain/bin/../lib/gcc/avr/5.4.0/../../../../avr/lib/avr5\libm.a(fp_inf.o)
 .text          0x00000396        0x0 c:/users/arek/documents/mkclipse/avr toolchain/bin/../lib/gcc/avr/5.4.0/../../../../avr/lib/avr5\libm.a(fp_nan.o)
 .text          0x00000396        0x0 c:/users/arek/documents/mkclipse/avr toolchain/bin/../lib/gcc/avr/5.4.0/../../../../avr/lib/avr5\libm.a(fp_pscA.o)
 .text          0x00000396        0x0 c:/users/arek/documents/mkclipse/avr toolchain/bin/../lib/gcc/avr/5.4.0/../../../../avr/lib/avr5\libm.a(fp_pscB.o)
 .text          0x00000396        0x0 c:/users/arek/documents/mkclipse/avr toolchain/bin/../lib/gcc/avr/5.4.0/../../../../avr/lib/avr5\libm.a(fp_round.o)
 .text          0x00000396        0x0 c:/users/arek/documents/mkclipse/avr toolchain/bin/../lib/gcc/avr/5.4.0/../../../../avr/lib/avr5\libm.a(fp_split3.o)
 .text          0x00000396        0x0 c:/users/arek/documents/mkclipse/avr toolchain/bin/../lib/gcc/avr/5.4.0/../../../../avr/lib/avr5\libm.a(fp_zero.o)
 .text          0x00000396        0x0 c:/users/arek/documents/mkclipse/avr toolchain/bin/../lib/gcc/avr/5.4.0/../../../../avr/lib/avr5\libm.a(gesf2.o)
 .text          0x00000396        0x0 c:/users/arek/documents/mkclipse/avr toolchain/bin/../lib/gcc/avr/5.4.0/../../../../avr/lib/avr5\libm.a(mulsf3.o)
 .text          0x00000396        0x0 c:/users/arek/documents/mkclipse/avr toolchain/bin/../lib/gcc/avr/5.4.0/../../../../avr/lib/avr5\libm.a(mulsf3x.o)
 .text          0x00000396        0x0 c:/users/arek/documents/mkclipse/avr toolchain/bin/../lib/gcc/avr/5.4.0/../../../../avr/lib/avr5\libc.a(memcpy_P.o)
 .text          0x00000396        0x0 c:/users/arek/documents/mkclipse/avr toolchain/bin/../lib/gcc/avr/5.4.0/../../../../avr/lib/avr5\libc.a(strlen_P.o)
 .text          0x00000396        0x0 c:/users/arek/documents/mkclipse/avr toolchain/bin/../lib/gcc/avr/5.4.0/../../../../avr/lib/avr5\libc.a(memcmp.o)
 .text          0x00000396        0x0 c:/users/arek/documents/mkclipse/avr toolchain/bin/../lib/gcc/avr/5.4.0/../../../../avr/lib/avr5\libc.a(memcpy.o)
 .text          0x00000396        0x0 c:/users/arek/documents/mkclipse/avr toolchain/bin/../lib/gcc/avr/5.4.0/../../../../avr/lib/avr5\libc.a(memset.o)
 .text          0x00000396        0x0 c:/users/arek/documents/mkclipse/avr toolchain/bin/../lib/gcc/avr/5.4.0/../../../../avr/lib/avr5\libc.a(strlen.o)
 .text          0x00000396        0x0 c:/users/arek/documents/mkclipse/avr toolchain/bin/../lib/gcc/avr/5.4.0/../../../../avr/lib/avr5\libc.a(itoa.o)
 .text          0x00000396        0x0 c:/users/arek/documents/mkclipse/avr toolchain/bin/../lib/gcc/avr/5.4.0/../../../../avr/lib/avr5\libc.a(itoa_ncheck.o)
 .text          0x00000396        0x0 c:/users/arek/documents/mkclipse/avr toolchain/bin/../lib/gcc/avr/5.4.0/../../../../avr/lib/avr5\libc.a(ltoa.o)
 .text          0x00000396        0x0 c:/users/arek/documents/mkclipse/avr toolchain/bin/../lib/gcc/avr/5.4.0/../../../../avr/lib/avr5\libc.a(ltoa_ncheck.o)
 .text          0x00000396        0x0 c:/users/arek/documents/mkclipse/avr toolchain/bin/../lib/gcc/avr/5.4.0/../../../../avr/lib/avr5\libc.a(ultoa.o)
 .text          0x00000396        0x0 c:/users/arek/documents/mkclipse/avr toolchain/bin/../lib/gcc/avr/5.4.0/../../../../avr/lib/avr5\libc.a(ultoa_ncheck.o)
 .text          0x00000396        0x0 c:/users/arek/documents/mkclipse/avr toolchain/bin/../lib/gcc/avr/5.4.0/../../../../avr/lib/avr5\libc.a(utoa.o)
 .text          0x00000396        0x0 c:/users/arek/documents/mkclipse/avr toolchain/bin/../lib/gcc/avr/5.4.0/../../../../avr/lib/avr5\libc.a(utoa_ncheck.o)
 .text          0x00000396        0x0 c:/users/arek/documents/mkclipse/avr toolchain/bin/../lib/gcc/avr/5.4.0/../../../../avr/lib/avr5\libc.a(eerd_byte_atmega32u4.o)
 .text          0x00000396        0x0 c:/users/arek/documents/mkclipse/avr toolchain/bin/../lib/gcc/avr/5.4.0/../../../../avr/lib/avr5\libc.a(eeupd_byte_atmega32u4.o)
 .text          0x00000396        0x0 c:/users/arek/documents/mkclipse/avr toolchain/bin/../lib/gcc/avr/5.4.0/../../../../avr/lib/avr5\libc.a(strrev.o)
                0x00000396                . = ALIGN (0x2)
 *(.text.*)
 .text.twi_init
                0x00000396       0x3c ./TWI/master.o
                0x00000396                twi_init
 .text.twi_set_bit_rate
                0x000003d2       0x64 ./TWI/master.o
                0x000003d2                twi_set_bit_rate
 .text.twi_start
                0x00000436       0x6c ./TWI/master.o
                0x00000436                twi_start
 .text.twi_stop
                0x000004a2       0x1a ./TWI/master.o
                0x000004a2                twi_stop
 .text.twi_write_sla
                0x000004bc       0x7e ./TWI/master.o
                0x000004bc                twi_write_sla
 .text.twi_detect
                0x0000053a       0x32 ./TWI/master.o
                0x0000053a                twi_detect
 .text.twi_write
                0x0000056c       0x68 ./TWI/master.o
                0x0000056c                twi_write
 .text.twi_read
                0x000005d4       0x92 ./TWI/master.o
                0x000005d4                twi_read
 .text.twi_write_buf
                0x00000666       0x80 ./TWI/master.o
                0x00000666                twi_write_buf
 .text.twi_read_buf
                0x000006e6       0x92 ./TWI/master.o
                0x000006e6                twi_read_buf
 .text.twi_error
                0x00000778       0x1e ./TWI/master.o
                0x00000778                twi_error
 .text.twi_status
                0x00000796       0x12 ./TWI/master.o
                0x00000796                twi_status
 .text.sht_calcT
                0x000007a8       0x7c ./SHTC3/SHTC3.o
 .text.sht_calcRH
                0x00000824       0x68 ./SHTC3/SHTC3.o
 .text.sht_checkCRC
                0x0000088c       0xa4 ./SHTC3/SHTC3.o
 .text.sht_command
                0x00000930       0x3a ./SHTC3/SHTC3.o
 .text.sht_sleep
                0x0000096a      0x20e ./SHTC3/SHTC3.o
 .text.sht_wakeup
                0x00000b78      0x20e ./SHTC3/SHTC3.o
 .text.sht_mode
                0x00000d86      0x20c ./SHTC3/SHTC3.o
 .text.sht_low_pwr
                0x00000f92       0x1c ./SHTC3/SHTC3.o
                0x00000f92                sht_low_pwr
 .text.sht_checkID
                0x00000fae       0x8a ./SHTC3/SHTC3.o
                0x00000fae                sht_checkID
 .text.sht_init
                0x00001038       0x2a ./SHTC3/SHTC3.o
                0x00001038                sht_init
 .text.sht_meas
                0x00001062       0xbc ./SHTC3/SHTC3.o
                0x00001062                sht_meas
 .text.sht_temperature
                0x0000111e       0x22 ./SHTC3/SHTC3.o
                0x0000111e                sht_temperature
 .text.sht_humidity
                0x00001140       0x22 ./SHTC3/SHTC3.o
                0x00001140                sht_humidity
 .text.USB_Device_SendRemoteWakeup
                0x00001162       0x90 ./LUFA/Drivers/USB/Core/AVR8/Device_AVR8.o
                0x00001162                USB_Device_SendRemoteWakeup
 .text.Endpoint_Discard_Stream
                0x000011f2       0xda ./LUFA/Drivers/USB/Core/AVR8/EndpointStream_AVR8.o
                0x000011f2                Endpoint_Discard_Stream
 .text.Endpoint_Null_Stream
                0x000012cc       0xd8 ./LUFA/Drivers/USB/Core/AVR8/EndpointStream_AVR8.o
                0x000012cc                Endpoint_Null_Stream
 .text.Endpoint_Write_Stream_LE
                0x000013a4      0x136 ./LUFA/Drivers/USB/Core/AVR8/EndpointStream_AVR8.o
                0x000013a4                Endpoint_Write_Stream_LE
 .text.Endpoint_Write_Stream_BE
                0x000014da      0x146 ./LUFA/Drivers/USB/Core/AVR8/EndpointStream_AVR8.o
                0x000014da                Endpoint_Write_Stream_BE
 .text.Endpoint_Read_Stream_LE
                0x00001620      0x132 ./LUFA/Drivers/USB/Core/AVR8/EndpointStream_AVR8.o
                0x00001620                Endpoint_Read_Stream_LE
 .text.Endpoint_Read_Stream_BE
                0x00001752      0x142 ./LUFA/Drivers/USB/Core/AVR8/EndpointStream_AVR8.o
                0x00001752                Endpoint_Read_Stream_BE
 .text.Endpoint_Write_PStream_LE
                0x00001894      0x142 ./LUFA/Drivers/USB/Core/AVR8/EndpointStream_AVR8.o
                0x00001894                Endpoint_Write_PStream_LE
 .text.Endpoint_Write_PStream_BE
                0x000019d6      0x152 ./LUFA/Drivers/USB/Core/AVR8/EndpointStream_AVR8.o
                0x000019d6                Endpoint_Write_PStream_BE
 .text.Endpoint_Write_EStream_LE
                0x00001b28      0x136 ./LUFA/Drivers/USB/Core/AVR8/EndpointStream_AVR8.o
                0x00001b28                Endpoint_Write_EStream_LE
 .text.Endpoint_Write_EStream_BE
                0x00001c5e      0x146 ./LUFA/Drivers/USB/Core/AVR8/EndpointStream_AVR8.o
                0x00001c5e                Endpoint_Write_EStream_BE
 .text.Endpoint_Read_EStream_LE
                0x00001da4      0x134 ./LUFA/Drivers/USB/Core/AVR8/EndpointStream_AVR8.o
                0x00001da4                Endpoint_Read_EStream_LE
 .text.Endpoint_Read_EStream_BE
                0x00001ed8      0x144 ./LUFA/Drivers/USB/Core/AVR8/EndpointStream_AVR8.o
                0x00001ed8                Endpoint_Read_EStream_BE
 .text.Endpoint_Write_Control_Stream_LE
                0x0000201c      0x1fc ./LUFA/Drivers/USB/Core/AVR8/EndpointStream_AVR8.o
                0x0000201c                Endpoint_Write_Control_Stream_LE
 .text.Endpoint_Write_Control_Stream_BE
                0x00002218      0x206 ./LUFA/Drivers/USB/Core/AVR8/EndpointStream_AVR8.o
                0x00002218                Endpoint_Write_Control_Stream_BE
 .text.Endpoint_Read_Control_Stream_LE
                0x0000241e      0x156 ./LUFA/Drivers/USB/Core/AVR8/EndpointStream_AVR8.o
                0x0000241e                Endpoint_Read_Control_Stream_LE
 .text.Endpoint_Read_Control_Stream_BE
                0x00002574      0x160 ./LUFA/Drivers/USB/Core/AVR8/EndpointStream_AVR8.o
                0x00002574                Endpoint_Read_Control_Stream_BE
 .text.Endpoint_Write_Control_PStream_LE
                0x000026d4      0x208 ./LUFA/Drivers/USB/Core/AVR8/EndpointStream_AVR8.o
                0x000026d4                Endpoint_Write_Control_PStream_LE
 .text.Endpoint_Write_Control_PStream_BE
                0x000028dc      0x212 ./LUFA/Drivers/USB/Core/AVR8/EndpointStream_AVR8.o
                0x000028dc                Endpoint_Write_Control_PStream_BE
 .text.Endpoint_Write_Control_EStream_LE
                0x00002aee      0x1fc ./LUFA/Drivers/USB/Core/AVR8/EndpointStream_AVR8.o
                0x00002aee                Endpoint_Write_Control_EStream_LE
 .text.Endpoint_Write_Control_EStream_BE
                0x00002cea      0x206 ./LUFA/Drivers/USB/Core/AVR8/EndpointStream_AVR8.o
                0x00002cea                Endpoint_Write_Control_EStream_BE
 .text.Endpoint_Read_Control_EStream_LE
                0x00002ef0      0x158 ./LUFA/Drivers/USB/Core/AVR8/EndpointStream_AVR8.o
                0x00002ef0                Endpoint_Read_Control_EStream_LE
 .text.Endpoint_Read_Control_EStream_BE
                0x00003048      0x162 ./LUFA/Drivers/USB/Core/AVR8/EndpointStream_AVR8.o
                0x00003048                Endpoint_Read_Control_EStream_BE
 .text.Endpoint_ConfigureEndpointTable
                0x000031aa      0x18c ./LUFA/Drivers/USB/Core/AVR8/Endpoint_AVR8.o
                0x000031aa                Endpoint_ConfigureEndpointTable
 .text.Endpoint_ConfigureEndpoint_Prv
                0x00003336      0x114 ./LUFA/Drivers/USB/Core/AVR8/Endpoint_AVR8.o
                0x00003336                Endpoint_ConfigureEndpoint_Prv
 .text.Endpoint_ClearEndpoints
                0x0000344a       0x68 ./LUFA/Drivers/USB/Core/AVR8/Endpoint_AVR8.o
                0x0000344a                Endpoint_ClearEndpoints
 .text.Endpoint_ClearStatusStage
                0x000034b2       0x96 ./LUFA/Drivers/USB/Core/AVR8/Endpoint_AVR8.o
                0x000034b2                Endpoint_ClearStatusStage
 .text.Endpoint_WaitUntilReady
                0x00003548      0x100 ./LUFA/Drivers/USB/Core/AVR8/Endpoint_AVR8.o
                0x00003548                Endpoint_WaitUntilReady
 .text.USB_Init
                0x00003648       0x88 ./LUFA/Drivers/USB/Core/AVR8/USBController_AVR8.o
                0x00003648                USB_Init
 .text.USB_Disable
                0x000036d0       0x8c ./LUFA/Drivers/USB/Core/AVR8/USBController_AVR8.o
                0x000036d0                USB_Disable
 .text.USB_ResetInterface
                0x0000375c       0x7c ./LUFA/Drivers/USB/Core/AVR8/USBController_AVR8.o
                0x0000375c                USB_ResetInterface
 .text.USB_Init_Device
                0x000037d8      0x3e8 ./LUFA/Drivers/USB/Core/AVR8/USBController_AVR8.o
 .text.USB_INT_DisableAllInterrupts
                0x00003bc0       0x2a ./LUFA/Drivers/USB/Core/AVR8/USBInterrupt_AVR8.o
                0x00003bc0                USB_INT_DisableAllInterrupts
 .text.USB_INT_ClearAllInterrupts
                0x00003bea       0x20 ./LUFA/Drivers/USB/Core/AVR8/USBInterrupt_AVR8.o
                0x00003bea                USB_INT_ClearAllInterrupts
 .text.__vector_10
                0x00003c0a     0x1218 ./LUFA/Drivers/USB/Core/AVR8/USBInterrupt_AVR8.o
                0x00003c0a                __vector_10
 .text.USB_GetNextDescriptor
                0x00004e22       0x9e ./LUFA/Drivers/USB/Core/ConfigDescriptors.o
 .text.USB_GetNextDescriptorOfType
                0x00004ec0       0x5e ./LUFA/Drivers/USB/Core/ConfigDescriptors.o
                0x00004ec0                USB_GetNextDescriptorOfType
 .text.USB_GetNextDescriptorOfTypeBefore
                0x00004f1e       0x82 ./LUFA/Drivers/USB/Core/ConfigDescriptors.o
                0x00004f1e                USB_GetNextDescriptorOfTypeBefore
 .text.USB_GetNextDescriptorOfTypeAfter
                0x00004fa0       0x5c ./LUFA/Drivers/USB/Core/ConfigDescriptors.o
                0x00004fa0                USB_GetNextDescriptorOfTypeAfter
 .text.USB_GetNextDescriptorComp
                0x00004ffc       0xae ./LUFA/Drivers/USB/Core/ConfigDescriptors.o
                0x00004ffc                USB_GetNextDescriptorComp
 .text.USB_Device_GetSerialString
                0x000050aa       0xc2 ./LUFA/Drivers/USB/Core/DeviceStandardReq.o
 .text.USB_Device_ProcessControlRequest
                0x0000516c      0x156 ./LUFA/Drivers/USB/Core/DeviceStandardReq.o
                0x0000516c                USB_Device_ProcessControlRequest
 .text.USB_Device_SetAddress
                0x000052c2       0xa2 ./LUFA/Drivers/USB/Core/DeviceStandardReq.o
 .text.USB_Device_SetConfiguration
                0x00005364      0x124 ./LUFA/Drivers/USB/Core/DeviceStandardReq.o
 .text.USB_Device_GetConfiguration
                0x00005488       0x4c ./LUFA/Drivers/USB/Core/DeviceStandardReq.o
 .text.USB_Device_GetInternalSerialDescriptor
                0x000054d4       0x68 ./LUFA/Drivers/USB/Core/DeviceStandardReq.o
 .text.USB_Device_GetDescriptor
                0x0000553c       0xc0 ./LUFA/Drivers/USB/Core/DeviceStandardReq.o
 .text.USB_Device_GetStatus
                0x000055fc       0xf0 ./LUFA/Drivers/USB/Core/DeviceStandardReq.o
 .text.USB_Device_ClearSetFeature
                0x000056ec      0x140 ./LUFA/Drivers/USB/Core/DeviceStandardReq.o
 .text.USB_Event_Stub
                0x0000582c       0x10 ./LUFA/Drivers/USB/Core/Events.o
                0x0000582c                USB_Event_Stub
                0x0000582c                EVENT_USB_Device_Suspend
                0x0000582c                EVENT_USB_Device_StartOfFrame
                0x0000582c                EVENT_USB_Device_Reset
                0x0000582c                EVENT_USB_Device_WakeUp
 .text.USB_Event_Stub_2
                0x0000583c       0x1a ./LUFA/Drivers/USB/Core/Events.o
                0x0000583c                USB_Event_Stub_2
 .text.USB_Event_Stub_3
                0x00005856       0x1e ./LUFA/Drivers/USB/Core/Events.o
                0x00005856                USB_Event_Stub_3
 .text.USB_USBTask
                0x00005874       0x14 ./LUFA/Drivers/USB/Core/USBTask.o
                0x00005874                USB_USBTask
 .text.USB_DeviceTask
                0x00005888       0x84 ./LUFA/Drivers/USB/Core/USBTask.o
 .text.Audio_Device_ProcessControlRequest
                0x0000590c      0x508 ./LUFA/Drivers/USB/Class/Device/AudioClassDevice.o
                0x0000590c                Audio_Device_ProcessControlRequest
 .text.Audio_Device_ConfigureEndpoints
                0x00005e14       0x74 ./LUFA/Drivers/USB/Class/Device/AudioClassDevice.o
                0x00005e14                Audio_Device_ConfigureEndpoints
 .text.Audio_Device_Event_Stub
                0x00005e88       0x1a ./LUFA/Drivers/USB/Class/Device/AudioClassDevice.o
                0x00005e88                EVENT_Audio_Device_StreamStartStop
                0x00005e88                Audio_Device_Event_Stub
 .text.CCID_CheckStatusNoError
                0x00005ea2       0x28 ./LUFA/Drivers/USB/Class/Device/CCIDClassDevice.o
                0x00005ea2                CCID_CheckStatusNoError
 .text.CCID_Device_ProcessControlRequest
                0x00005eca      0x15c ./LUFA/Drivers/USB/Class/Device/CCIDClassDevice.o
                0x00005eca                CCID_Device_ProcessControlRequest
 .text.CCID_Device_ConfigureEndpoints
                0x00006026       0x62 ./LUFA/Drivers/USB/Class/Device/CCIDClassDevice.o
                0x00006026                CCID_Device_ConfigureEndpoints
 .text.CCID_Device_USBTask
                0x00006088      0xb54 ./LUFA/Drivers/USB/Class/Device/CCIDClassDevice.o
                0x00006088                CCID_Device_USBTask
 .text.CDC_Device_ProcessControlRequest
                0x00006bdc      0x2ee ./LUFA/Drivers/USB/Class/Device/CDCClassDevice.o
                0x00006bdc                CDC_Device_ProcessControlRequest
 .text.CDC_Device_ConfigureEndpoints
                0x00006eca       0x98 ./LUFA/Drivers/USB/Class/Device/CDCClassDevice.o
                0x00006eca                CDC_Device_ConfigureEndpoints
 .text.CDC_Device_USBTask
                0x00006f62       0x78 ./LUFA/Drivers/USB/Class/Device/CDCClassDevice.o
                0x00006f62                CDC_Device_USBTask
 .text.CDC_Device_SendString
                0x00006fda       0x76 ./LUFA/Drivers/USB/Class/Device/CDCClassDevice.o
                0x00006fda                CDC_Device_SendString
 .text.CDC_Device_SendData
                0x00007050       0x7c ./LUFA/Drivers/USB/Class/Device/CDCClassDevice.o
                0x00007050                CDC_Device_SendData
 .text.CDC_Device_SendString_P
                0x000070cc       0x86 ./LUFA/Drivers/USB/Class/Device/CDCClassDevice.o
                0x000070cc                CDC_Device_SendString_P
 .text.CDC_Device_SendData_P
                0x00007152       0x7c ./LUFA/Drivers/USB/Class/Device/CDCClassDevice.o
                0x00007152                CDC_Device_SendData_P
 .text.CDC_Device_SendByte
                0x000071ce       0xb0 ./LUFA/Drivers/USB/Class/Device/CDCClassDevice.o
                0x000071ce                CDC_Device_SendByte
 .text.CDC_Device_Flush
                0x0000727e       0xf2 ./LUFA/Drivers/USB/Class/Device/CDCClassDevice.o
                0x0000727e                CDC_Device_Flush
 .text.CDC_Device_BytesReceived
                0x00007370       0xd4 ./LUFA/Drivers/USB/Class/Device/CDCClassDevice.o
                0x00007370                CDC_Device_BytesReceived
 .text.CDC_Device_ReceiveByte
                0x00007444       0xee ./LUFA/Drivers/USB/Class/Device/CDCClassDevice.o
                0x00007444                CDC_Device_ReceiveByte
 .text.CDC_Device_SendControlLineStateChange
                0x00007532       0xa8 ./LUFA/Drivers/USB/Class/Device/CDCClassDevice.o
                0x00007532                CDC_Device_SendControlLineStateChange
 .text.CDC_Device_CreateStream
                0x000075da       0x68 ./LUFA/Drivers/USB/Class/Device/CDCClassDevice.o
                0x000075da                CDC_Device_CreateStream
 .text.CDC_Device_CreateBlockingStream
                0x00007642       0x68 ./LUFA/Drivers/USB/Class/Device/CDCClassDevice.o
                0x00007642                CDC_Device_CreateBlockingStream
 .text.CDC_Device_putchar
                0x000076aa       0x3e ./LUFA/Drivers/USB/Class/Device/CDCClassDevice.o
 .text.CDC_Device_getchar
                0x000076e8       0x42 ./LUFA/Drivers/USB/Class/Device/CDCClassDevice.o
 .text.CDC_Device_getchar_Blocking
                0x0000772a       0x5e ./LUFA/Drivers/USB/Class/Device/CDCClassDevice.o
 .text.CDC_Device_Event_Stub
                0x00007788       0x1a ./LUFA/Drivers/USB/Class/Device/CDCClassDevice.o
                0x00007788                CDC_Device_Event_Stub
                0x00007788                EVENT_CDC_Device_LineEncodingChanged
 .text.CDC_Device_Event_Stub_2
                0x000077a2       0x28 ./LUFA/Drivers/USB/Class/Device/CDCClassDevice.o
                0x000077a2                EVENT_CDC_Device_BreakSent
                0x000077a2                CDC_Device_Event_Stub_2
 .text.HID_Device_ProcessControlRequest
                0x000077ca      0x442 ./LUFA/Drivers/USB/Class/Device/HIDClassDevice.o
                0x000077ca                HID_Device_ProcessControlRequest
 .text.HID_Device_ConfigureEndpoints
                0x00007c0c       0x68 ./LUFA/Drivers/USB/Class/Device/HIDClassDevice.o
                0x00007c0c                HID_Device_ConfigureEndpoints
 .text.HID_Device_USBTask
                0x00007c74      0x24a ./LUFA/Drivers/USB/Class/Device/HIDClassDevice.o
                0x00007c74                HID_Device_USBTask
 .text.MIDI_Device_ConfigureEndpoints
                0x00007ebe       0x74 ./LUFA/Drivers/USB/Class/Device/MIDIClassDevice.o
                0x00007ebe                MIDI_Device_ConfigureEndpoints
 .text.MIDI_Device_USBTask
                0x00007f32       0x62 ./LUFA/Drivers/USB/Class/Device/MIDIClassDevice.o
                0x00007f32                MIDI_Device_USBTask
 .text.MIDI_Device_SendEventPacket
                0x00007f94       0x9a ./LUFA/Drivers/USB/Class/Device/MIDIClassDevice.o
                0x00007f94                MIDI_Device_SendEventPacket
 .text.MIDI_Device_Flush
                0x0000802e       0x88 ./LUFA/Drivers/USB/Class/Device/MIDIClassDevice.o
                0x0000802e                MIDI_Device_Flush
 .text.MIDI_Device_ReceiveEventPacket
                0x000080b6       0xd4 ./LUFA/Drivers/USB/Class/Device/MIDIClassDevice.o
                0x000080b6                MIDI_Device_ReceiveEventPacket
 .text.MS_Device_ProcessControlRequest
                0x0000818a      0x116 ./LUFA/Drivers/USB/Class/Device/MassStorageClassDevice.o
                0x0000818a                MS_Device_ProcessControlRequest
 .text.MS_Device_ConfigureEndpoints
                0x000082a0       0x74 ./LUFA/Drivers/USB/Class/Device/MassStorageClassDevice.o
                0x000082a0                MS_Device_ConfigureEndpoints
 .text.MS_Device_USBTask
                0x00008314      0x234 ./LUFA/Drivers/USB/Class/Device/MassStorageClassDevice.o
                0x00008314                MS_Device_USBTask
 .text.MS_Device_ReadInCommandBlock
                0x00008548      0x14c ./LUFA/Drivers/USB/Class/Device/MassStorageClassDevice.o
 .text.MS_Device_ReturnCommandStatus
                0x00008694       0xf8 ./LUFA/Drivers/USB/Class/Device/MassStorageClassDevice.o
 .text.PRNT_Device_ProcessControlRequest
                0x0000878c      0x1e0 ./LUFA/Drivers/USB/Class/Device/PrinterClassDevice.o
                0x0000878c                PRNT_Device_ProcessControlRequest
 .text.PRNT_Device_ConfigureEndpoints
                0x0000896c       0x7e ./LUFA/Drivers/USB/Class/Device/PrinterClassDevice.o
                0x0000896c                PRNT_Device_ConfigureEndpoints
 .text.PRNT_Device_USBTask
                0x000089ea      0x164 ./LUFA/Drivers/USB/Class/Device/PrinterClassDevice.o
                0x000089ea                PRNT_Device_USBTask
 .text.PRNT_Device_SendString
                0x00008b4e       0x60 ./LUFA/Drivers/USB/Class/Device/PrinterClassDevice.o
                0x00008b4e                PRNT_Device_SendString
 .text.PRNT_Device_SendData
                0x00008bae       0x66 ./LUFA/Drivers/USB/Class/Device/PrinterClassDevice.o
                0x00008bae                PRNT_Device_SendData
 .text.PRNT_Device_SendByte
                0x00008c14       0x9a ./LUFA/Drivers/USB/Class/Device/PrinterClassDevice.o
                0x00008c14                PRNT_Device_SendByte
 .text.PRNT_Device_Flush
                0x00008cae       0xdc ./LUFA/Drivers/USB/Class/Device/PrinterClassDevice.o
                0x00008cae                PRNT_Device_Flush
 .text.PRNT_Device_BytesReceived
                0x00008d8a       0xbe ./LUFA/Drivers/USB/Class/Device/PrinterClassDevice.o
                0x00008d8a                PRNT_Device_BytesReceived
 .text.PRNT_Device_ReceiveByte
                0x00008e48       0xd8 ./LUFA/Drivers/USB/Class/Device/PrinterClassDevice.o
                0x00008e48                PRNT_Device_ReceiveByte
 .text.PRNT_Device_CreateStream
                0x00008f20       0x68 ./LUFA/Drivers/USB/Class/Device/PrinterClassDevice.o
                0x00008f20                PRNT_Device_CreateStream
 .text.PRNT_Device_CreateBlockingStream
                0x00008f88       0x68 ./LUFA/Drivers/USB/Class/Device/PrinterClassDevice.o
                0x00008f88                PRNT_Device_CreateBlockingStream
 .text.PRNT_Device_putchar
                0x00008ff0       0x3c ./LUFA/Drivers/USB/Class/Device/PrinterClassDevice.o
 .text.PRNT_Device_getchar
                0x0000902c       0x42 ./LUFA/Drivers/USB/Class/Device/PrinterClassDevice.o
 .text.PRNT_Device_getchar_Blocking
                0x0000906e       0x5e ./LUFA/Drivers/USB/Class/Device/PrinterClassDevice.o
 .text.PRNT_Device_Event_Stub
                0x000090cc       0x1a ./LUFA/Drivers/USB/Class/Device/PrinterClassDevice.o
                0x000090cc                EVENT_PRNT_Device_SoftReset
                0x000090cc                PRNT_Device_Event_Stub
 .text.RNDIS_Device_ProcessControlRequest
                0x000090e6      0x174 ./LUFA/Drivers/USB/Class/Device/RNDISClassDevice.o
                0x000090e6                RNDIS_Device_ProcessControlRequest
 .text.RNDIS_Device_ConfigureEndpoints
                0x0000925a       0xbe ./LUFA/Drivers/USB/Class/Device/RNDISClassDevice.o
                0x0000925a                RNDIS_Device_ConfigureEndpoints
 .text.RNDIS_Device_USBTask
                0x00009318       0xb2 ./LUFA/Drivers/USB/Class/Device/RNDISClassDevice.o
                0x00009318                RNDIS_Device_USBTask
 .text.RNDIS_Device_ProcessRNDISControlMessage
                0x000093ca      0x52e ./LUFA/Drivers/USB/Class/Device/RNDISClassDevice.o
 .text.RNDIS_Device_ProcessNDISQuery
                0x000098f8      0x3cc ./LUFA/Drivers/USB/Class/Device/RNDISClassDevice.o
 .text.RNDIS_Device_ProcessNDISSet
                0x00009cc4       0xac ./LUFA/Drivers/USB/Class/Device/RNDISClassDevice.o
 .text.RNDIS_Device_IsPacketReceived
                0x00009d70       0x66 ./LUFA/Drivers/USB/Class/Device/RNDISClassDevice.o
                0x00009d70                RNDIS_Device_IsPacketReceived
 .text.RNDIS_Device_ReadPacket
                0x00009dd6      0x106 ./LUFA/Drivers/USB/Class/Device/RNDISClassDevice.o
                0x00009dd6                RNDIS_Device_ReadPacket
 .text.RNDIS_Device_SendPacket
                0x00009edc       0xfc ./LUFA/Drivers/USB/Class/Device/RNDISClassDevice.o
                0x00009edc                RNDIS_Device_SendPacket
 .text.USB_ProcessHIDReport
                0x00009fd8      0xb14 ./LUFA/Drivers/USB/Class/Common/HIDParser.o
                0x00009fd8                USB_ProcessHIDReport
 .text.USB_GetHIDReportItemInfo
                0x0000aaec      0x160 ./LUFA/Drivers/USB/Class/Common/HIDParser.o
                0x0000aaec                USB_GetHIDReportItemInfo
 .text.USB_SetHIDReportItemInfo
                0x0000ac4c      0x14e ./LUFA/Drivers/USB/Class/Common/HIDParser.o
                0x0000ac4c                USB_SetHIDReportItemInfo
 .text.USB_GetHIDReportSize
                0x0000ad9a       0xde ./LUFA/Drivers/USB/Class/Common/HIDParser.o
                0x0000ad9a                USB_GetHIDReportSize
 .text.lcd_get_nibble
                0x0000ae78       0x6a ./LCD/HD44780.o
 .text.lcd_send
                0x0000aee2      0x278 ./LCD/HD44780.o
 .text.lcd_data
                0x0000b15a       0x1e ./LCD/HD44780.o
 .text.lcd_cmd  0x0000b178       0x1e ./LCD/HD44780.o
 .text.lcd_init
                0x0000b196      0x29e ./LCD/HD44780.o
                0x0000b196                lcd_init
 .text.lcd_cls  0x0000b434      0x112 ./LCD/HD44780.o
                0x0000b434                lcd_cls
 .text.lcd_locate
                0x0000b546       0x4c ./LCD/HD44780.o
                0x0000b546                lcd_locate
 .text.lcd_char
                0x0000b592       0x30 ./LCD/HD44780.o
                0x0000b592                lcd_char
 .text.lcd_str  0x0000b5c2       0x3e ./LCD/HD44780.o
                0x0000b5c2                lcd_str
 .text.lcd_int  0x0000b600       0x44 ./LCD/HD44780.o
                0x0000b600                lcd_int
 .text.lcd_uint
                0x0000b644       0x44 ./LCD/HD44780.o
                0x0000b644                lcd_uint
 .text.lcd_long
                0x0000b688       0x4e ./LCD/HD44780.o
                0x0000b688                lcd_long
 .text.lcd_ulong
                0x0000b6d6       0x4e ./LCD/HD44780.o
                0x0000b6d6                lcd_ulong
 .text.CALLBACK_USB_GetDescriptor
                0x0000b724      0x122 ./Descriptors.o
                0x0000b724                CALLBACK_USB_GetDescriptor
 .text.main     0x0000b846       0x26 ./main.o
                0x0000b846                main
 .text.InitApp  0x0000b86c      0x18e ./main.o
                0x0000b86c                InitApp
 .text.EVENT_USB_Device_Connect
                0x0000b9fa       0x10 ./main.o
                0x0000b9fa                EVENT_USB_Device_Connect
 .text.EVENT_USB_Device_Disconnect
                0x0000ba0a       0x10 ./main.o
                0x0000ba0a                EVENT_USB_Device_Disconnect
 .text.EVENT_USB_Device_ConfigurationChanged
                0x0000ba1a       0x3a ./main.o
                0x0000ba1a                EVENT_USB_Device_ConfigurationChanged
 .text.EVENT_USB_Device_ControlRequest
                0x0000ba54       0x18 ./main.o
                0x0000ba54                EVENT_USB_Device_ControlRequest
 .text.EVENT_CDC_Device_ControLineStateChanged
                0x0000ba6c       0x36 ./main.o
                0x0000ba6c                EVENT_CDC_Device_ControLineStateChanged
 .text.libgcc.mul
                0x0000baa2        0x0 c:/users/arek/documents/mkclipse/avr toolchain/bin/../lib/gcc/avr/5.4.0/avr5\libgcc.a(_udivmodsi4.o)
 .text.libgcc.div
                0x0000baa2       0x44 c:/users/arek/documents/mkclipse/avr toolchain/bin/../lib/gcc/avr/5.4.0/avr5\libgcc.a(_udivmodsi4.o)
                0x0000baa2                __udivmodsi4
 .text.libgcc   0x0000bae6        0x0 c:/users/arek/documents/mkclipse/avr toolchain/bin/../lib/gcc/avr/5.4.0/avr5\libgcc.a(_udivmodsi4.o)
 .text.libgcc.prologue
                0x0000bae6        0x0 c:/users/arek/documents/mkclipse/avr toolchain/bin/../lib/gcc/avr/5.4.0/avr5\libgcc.a(_udivmodsi4.o)
 .text.libgcc.builtins
                0x0000bae6        0x0 c:/users/arek/documents/mkclipse/avr toolchain/bin/../lib/gcc/avr/5.4.0/avr5\libgcc.a(_udivmodsi4.o)
 .text.libgcc.fmul
                0x0000bae6        0x0 c:/users/arek/documents/mkclipse/avr toolchain/bin/../lib/gcc/avr/5.4.0/avr5\libgcc.a(_udivmodsi4.o)
 .text.libgcc.fixed
                0x0000bae6        0x0 c:/users/arek/documents/mkclipse/avr toolchain/bin/../lib/gcc/avr/5.4.0/avr5\libgcc.a(_udivmodsi4.o)
 .text.libgcc.mul
                0x0000bae6        0x0 c:/users/arek/documents/mkclipse/avr toolchain/bin/../lib/gcc/avr/5.4.0/avr5\libgcc.a(_exit.o)
 .text.libgcc.div
                0x0000bae6        0x0 c:/users/arek/documents/mkclipse/avr toolchain/bin/../lib/gcc/avr/5.4.0/avr5\libgcc.a(_exit.o)
 .text.libgcc   0x0000bae6        0x0 c:/users/arek/documents/mkclipse/avr toolchain/bin/../lib/gcc/avr/5.4.0/avr5\libgcc.a(_exit.o)
 .text.libgcc.prologue
                0x0000bae6        0x0 c:/users/arek/documents/mkclipse/avr toolchain/bin/../lib/gcc/avr/5.4.0/avr5\libgcc.a(_exit.o)
 .text.libgcc.builtins
                0x0000bae6        0x0 c:/users/arek/documents/mkclipse/avr toolchain/bin/../lib/gcc/avr/5.4.0/avr5\libgcc.a(_exit.o)
 .text.libgcc.fmul
                0x0000bae6        0x0 c:/users/arek/documents/mkclipse/avr toolchain/bin/../lib/gcc/avr/5.4.0/avr5\libgcc.a(_exit.o)
 .text.libgcc.fixed
                0x0000bae6        0x0 c:/users/arek/documents/mkclipse/avr toolchain/bin/../lib/gcc/avr/5.4.0/avr5\libgcc.a(_exit.o)
 .text.libgcc.mul
                0x0000bae6        0x0 c:/users/arek/documents/mkclipse/avr toolchain/bin/../lib/gcc/avr/5.4.0/avr5\libgcc.a(_tablejump2.o)
 .text.libgcc.div
                0x0000bae6        0x0 c:/users/arek/documents/mkclipse/avr toolchain/bin/../lib/gcc/avr/5.4.0/avr5\libgcc.a(_tablejump2.o)
 .text.libgcc   0x0000bae6        0xc c:/users/arek/documents/mkclipse/avr toolchain/bin/../lib/gcc/avr/5.4.0/avr5\libgcc.a(_tablejump2.o)
                0x0000bae6                __tablejump2__
 .text.libgcc.prologue
                0x0000baf2        0x0 c:/users/arek/documents/mkclipse/avr toolchain/bin/../lib/gcc/avr/5.4.0/avr5\libgcc.a(_tablejump2.o)
 .text.libgcc.builtins
                0x0000baf2        0x0 c:/users/arek/documents/mkclipse/avr toolchain/bin/../lib/gcc/avr/5.4.0/avr5\libgcc.a(_tablejump2.o)
 .text.libgcc.fmul
                0x0000baf2        0x0 c:/users/arek/documents/mkclipse/avr toolchain/bin/../lib/gcc/avr/5.4.0/avr5\libgcc.a(_tablejump2.o)
 .text.libgcc.fixed
                0x0000baf2        0x0 c:/users/arek/documents/mkclipse/avr toolchain/bin/../lib/gcc/avr/5.4.0/avr5\libgcc.a(_tablejump2.o)
 .text.libgcc.mul
                0x0000baf2        0x0 c:/users/arek/documents/mkclipse/avr toolchain/bin/../lib/gcc/avr/5.4.0/avr5\libgcc.a(_copy_data.o)
 .text.libgcc.div
                0x0000baf2        0x0 c:/users/arek/documents/mkclipse/avr toolchain/bin/../lib/gcc/avr/5.4.0/avr5\libgcc.a(_copy_data.o)
 .text.libgcc   0x0000baf2        0x0 c:/users/arek/documents/mkclipse/avr toolchain/bin/../lib/gcc/avr/5.4.0/avr5\libgcc.a(_copy_data.o)
 .text.libgcc.prologue
                0x0000baf2        0x0 c:/users/arek/documents/mkclipse/avr toolchain/bin/../lib/gcc/avr/5.4.0/avr5\libgcc.a(_copy_data.o)
 .text.libgcc.builtins
                0x0000baf2        0x0 c:/users/arek/documents/mkclipse/avr toolchain/bin/../lib/gcc/avr/5.4.0/avr5\libgcc.a(_copy_data.o)
 .text.libgcc.fmul
                0x0000baf2        0x0 c:/users/arek/documents/mkclipse/avr toolchain/bin/../lib/gcc/avr/5.4.0/avr5\libgcc.a(_copy_data.o)
 .text.libgcc.fixed
                0x0000baf2        0x0 c:/users/arek/documents/mkclipse/avr toolchain/bin/../lib/gcc/avr/5.4.0/avr5\libgcc.a(_copy_data.o)
 .text.libgcc.mul
                0x0000baf2        0x0 c:/users/arek/documents/mkclipse/avr toolchain/bin/../lib/gcc/avr/5.4.0/avr5\libgcc.a(_clear_bss.o)
 .text.libgcc.div
                0x0000baf2        0x0 c:/users/arek/documents/mkclipse/avr toolchain/bin/../lib/gcc/avr/5.4.0/avr5\libgcc.a(_clear_bss.o)
 .text.libgcc   0x0000baf2        0x0 c:/users/arek/documents/mkclipse/avr toolchain/bin/../lib/gcc/avr/5.4.0/avr5\libgcc.a(_clear_bss.o)
 .text.libgcc.prologue
                0x0000baf2        0x0 c:/users/arek/documents/mkclipse/avr toolchain/bin/../lib/gcc/avr/5.4.0/avr5\libgcc.a(_clear_bss.o)
 .text.libgcc.builtins
                0x0000baf2        0x0 c:/users/arek/documents/mkclipse/avr toolchain/bin/../lib/gcc/avr/5.4.0/avr5\libgcc.a(_clear_bss.o)
 .text.libgcc.fmul
                0x0000baf2        0x0 c:/users/arek/documents/mkclipse/avr toolchain/bin/../lib/gcc/avr/5.4.0/avr5\libgcc.a(_clear_bss.o)
 .text.libgcc.fixed
                0x0000baf2        0x0 c:/users/arek/documents/mkclipse/avr toolchain/bin/../lib/gcc/avr/5.4.0/avr5\libgcc.a(_clear_bss.o)
 .text.avr-libc.fplib
                0x0000baf2        0xa c:/users/arek/documents/mkclipse/avr toolchain/bin/../lib/gcc/avr/5.4.0/../../../../avr/lib/avr5\libm.a(addsf3.o)
                0x0000baf2                __subsf3
                0x0000baf4                __addsf3
 .text.avr-libc.fplib
                0x0000bafc       0xc0 c:/users/arek/documents/mkclipse/avr toolchain/bin/../lib/gcc/avr/5.4.0/../../../../avr/lib/avr5\libm.a(addsf3x.o)
                0x0000bb16                __addsf3x
 .text.avr-libc.fplib
                0x0000bbbc        0x8 c:/users/arek/documents/mkclipse/avr toolchain/bin/../lib/gcc/avr/5.4.0/../../../../avr/lib/avr5\libm.a(cmpsf2.o)
                0x0000bbbc                __nesf2
                0x0000bbbc                __eqsf2
                0x0000bbbc                __cmpsf2
                0x0000bbbc                __ltsf2
                0x0000bbbc                __lesf2
 .text.avr-libc.fplib
                0x0000bbc4        0x4 c:/users/arek/documents/mkclipse/avr toolchain/bin/../lib/gcc/avr/5.4.0/../../../../avr/lib/avr5\libm.a(divsf3.o)
                0x0000bbc4                __divsf3
 .text.avr-libc.fplib
                0x0000bbc8       0xcc c:/users/arek/documents/mkclipse/avr toolchain/bin/../lib/gcc/avr/5.4.0/../../../../avr/lib/avr5\libm.a(divsf3x.o)
                0x0000bbde                __divsf3x
                0x0000bbe2                __divsf3_pse
 .text.avr-libc.fplib
                0x0000bc94       0x58 c:/users/arek/documents/mkclipse/avr toolchain/bin/../lib/gcc/avr/5.4.0/../../../../avr/lib/avr5\libm.a(fixunssfsi.o)
                0x0000bc94                __fixunssfsi
 .text.avr-libc.fplib
                0x0000bcec       0x7a c:/users/arek/documents/mkclipse/avr toolchain/bin/../lib/gcc/avr/5.4.0/../../../../avr/lib/avr5\libm.a(floatsisf.o)
                0x0000bcec                __floatunsisf
                0x0000bcf0                __floatsisf
 .text.avr-libc.fplib
                0x0000bd66       0x48 c:/users/arek/documents/mkclipse/avr toolchain/bin/../lib/gcc/avr/5.4.0/../../../../avr/lib/avr5\libm.a(fp_cmp.o)
                0x0000bd66                __fp_cmp
 .text.avr-libc.fplib
                0x0000bdae        0xc c:/users/arek/documents/mkclipse/avr toolchain/bin/../lib/gcc/avr/5.4.0/../../../../avr/lib/avr5\libm.a(fp_inf.o)
                0x0000bdae                __fp_inf
 .text.avr-libc.fplib
                0x0000bdba        0x6 c:/users/arek/documents/mkclipse/avr toolchain/bin/../lib/gcc/avr/5.4.0/../../../../avr/lib/avr5\libm.a(fp_nan.o)
                0x0000bdba                __fp_nan
 .text.avr-libc.fplib
                0x0000bdc0        0xe c:/users/arek/documents/mkclipse/avr toolchain/bin/../lib/gcc/avr/5.4.0/../../../../avr/lib/avr5\libm.a(fp_pscA.o)
                0x0000bdc0                __fp_pscA
 .text.avr-libc.fplib
                0x0000bdce        0xe c:/users/arek/documents/mkclipse/avr toolchain/bin/../lib/gcc/avr/5.4.0/../../../../avr/lib/avr5\libm.a(fp_pscB.o)
                0x0000bdce                __fp_pscB
 .text.avr-libc.fplib
                0x0000bddc       0x22 c:/users/arek/documents/mkclipse/avr toolchain/bin/../lib/gcc/avr/5.4.0/../../../../avr/lib/avr5\libm.a(fp_round.o)
                0x0000bddc                __fp_round
 .text.avr-libc.fplib
                0x0000bdfe       0x44 c:/users/arek/documents/mkclipse/avr toolchain/bin/../lib/gcc/avr/5.4.0/../../../../avr/lib/avr5\libm.a(fp_split3.o)
                0x0000bdfe                __fp_split3
                0x0000be0e                __fp_splitA
 .text.avr-libc.fplib
                0x0000be42        0xe c:/users/arek/documents/mkclipse/avr toolchain/bin/../lib/gcc/avr/5.4.0/../../../../avr/lib/avr5\libm.a(fp_zero.o)
                0x0000be42                __fp_zero
                0x0000be44                __fp_szero
 .text.avr-libc.fplib
                0x0000be50        0x8 c:/users/arek/documents/mkclipse/avr toolchain/bin/../lib/gcc/avr/5.4.0/../../../../avr/lib/avr5\libm.a(gesf2.o)
                0x0000be50                __gesf2
                0x0000be50                __gtsf2
 .text.avr-libc.fplib
                0x0000be58        0x4 c:/users/arek/documents/mkclipse/avr toolchain/bin/../lib/gcc/avr/5.4.0/../../../../avr/lib/avr5\libm.a(mulsf3.o)
                0x0000be58                __mulsf3
 .text.avr-libc.fplib
                0x0000be5c       0xc2 c:/users/arek/documents/mkclipse/avr toolchain/bin/../lib/gcc/avr/5.4.0/../../../../avr/lib/avr5\libm.a(mulsf3x.o)
                0x0000be70                __mulsf3x
                0x0000be74                __mulsf3_pse
 .text.avr-libc
                0x0000bf1e       0x12 c:/users/arek/documents/mkclipse/avr toolchain/bin/../lib/gcc/avr/5.4.0/../../../../avr/lib/avr5\libc.a(memcpy_P.o)
                0x0000bf1e                memcpy_P
 .text.avr-libc
                0x0000bf30       0x12 c:/users/arek/documents/mkclipse/avr toolchain/bin/../lib/gcc/avr/5.4.0/../../../../avr/lib/avr5\libc.a(strlen_P.o)
                0x0000bf30                __strlen_P
 .text.avr-libc
                0x0000bf42       0x1a c:/users/arek/documents/mkclipse/avr toolchain/bin/../lib/gcc/avr/5.4.0/../../../../avr/lib/avr5\libc.a(memcmp.o)
                0x0000bf42                memcmp
 .text.avr-libc
                0x0000bf5c       0x12 c:/users/arek/documents/mkclipse/avr toolchain/bin/../lib/gcc/avr/5.4.0/../../../../avr/lib/avr5\libc.a(memcpy.o)
                0x0000bf5c                memcpy
 .text.avr-libc
                0x0000bf6e        0xe c:/users/arek/documents/mkclipse/avr toolchain/bin/../lib/gcc/avr/5.4.0/../../../../avr/lib/avr5\libc.a(memset.o)
                0x0000bf6e                memset
 .text.avr-libc
                0x0000bf7c       0x12 c:/users/arek/documents/mkclipse/avr toolchain/bin/../lib/gcc/avr/5.4.0/../../../../avr/lib/avr5\libc.a(strlen.o)
                0x0000bf7c                strlen
 .text.avr-libc
                0x0000bf8e       0x16 c:/users/arek/documents/mkclipse/avr toolchain/bin/../lib/gcc/avr/5.4.0/../../../../avr/lib/avr5\libc.a(itoa.o)
                0x0000bf8e                __itoa
                0x0000bf8e                itoa
 .text.avr-libc
                0x0000bfa4       0x16 c:/users/arek/documents/mkclipse/avr toolchain/bin/../lib/gcc/avr/5.4.0/../../../../avr/lib/avr5\libc.a(itoa_ncheck.o)
                0x0000bfa4                __itoa_ncheck
 .text.avr-libc
                0x0000bfba       0x16 c:/users/arek/documents/mkclipse/avr toolchain/bin/../lib/gcc/avr/5.4.0/../../../../avr/lib/avr5\libc.a(ltoa.o)
                0x0000bfba                ltoa
                0x0000bfba                __ltoa
 .text.avr-libc
                0x0000bfd0       0x1e c:/users/arek/documents/mkclipse/avr toolchain/bin/../lib/gcc/avr/5.4.0/../../../../avr/lib/avr5\libc.a(ltoa_ncheck.o)
                0x0000bfd0                __ltoa_ncheck
 .text.avr-libc
                0x0000bfee       0x16 c:/users/arek/documents/mkclipse/avr toolchain/bin/../lib/gcc/avr/5.4.0/../../../../avr/lib/avr5\libc.a(ultoa.o)
                0x0000bfee                ultoa
                0x0000bfee                __ultoa
 .text.avr-libc
                0x0000c004       0x44 c:/users/arek/documents/mkclipse/avr toolchain/bin/../lib/gcc/avr/5.4.0/../../../../avr/lib/avr5\libc.a(ultoa_ncheck.o)
                0x0000c004                __ultoa_ncheck
                0x0000c006                __ultoa_common
 .text.avr-libc
                0x0000c048       0x16 c:/users/arek/documents/mkclipse/avr toolchain/bin/../lib/gcc/avr/5.4.0/../../../../avr/lib/avr5\libc.a(utoa.o)
                0x0000c048                __utoa
                0x0000c048                utoa
 .text.avr-libc
                0x0000c05e       0x34 c:/users/arek/documents/mkclipse/avr toolchain/bin/../lib/gcc/avr/5.4.0/../../../../avr/lib/avr5\libc.a(utoa_ncheck.o)
                0x0000c05e                __utoa_ncheck
                0x0000c060                __utoa_common
 .text.avr-libc
                0x0000c092       0x10 c:/users/arek/documents/mkclipse/avr toolchain/bin/../lib/gcc/avr/5.4.0/../../../../avr/lib/avr5\libc.a(eerd_byte_atmega32u4.o)
                0x0000c092                __eerd_byte_m32u4
 .text.avr-libc
                0x0000c0a2       0x24 c:/users/arek/documents/mkclipse/avr toolchain/bin/../lib/gcc/avr/5.4.0/../../../../avr/lib/avr5\libc.a(eeupd_byte_atmega32u4.o)
                0x0000c0a2                __eeupd_byte_m32u4
                0x0000c0a4                __eeupd_r18_m32u4
 .text.avr-libc
                0x0000c0c6       0x20 c:/users/arek/documents/mkclipse/avr toolchain/bin/../lib/gcc/avr/5.4.0/../../../../avr/lib/avr5\libc.a(strrev.o)
                0x0000c0c6                strrev
                0x0000c0e6                . = ALIGN (0x2)
 *(.fini9)
 .fini9         0x0000c0e6        0x0 c:/users/arek/documents/mkclipse/avr toolchain/bin/../lib/gcc/avr/5.4.0/avr5\libgcc.a(_exit.o)
                0x0000c0e6                _exit
                0x0000c0e6                exit
 *(.fini9)
 *(.fini8)
 *(.fini8)
 *(.fini7)
 *(.fini7)
 *(.fini6)
 *(.fini6)
 *(.fini5)
 *(.fini5)
 *(.fini4)
 *(.fini4)
 *(.fini3)
 *(.fini3)
 *(.fini2)
 *(.fini2)
 *(.fini1)
 *(.fini1)
 *(.fini0)
 .fini0         0x0000c0e6        0x4 c:/users/arek/documents/mkclipse/avr toolchain/bin/../lib/gcc/avr/5.4.0/avr5\libgcc.a(_exit.o)
 *(.fini0)
                0x0000c0ea                _etext = .

.data           0x00800100       0x2c load address 0x0000c0ea
                0x00800100                PROVIDE (__data_start, .)
 *(.data)
 .data          0x00800100        0x0 c:/users/arek/documents/mkclipse/avr toolchain/bin/../lib/gcc/avr/5.4.0/../../../../avr/lib/avr5/crtatmega32u4.o
 .data          0x00800100        0x0 ./TWI/master.o
 .data          0x00800100        0x0 ./SHTC3/SHTC3.o
 .data          0x00800100        0x0 ./LUFA/Drivers/USB/Core/XMEGA/Template/Template_Endpoint_Control_R.o
 .data          0x00800100        0x0 ./LUFA/Drivers/USB/Core/XMEGA/Template/Template_Endpoint_Control_W.o
 .data          0x00800100        0x0 ./LUFA/Drivers/USB/Core/XMEGA/Template/Template_Endpoint_RW.o
 .data          0x00800100        0x0 ./LUFA/Drivers/USB/Core/XMEGA/Device_XMEGA.o
 .data          0x00800100        0x0 ./LUFA/Drivers/USB/Core/XMEGA/EndpointStream_XMEGA.o
 .data          0x00800100        0x0 ./LUFA/Drivers/USB/Core/XMEGA/Endpoint_XMEGA.o
 .data          0x00800100        0x0 ./LUFA/Drivers/USB/Core/XMEGA/Host_XMEGA.o
 .data          0x00800100        0x0 ./LUFA/Drivers/USB/Core/XMEGA/PipeStream_XMEGA.o
 .data          0x00800100        0x0 ./LUFA/Drivers/USB/Core/XMEGA/Pipe_XMEGA.o
 .data          0x00800100        0x0 ./LUFA/Drivers/USB/Core/XMEGA/USBController_XMEGA.o
 .data          0x00800100        0x0 ./LUFA/Drivers/USB/Core/XMEGA/USBInterrupt_XMEGA.o
 .data          0x00800100        0x0 ./LUFA/Drivers/USB/Core/UC3/Template/Template_Endpoint_Control_R.o
 .data          0x00800100        0x0 ./LUFA/Drivers/USB/Core/UC3/Template/Template_Endpoint_Control_W.o
 .data          0x00800100        0x0 ./LUFA/Drivers/USB/Core/UC3/Template/Template_Endpoint_RW.o
 .data          0x00800100        0x0 ./LUFA/Drivers/USB/Core/UC3/Template/Template_Pipe_RW.o
 .data          0x00800100        0x0 ./LUFA/Drivers/USB/Core/UC3/Device_UC3.o
 .data          0x00800100        0x0 ./LUFA/Drivers/USB/Core/UC3/EndpointStream_UC3.o
 .data          0x00800100        0x0 ./LUFA/Drivers/USB/Core/UC3/Endpoint_UC3.o
 .data          0x00800100        0x0 ./LUFA/Drivers/USB/Core/UC3/Host_UC3.o
 .data          0x00800100        0x0 ./LUFA/Drivers/USB/Core/UC3/PipeStream_UC3.o
 .data          0x00800100        0x0 ./LUFA/Drivers/USB/Core/UC3/Pipe_UC3.o
 .data          0x00800100        0x0 ./LUFA/Drivers/USB/Core/UC3/USBController_UC3.o
 .data          0x00800100        0x0 ./LUFA/Drivers/USB/Core/UC3/USBInterrupt_UC3.o
 .data          0x00800100        0x0 ./LUFA/Drivers/USB/Core/AVR8/Device_AVR8.o
 .data          0x00800100        0x0 ./LUFA/Drivers/USB/Core/AVR8/EndpointStream_AVR8.o
 .data          0x00800100        0x0 ./LUFA/Drivers/USB/Core/AVR8/Endpoint_AVR8.o
 .data          0x00800100        0x0 ./LUFA/Drivers/USB/Core/AVR8/Host_AVR8.o
 .data          0x00800100        0x0 ./LUFA/Drivers/USB/Core/AVR8/PipeStream_AVR8.o
 .data          0x00800100        0x0 ./LUFA/Drivers/USB/Core/AVR8/Pipe_AVR8.o
 .data          0x00800100        0x0 ./LUFA/Drivers/USB/Core/AVR8/USBController_AVR8.o
 .data          0x00800100        0x0 ./LUFA/Drivers/USB/Core/AVR8/USBInterrupt_AVR8.o
 .data          0x00800100        0x0 ./LUFA/Drivers/USB/Core/ConfigDescriptors.o
 .data          0x00800100        0x0 ./LUFA/Drivers/USB/Core/DeviceStandardReq.o
 .data          0x00800100        0x0 ./LUFA/Drivers/USB/Core/Events.o
 .data          0x00800100        0x0 ./LUFA/Drivers/USB/Core/HostStandardReq.o
 .data          0x00800100        0x0 ./LUFA/Drivers/USB/Core/USBTask.o
 .data          0x00800100        0x0 ./LUFA/Drivers/USB/Class/Host/AndroidAccessoryClassHost.o
 .data          0x00800100        0x0 ./LUFA/Drivers/USB/Class/Host/AudioClassHost.o
 .data          0x00800100        0x0 ./LUFA/Drivers/USB/Class/Host/CDCClassHost.o
 .data          0x00800100        0x0 ./LUFA/Drivers/USB/Class/Host/HIDClassHost.o
 .data          0x00800100        0x0 ./LUFA/Drivers/USB/Class/Host/MIDIClassHost.o
 .data          0x00800100        0x0 ./LUFA/Drivers/USB/Class/Host/MassStorageClassHost.o
 .data          0x00800100        0x0 ./LUFA/Drivers/USB/Class/Host/PrinterClassHost.o
 .data          0x00800100        0x0 ./LUFA/Drivers/USB/Class/Host/RNDISClassHost.o
 .data          0x00800100        0x0 ./LUFA/Drivers/USB/Class/Host/StillImageClassHost.o
 .data          0x00800100        0x0 ./LUFA/Drivers/USB/Class/Device/AudioClassDevice.o
 .data          0x00800100        0x0 ./LUFA/Drivers/USB/Class/Device/CCIDClassDevice.o
 .data          0x00800100        0x0 ./LUFA/Drivers/USB/Class/Device/CDCClassDevice.o
 .data          0x00800100        0x0 ./LUFA/Drivers/USB/Class/Device/HIDClassDevice.o
 .data          0x00800100        0x0 ./LUFA/Drivers/USB/Class/Device/MIDIClassDevice.o
 .data          0x00800100        0x0 ./LUFA/Drivers/USB/Class/Device/MassStorageClassDevice.o
 .data          0x00800100        0x0 ./LUFA/Drivers/USB/Class/Device/PrinterClassDevice.o
 .data          0x00800100        0x0 ./LUFA/Drivers/USB/Class/Device/RNDISClassDevice.o
 .data          0x00800100        0x0 ./LUFA/Drivers/USB/Class/Common/HIDParser.o
 .data          0x00800100        0x0 ./LCD/HD44780.o
 .data          0x00800100        0x0 ./Descriptors.o
 .data          0x00800100        0x0 ./main.o
 .data          0x00800100        0x0 c:/users/arek/documents/mkclipse/avr toolchain/bin/../lib/gcc/avr/5.4.0/avr5\libgcc.a(_udivmodsi4.o)
 .data          0x00800100        0x0 c:/users/arek/documents/mkclipse/avr toolchain/bin/../lib/gcc/avr/5.4.0/avr5\libgcc.a(_exit.o)
 .data          0x00800100        0x0 c:/users/arek/documents/mkclipse/avr toolchain/bin/../lib/gcc/avr/5.4.0/avr5\libgcc.a(_tablejump2.o)
 .data          0x00800100        0x0 c:/users/arek/documents/mkclipse/avr toolchain/bin/../lib/gcc/avr/5.4.0/avr5\libgcc.a(_copy_data.o)
 .data          0x00800100        0x0 c:/users/arek/documents/mkclipse/avr toolchain/bin/../lib/gcc/avr/5.4.0/avr5\libgcc.a(_clear_bss.o)
 .data          0x00800100        0x0 c:/users/arek/documents/mkclipse/avr toolchain/bin/../lib/gcc/avr/5.4.0/../../../../avr/lib/avr5\libm.a(addsf3.o)
 .data          0x00800100        0x0 c:/users/arek/documents/mkclipse/avr toolchain/bin/../lib/gcc/avr/5.4.0/../../../../avr/lib/avr5\libm.a(addsf3x.o)
 .data          0x00800100        0x0 c:/users/arek/documents/mkclipse/avr toolchain/bin/../lib/gcc/avr/5.4.0/../../../../avr/lib/avr5\libm.a(cmpsf2.o)
 .data          0x00800100        0x0 c:/users/arek/documents/mkclipse/avr toolchain/bin/../lib/gcc/avr/5.4.0/../../../../avr/lib/avr5\libm.a(divsf3.o)
 .data          0x00800100        0x0 c:/users/arek/documents/mkclipse/avr toolchain/bin/../lib/gcc/avr/5.4.0/../../../../avr/lib/avr5\libm.a(divsf3x.o)
 .data          0x00800100        0x0 c:/users/arek/documents/mkclipse/avr toolchain/bin/../lib/gcc/avr/5.4.0/../../../../avr/lib/avr5\libm.a(fixunssfsi.o)
 .data          0x00800100        0x0 c:/users/arek/documents/mkclipse/avr toolchain/bin/../lib/gcc/avr/5.4.0/../../../../avr/lib/avr5\libm.a(floatsisf.o)
 .data          0x00800100        0x0 c:/users/arek/documents/mkclipse/avr toolchain/bin/../lib/gcc/avr/5.4.0/../../../../avr/lib/avr5\libm.a(fp_cmp.o)
 .data          0x00800100        0x0 c:/users/arek/documents/mkclipse/avr toolchain/bin/../lib/gcc/avr/5.4.0/../../../../avr/lib/avr5\libm.a(fp_inf.o)
 .data          0x00800100        0x0 c:/users/arek/documents/mkclipse/avr toolchain/bin/../lib/gcc/avr/5.4.0/../../../../avr/lib/avr5\libm.a(fp_nan.o)
 .data          0x00800100        0x0 c:/users/arek/documents/mkclipse/avr toolchain/bin/../lib/gcc/avr/5.4.0/../../../../avr/lib/avr5\libm.a(fp_pscA.o)
 .data          0x00800100        0x0 c:/users/arek/documents/mkclipse/avr toolchain/bin/../lib/gcc/avr/5.4.0/../../../../avr/lib/avr5\libm.a(fp_pscB.o)
 .data          0x00800100        0x0 c:/users/arek/documents/mkclipse/avr toolchain/bin/../lib/gcc/avr/5.4.0/../../../../avr/lib/avr5\libm.a(fp_round.o)
 .data          0x00800100        0x0 c:/users/arek/documents/mkclipse/avr toolchain/bin/../lib/gcc/avr/5.4.0/../../../../avr/lib/avr5\libm.a(fp_split3.o)
 .data          0x00800100        0x0 c:/users/arek/documents/mkclipse/avr toolchain/bin/../lib/gcc/avr/5.4.0/../../../../avr/lib/avr5\libm.a(fp_zero.o)
 .data          0x00800100        0x0 c:/users/arek/documents/mkclipse/avr toolchain/bin/../lib/gcc/avr/5.4.0/../../../../avr/lib/avr5\libm.a(gesf2.o)
 .data          0x00800100        0x0 c:/users/arek/documents/mkclipse/avr toolchain/bin/../lib/gcc/avr/5.4.0/../../../../avr/lib/avr5\libm.a(mulsf3.o)
 .data          0x00800100        0x0 c:/users/arek/documents/mkclipse/avr toolchain/bin/../lib/gcc/avr/5.4.0/../../../../avr/lib/avr5\libm.a(mulsf3x.o)
 .data          0x00800100        0x0 c:/users/arek/documents/mkclipse/avr toolchain/bin/../lib/gcc/avr/5.4.0/../../../../avr/lib/avr5\libc.a(memcpy_P.o)
 .data          0x00800100        0x0 c:/users/arek/documents/mkclipse/avr toolchain/bin/../lib/gcc/avr/5.4.0/../../../../avr/lib/avr5\libc.a(strlen_P.o)
 .data          0x00800100        0x0 c:/users/arek/documents/mkclipse/avr toolchain/bin/../lib/gcc/avr/5.4.0/../../../../avr/lib/avr5\libc.a(memcmp.o)
 .data          0x00800100        0x0 c:/users/arek/documents/mkclipse/avr toolchain/bin/../lib/gcc/avr/5.4.0/../../../../avr/lib/avr5\libc.a(memcpy.o)
 .data          0x00800100        0x0 c:/users/arek/documents/mkclipse/avr toolchain/bin/../lib/gcc/avr/5.4.0/../../../../avr/lib/avr5\libc.a(memset.o)
 .data          0x00800100        0x0 c:/users/arek/documents/mkclipse/avr toolchain/bin/../lib/gcc/avr/5.4.0/../../../../avr/lib/avr5\libc.a(strlen.o)
 .data          0x00800100        0x0 c:/users/arek/documents/mkclipse/avr toolchain/bin/../lib/gcc/avr/5.4.0/../../../../avr/lib/avr5\libc.a(itoa.o)
 .data          0x00800100        0x0 c:/users/arek/documents/mkclipse/avr toolchain/bin/../lib/gcc/avr/5.4.0/../../../../avr/lib/avr5\libc.a(itoa_ncheck.o)
 .data          0x00800100        0x0 c:/users/arek/documents/mkclipse/avr toolchain/bin/../lib/gcc/avr/5.4.0/../../../../avr/lib/avr5\libc.a(ltoa.o)
 .data          0x00800100        0x0 c:/users/arek/documents/mkclipse/avr toolchain/bin/../lib/gcc/avr/5.4.0/../../../../avr/lib/avr5\libc.a(ltoa_ncheck.o)
 .data          0x00800100        0x0 c:/users/arek/documents/mkclipse/avr toolchain/bin/../lib/gcc/avr/5.4.0/../../../../avr/lib/avr5\libc.a(ultoa.o)
 .data          0x00800100        0x0 c:/users/arek/documents/mkclipse/avr toolchain/bin/../lib/gcc/avr/5.4.0/../../../../avr/lib/avr5\libc.a(ultoa_ncheck.o)
 .data          0x00800100        0x0 c:/users/arek/documents/mkclipse/avr toolchain/bin/../lib/gcc/avr/5.4.0/../../../../avr/lib/avr5\libc.a(utoa.o)
 .data          0x00800100        0x0 c:/users/arek/documents/mkclipse/avr toolchain/bin/../lib/gcc/avr/5.4.0/../../../../avr/lib/avr5\libc.a(utoa_ncheck.o)
 .data          0x00800100        0x0 c:/users/arek/documents/mkclipse/avr toolchain/bin/../lib/gcc/avr/5.4.0/../../../../avr/lib/avr5\libc.a(eerd_byte_atmega32u4.o)
 .data          0x00800100        0x0 c:/users/arek/documents/mkclipse/avr toolchain/bin/../lib/gcc/avr/5.4.0/../../../../avr/lib/avr5\libc.a(eeupd_byte_atmega32u4.o)
 .data          0x00800100        0x0 c:/users/arek/documents/mkclipse/avr toolchain/bin/../lib/gcc/avr/5.4.0/../../../../avr/lib/avr5\libc.a(strrev.o)
 *(.data*)
 .data.USB_Device_ControlEndpointSize
                0x00800100        0x1 ./LUFA/Drivers/USB/Core/AVR8/Endpoint_AVR8.o
                0x00800100                USB_Device_ControlEndpointSize
 .data.VirtualSerial_CDC_Interface
                0x00800101       0x1b ./main.o
                0x00800101                VirtualSerial_CDC_Interface
 *(.rodata)
 .rodata        0x0080011c        0x8 ./LUFA/Drivers/USB/Class/Device/CDCClassDevice.o
 .rodata        0x00800124        0x8 ./LUFA/Drivers/USB/Class/Device/RNDISClassDevice.o
 *(.rodata*)
 *(.gnu.linkonce.d*)
                0x0080012c                . = ALIGN (0x2)
                0x0080012c                _edata = .
                0x0080012c                PROVIDE (__data_end, .)

.bss            0x0080012c       0xaa
                0x0080012c                PROVIDE (__bss_start, .)
 *(.bss)
 .bss           0x0080012c        0x0 c:/users/arek/documents/mkclipse/avr toolchain/bin/../lib/gcc/avr/5.4.0/../../../../avr/lib/avr5/crtatmega32u4.o
 .bss           0x0080012c        0x0 ./TWI/master.o
 .bss           0x0080012c        0x0 ./SHTC3/SHTC3.o
 .bss           0x0080012c        0x0 ./LUFA/Drivers/USB/Core/XMEGA/Template/Template_Endpoint_Control_R.o
 .bss           0x0080012c        0x0 ./LUFA/Drivers/USB/Core/XMEGA/Template/Template_Endpoint_Control_W.o
 .bss           0x0080012c        0x0 ./LUFA/Drivers/USB/Core/XMEGA/Template/Template_Endpoint_RW.o
 .bss           0x0080012c        0x0 ./LUFA/Drivers/USB/Core/XMEGA/Device_XMEGA.o
 .bss           0x0080012c        0x0 ./LUFA/Drivers/USB/Core/XMEGA/EndpointStream_XMEGA.o
 .bss           0x0080012c        0x0 ./LUFA/Drivers/USB/Core/XMEGA/Endpoint_XMEGA.o
 .bss           0x0080012c        0x0 ./LUFA/Drivers/USB/Core/XMEGA/Host_XMEGA.o
 .bss           0x0080012c        0x0 ./LUFA/Drivers/USB/Core/XMEGA/PipeStream_XMEGA.o
 .bss           0x0080012c        0x0 ./LUFA/Drivers/USB/Core/XMEGA/Pipe_XMEGA.o
 .bss           0x0080012c        0x0 ./LUFA/Drivers/USB/Core/XMEGA/USBController_XMEGA.o
 .bss           0x0080012c        0x0 ./LUFA/Drivers/USB/Core/XMEGA/USBInterrupt_XMEGA.o
 .bss           0x0080012c        0x0 ./LUFA/Drivers/USB/Core/UC3/Template/Template_Endpoint_Control_R.o
 .bss           0x0080012c        0x0 ./LUFA/Drivers/USB/Core/UC3/Template/Template_Endpoint_Control_W.o
 .bss           0x0080012c        0x0 ./LUFA/Drivers/USB/Core/UC3/Template/Template_Endpoint_RW.o
 .bss           0x0080012c        0x0 ./LUFA/Drivers/USB/Core/UC3/Template/Template_Pipe_RW.o
 .bss           0x0080012c        0x0 ./LUFA/Drivers/USB/Core/UC3/Device_UC3.o
 .bss           0x0080012c        0x0 ./LUFA/Drivers/USB/Core/UC3/EndpointStream_UC3.o
 .bss           0x0080012c        0x0 ./LUFA/Drivers/USB/Core/UC3/Endpoint_UC3.o
 .bss           0x0080012c        0x0 ./LUFA/Drivers/USB/Core/UC3/Host_UC3.o
 .bss           0x0080012c        0x0 ./LUFA/Drivers/USB/Core/UC3/PipeStream_UC3.o
 .bss           0x0080012c        0x0 ./LUFA/Drivers/USB/Core/UC3/Pipe_UC3.o
 .bss           0x0080012c        0x0 ./LUFA/Drivers/USB/Core/UC3/USBController_UC3.o
 .bss           0x0080012c        0x0 ./LUFA/Drivers/USB/Core/UC3/USBInterrupt_UC3.o
 .bss           0x0080012c        0x0 ./LUFA/Drivers/USB/Core/AVR8/Device_AVR8.o
 .bss           0x0080012c        0x0 ./LUFA/Drivers/USB/Core/AVR8/EndpointStream_AVR8.o
 .bss           0x0080012c        0x0 ./LUFA/Drivers/USB/Core/AVR8/Endpoint_AVR8.o
 .bss           0x0080012c        0x0 ./LUFA/Drivers/USB/Core/AVR8/Host_AVR8.o
 .bss           0x0080012c        0x0 ./LUFA/Drivers/USB/Core/AVR8/PipeStream_AVR8.o
 .bss           0x0080012c        0x0 ./LUFA/Drivers/USB/Core/AVR8/Pipe_AVR8.o
 .bss           0x0080012c        0x0 ./LUFA/Drivers/USB/Core/AVR8/USBController_AVR8.o
 .bss           0x0080012c        0x0 ./LUFA/Drivers/USB/Core/AVR8/USBInterrupt_AVR8.o
 .bss           0x0080012c        0x0 ./LUFA/Drivers/USB/Core/ConfigDescriptors.o
 .bss           0x0080012c        0x0 ./LUFA/Drivers/USB/Core/DeviceStandardReq.o
 .bss           0x0080012c        0x0 ./LUFA/Drivers/USB/Core/Events.o
 .bss           0x0080012c        0x0 ./LUFA/Drivers/USB/Core/HostStandardReq.o
 .bss           0x0080012c        0x0 ./LUFA/Drivers/USB/Core/USBTask.o
 .bss           0x0080012c        0x0 ./LUFA/Drivers/USB/Class/Host/AndroidAccessoryClassHost.o
 .bss           0x0080012c        0x0 ./LUFA/Drivers/USB/Class/Host/AudioClassHost.o
 .bss           0x0080012c        0x0 ./LUFA/Drivers/USB/Class/Host/CDCClassHost.o
 .bss           0x0080012c        0x0 ./LUFA/Drivers/USB/Class/Host/HIDClassHost.o
 .bss           0x0080012c        0x0 ./LUFA/Drivers/USB/Class/Host/MIDIClassHost.o
 .bss           0x0080012c        0x0 ./LUFA/Drivers/USB/Class/Host/MassStorageClassHost.o
 .bss           0x0080012c        0x0 ./LUFA/Drivers/USB/Class/Host/PrinterClassHost.o
 .bss           0x0080012c        0x0 ./LUFA/Drivers/USB/Class/Host/RNDISClassHost.o
 .bss           0x0080012c        0x0 ./LUFA/Drivers/USB/Class/Host/StillImageClassHost.o
 .bss           0x0080012c        0x0 ./LUFA/Drivers/USB/Class/Device/AudioClassDevice.o
 .bss           0x0080012c        0x0 ./LUFA/Drivers/USB/Class/Device/CCIDClassDevice.o
 .bss           0x0080012c        0x0 ./LUFA/Drivers/USB/Class/Device/CDCClassDevice.o
 .bss           0x0080012c        0x0 ./LUFA/Drivers/USB/Class/Device/HIDClassDevice.o
 .bss           0x0080012c        0x0 ./LUFA/Drivers/USB/Class/Device/MIDIClassDevice.o
 .bss           0x0080012c        0x0 ./LUFA/Drivers/USB/Class/Device/MassStorageClassDevice.o
 .bss           0x0080012c        0x0 ./LUFA/Drivers/USB/Class/Device/PrinterClassDevice.o
 .bss           0x0080012c        0x0 ./LUFA/Drivers/USB/Class/Device/RNDISClassDevice.o
 .bss           0x0080012c        0x0 ./LUFA/Drivers/USB/Class/Common/HIDParser.o
 .bss           0x0080012c        0x0 ./LCD/HD44780.o
 .bss           0x0080012c        0x0 ./Descriptors.o
 .bss           0x0080012c        0x0 ./main.o
 .bss           0x0080012c        0x0 c:/users/arek/documents/mkclipse/avr toolchain/bin/../lib/gcc/avr/5.4.0/avr5\libgcc.a(_udivmodsi4.o)
 .bss           0x0080012c        0x0 c:/users/arek/documents/mkclipse/avr toolchain/bin/../lib/gcc/avr/5.4.0/avr5\libgcc.a(_exit.o)
 .bss           0x0080012c        0x0 c:/users/arek/documents/mkclipse/avr toolchain/bin/../lib/gcc/avr/5.4.0/avr5\libgcc.a(_tablejump2.o)
 .bss           0x0080012c        0x0 c:/users/arek/documents/mkclipse/avr toolchain/bin/../lib/gcc/avr/5.4.0/avr5\libgcc.a(_copy_data.o)
 .bss           0x0080012c        0x0 c:/users/arek/documents/mkclipse/avr toolchain/bin/../lib/gcc/avr/5.4.0/avr5\libgcc.a(_clear_bss.o)
 .bss           0x0080012c        0x0 c:/users/arek/documents/mkclipse/avr toolchain/bin/../lib/gcc/avr/5.4.0/../../../../avr/lib/avr5\libm.a(addsf3.o)
 .bss           0x0080012c        0x0 c:/users/arek/documents/mkclipse/avr toolchain/bin/../lib/gcc/avr/5.4.0/../../../../avr/lib/avr5\libm.a(addsf3x.o)
 .bss           0x0080012c        0x0 c:/users/arek/documents/mkclipse/avr toolchain/bin/../lib/gcc/avr/5.4.0/../../../../avr/lib/avr5\libm.a(cmpsf2.o)
 .bss           0x0080012c        0x0 c:/users/arek/documents/mkclipse/avr toolchain/bin/../lib/gcc/avr/5.4.0/../../../../avr/lib/avr5\libm.a(divsf3.o)
 .bss           0x0080012c        0x0 c:/users/arek/documents/mkclipse/avr toolchain/bin/../lib/gcc/avr/5.4.0/../../../../avr/lib/avr5\libm.a(divsf3x.o)
 .bss           0x0080012c        0x0 c:/users/arek/documents/mkclipse/avr toolchain/bin/../lib/gcc/avr/5.4.0/../../../../avr/lib/avr5\libm.a(fixunssfsi.o)
 .bss           0x0080012c        0x0 c:/users/arek/documents/mkclipse/avr toolchain/bin/../lib/gcc/avr/5.4.0/../../../../avr/lib/avr5\libm.a(floatsisf.o)
 .bss           0x0080012c        0x0 c:/users/arek/documents/mkclipse/avr toolchain/bin/../lib/gcc/avr/5.4.0/../../../../avr/lib/avr5\libm.a(fp_cmp.o)
 .bss           0x0080012c        0x0 c:/users/arek/documents/mkclipse/avr toolchain/bin/../lib/gcc/avr/5.4.0/../../../../avr/lib/avr5\libm.a(fp_inf.o)
 .bss           0x0080012c        0x0 c:/users/arek/documents/mkclipse/avr toolchain/bin/../lib/gcc/avr/5.4.0/../../../../avr/lib/avr5\libm.a(fp_nan.o)
 .bss           0x0080012c        0x0 c:/users/arek/documents/mkclipse/avr toolchain/bin/../lib/gcc/avr/5.4.0/../../../../avr/lib/avr5\libm.a(fp_pscA.o)
 .bss           0x0080012c        0x0 c:/users/arek/documents/mkclipse/avr toolchain/bin/../lib/gcc/avr/5.4.0/../../../../avr/lib/avr5\libm.a(fp_pscB.o)
 .bss           0x0080012c        0x0 c:/users/arek/documents/mkclipse/avr toolchain/bin/../lib/gcc/avr/5.4.0/../../../../avr/lib/avr5\libm.a(fp_round.o)
 .bss           0x0080012c        0x0 c:/users/arek/documents/mkclipse/avr toolchain/bin/../lib/gcc/avr/5.4.0/../../../../avr/lib/avr5\libm.a(fp_split3.o)
 .bss           0x0080012c        0x0 c:/users/arek/documents/mkclipse/avr toolchain/bin/../lib/gcc/avr/5.4.0/../../../../avr/lib/avr5\libm.a(fp_zero.o)
 .bss           0x0080012c        0x0 c:/users/arek/documents/mkclipse/avr toolchain/bin/../lib/gcc/avr/5.4.0/../../../../avr/lib/avr5\libm.a(gesf2.o)
 .bss           0x0080012c        0x0 c:/users/arek/documents/mkclipse/avr toolchain/bin/../lib/gcc/avr/5.4.0/../../../../avr/lib/avr5\libm.a(mulsf3.o)
 .bss           0x0080012c        0x0 c:/users/arek/documents/mkclipse/avr toolchain/bin/../lib/gcc/avr/5.4.0/../../../../avr/lib/avr5\libm.a(mulsf3x.o)
 .bss           0x0080012c        0x0 c:/users/arek/documents/mkclipse/avr toolchain/bin/../lib/gcc/avr/5.4.0/../../../../avr/lib/avr5\libc.a(memcpy_P.o)
 .bss           0x0080012c        0x0 c:/users/arek/documents/mkclipse/avr toolchain/bin/../lib/gcc/avr/5.4.0/../../../../avr/lib/avr5\libc.a(strlen_P.o)
 .bss           0x0080012c        0x0 c:/users/arek/documents/mkclipse/avr toolchain/bin/../lib/gcc/avr/5.4.0/../../../../avr/lib/avr5\libc.a(memcmp.o)
 .bss           0x0080012c        0x0 c:/users/arek/documents/mkclipse/avr toolchain/bin/../lib/gcc/avr/5.4.0/../../../../avr/lib/avr5\libc.a(memcpy.o)
 .bss           0x0080012c        0x0 c:/users/arek/documents/mkclipse/avr toolchain/bin/../lib/gcc/avr/5.4.0/../../../../avr/lib/avr5\libc.a(memset.o)
 .bss           0x0080012c        0x0 c:/users/arek/documents/mkclipse/avr toolchain/bin/../lib/gcc/avr/5.4.0/../../../../avr/lib/avr5\libc.a(strlen.o)
 .bss           0x0080012c        0x0 c:/users/arek/documents/mkclipse/avr toolchain/bin/../lib/gcc/avr/5.4.0/../../../../avr/lib/avr5\libc.a(itoa.o)
 .bss           0x0080012c        0x0 c:/users/arek/documents/mkclipse/avr toolchain/bin/../lib/gcc/avr/5.4.0/../../../../avr/lib/avr5\libc.a(itoa_ncheck.o)
 .bss           0x0080012c        0x0 c:/users/arek/documents/mkclipse/avr toolchain/bin/../lib/gcc/avr/5.4.0/../../../../avr/lib/avr5\libc.a(ltoa.o)
 .bss           0x0080012c        0x0 c:/users/arek/documents/mkclipse/avr toolchain/bin/../lib/gcc/avr/5.4.0/../../../../avr/lib/avr5\libc.a(ltoa_ncheck.o)
 .bss           0x0080012c        0x0 c:/users/arek/documents/mkclipse/avr toolchain/bin/../lib/gcc/avr/5.4.0/../../../../avr/lib/avr5\libc.a(ultoa.o)
 .bss           0x0080012c        0x0 c:/users/arek/documents/mkclipse/avr toolchain/bin/../lib/gcc/avr/5.4.0/../../../../avr/lib/avr5\libc.a(ultoa_ncheck.o)
 .bss           0x0080012c        0x0 c:/users/arek/documents/mkclipse/avr toolchain/bin/../lib/gcc/avr/5.4.0/../../../../avr/lib/avr5\libc.a(utoa.o)
 .bss           0x0080012c        0x0 c:/users/arek/documents/mkclipse/avr toolchain/bin/../lib/gcc/avr/5.4.0/../../../../avr/lib/avr5\libc.a(utoa_ncheck.o)
 .bss           0x0080012c        0x0 c:/users/arek/documents/mkclipse/avr toolchain/bin/../lib/gcc/avr/5.4.0/../../../../avr/lib/avr5\libc.a(eerd_byte_atmega32u4.o)
 .bss           0x0080012c        0x0 c:/users/arek/documents/mkclipse/avr toolchain/bin/../lib/gcc/avr/5.4.0/../../../../avr/lib/avr5\libc.a(eeupd_byte_atmega32u4.o)
 .bss           0x0080012c        0x0 c:/users/arek/documents/mkclipse/avr toolchain/bin/../lib/gcc/avr/5.4.0/../../../../avr/lib/avr5\libc.a(strrev.o)
 *(.bss*)
 .bss.TWI_SR    0x0080012c        0x2 ./TWI/master.o
 .bss.SHTSR     0x0080012e        0xa ./SHTC3/SHTC3.o
 .bss.USBSerialStream
                0x00800138        0xe ./main.o
 *(COMMON)
 COMMON         0x00800146        0x1 ./LUFA/Drivers/USB/Core/AVR8/USBController_AVR8.o
                0x00800146                USB_Options
 COMMON         0x00800147        0x3 ./LUFA/Drivers/USB/Core/DeviceStandardReq.o
                0x00800147                USB_Device_ConfigurationNumber
                0x00800148                USB_Device_CurrentlySelfPowered
                0x00800149                USB_Device_RemoteWakeupEnabled
 COMMON         0x0080014a        0xa ./LUFA/Drivers/USB/Core/USBTask.o
                0x0080014a                USB_IsInitialized
                0x0080014b                USB_DeviceState
                0x0080014c                USB_ControlRequest
 COMMON         0x00800154       0x82 ./main.o
                0x00800154                System
                0x008001d6                PROVIDE (__bss_end, .)
                0x0000c0ea                __data_load_start = LOADADDR (.data)
                0x0000c116                __data_load_end = (__data_load_start + SIZEOF (.data))

.noinit         0x008001d6        0x0
                0x008001d6                PROVIDE (__noinit_start, .)
 *(.noinit*)
                0x008001d6                PROVIDE (__noinit_end, .)
                0x008001d6                _end = .
                0x008001d6                PROVIDE (__heap_start, .)

.eeprom         0x00810000        0x0
 *(.eeprom*)
                0x00810000                __eeprom_end = .

.fuse
 *(.fuse)
 *(.lfuse)
 *(.hfuse)
 *(.efuse)

.lock
 *(.lock*)

.signature
 *(.signature*)

.user_signatures
 *(.user_signatures*)

.stab           0x00000000    0x1e684
 *(.stab)
 .stab          0x00000000      0xbf4 ./TWI/master.o
 .stab          0x00000bf4      0xf78 ./SHTC3/SHTC3.o
                               0x11c4 (size before relaxing)
 .stab          0x00001b6c      0x270 ./LUFA/Drivers/USB/Core/XMEGA/Template/Template_Endpoint_Control_R.o
                                0x27c (size before relaxing)
 .stab          0x00001ddc      0x270 ./LUFA/Drivers/USB/Core/XMEGA/Template/Template_Endpoint_Control_W.o
                                0x27c (size before relaxing)
 .stab          0x0000204c      0x270 ./LUFA/Drivers/USB/Core/XMEGA/Template/Template_Endpoint_RW.o
                                0x27c (size before relaxing)
 .stab          0x000022bc      0x324 ./LUFA/Drivers/USB/Core/XMEGA/Device_XMEGA.o
                                0x528 (size before relaxing)
 .stab          0x000025e0      0x2f4 ./LUFA/Drivers/USB/Core/XMEGA/EndpointStream_XMEGA.o
                                0x528 (size before relaxing)
 .stab          0x000028d4      0x2f4 ./LUFA/Drivers/USB/Core/XMEGA/Endpoint_XMEGA.o
                                0x528 (size before relaxing)
 .stab          0x00002bc8      0x2f4 ./LUFA/Drivers/USB/Core/XMEGA/Host_XMEGA.o
                                0x528 (size before relaxing)
 .stab          0x00002ebc      0x2f4 ./LUFA/Drivers/USB/Core/XMEGA/PipeStream_XMEGA.o
                                0x528 (size before relaxing)
 .stab          0x000031b0      0x30c ./LUFA/Drivers/USB/Core/XMEGA/Pipe_XMEGA.o
                                0x540 (size before relaxing)
 .stab          0x000034bc      0x2f4 ./LUFA/Drivers/USB/Core/XMEGA/USBController_XMEGA.o
                                0x528 (size before relaxing)
 .stab          0x000037b0      0x2f4 ./LUFA/Drivers/USB/Core/XMEGA/USBInterrupt_XMEGA.o
                                0x528 (size before relaxing)
 .stab          0x00003aa4      0x270 ./LUFA/Drivers/USB/Core/UC3/Template/Template_Endpoint_Control_R.o
                                0x27c (size before relaxing)
 .stab          0x00003d14      0x270 ./LUFA/Drivers/USB/Core/UC3/Template/Template_Endpoint_Control_W.o
                                0x27c (size before relaxing)
 .stab          0x00003f84      0x270 ./LUFA/Drivers/USB/Core/UC3/Template/Template_Endpoint_RW.o
                                0x27c (size before relaxing)
 .stab          0x000041f4      0x270 ./LUFA/Drivers/USB/Core/UC3/Template/Template_Pipe_RW.o
                                0x27c (size before relaxing)
 .stab          0x00004464      0x318 ./LUFA/Drivers/USB/Core/UC3/Device_UC3.o
                                0x528 (size before relaxing)
 .stab          0x0000477c      0x2f4 ./LUFA/Drivers/USB/Core/UC3/EndpointStream_UC3.o
                                0x528 (size before relaxing)
 .stab          0x00004a70      0x2f4 ./LUFA/Drivers/USB/Core/UC3/Endpoint_UC3.o
                                0x528 (size before relaxing)
 .stab          0x00004d64      0x2f4 ./LUFA/Drivers/USB/Core/UC3/Host_UC3.o
                                0x528 (size before relaxing)
 .stab          0x00005058      0x2f4 ./LUFA/Drivers/USB/Core/UC3/PipeStream_UC3.o
                                0x528 (size before relaxing)
 .stab          0x0000534c      0x2f4 ./LUFA/Drivers/USB/Core/UC3/Pipe_UC3.o
                                0x528 (size before relaxing)
 .stab          0x00005640      0x2f4 ./LUFA/Drivers/USB/Core/UC3/USBController_UC3.o
                                0x528 (size before relaxing)
 .stab          0x00005934      0x2f4 ./LUFA/Drivers/USB/Core/UC3/USBInterrupt_UC3.o
                                0x528 (size before relaxing)
 .stab          0x00005c28      0x678 ./LUFA/Drivers/USB/Core/AVR8/Device_AVR8.o
                                0x888 (size before relaxing)
 .stab          0x000062a0     0x402c ./LUFA/Drivers/USB/Core/AVR8/EndpointStream_AVR8.o
                               0x4260 (size before relaxing)
 .stab          0x0000a2cc      0xcfc ./LUFA/Drivers/USB/Core/AVR8/Endpoint_AVR8.o
                                0xfc0 (size before relaxing)
 .stab          0x0000afc8      0x2f4 ./LUFA/Drivers/USB/Core/AVR8/Host_AVR8.o
                                0x528 (size before relaxing)
 .stab          0x0000b2bc      0x2f4 ./LUFA/Drivers/USB/Core/AVR8/PipeStream_AVR8.o
                                0x528 (size before relaxing)
 .stab          0x0000b5b0      0x2f4 ./LUFA/Drivers/USB/Core/AVR8/Pipe_AVR8.o
                                0x528 (size before relaxing)
 .stab          0x0000b8a4      0x99c ./LUFA/Drivers/USB/Core/AVR8/USBController_AVR8.o
                                0xdbc (size before relaxing)
 .stab          0x0000c240     0x1188 ./LUFA/Drivers/USB/Core/AVR8/USBInterrupt_AVR8.o
                               0x15a8 (size before relaxing)
 .stab          0x0000d3c8      0x834 ./LUFA/Drivers/USB/Core/ConfigDescriptors.o
                                0xba0 (size before relaxing)
 .stab          0x0000dbfc     0x1368 ./LUFA/Drivers/USB/Core/DeviceStandardReq.o
                               0x1680 (size before relaxing)
 .stab          0x0000ef64      0x3b4 ./LUFA/Drivers/USB/Core/Events.o
                                0x5e8 (size before relaxing)
 .stab          0x0000f318      0x300 ./LUFA/Drivers/USB/Core/HostStandardReq.o
                                0x540 (size before relaxing)
 .stab          0x0000f618      0x51c ./LUFA/Drivers/USB/Core/USBTask.o
                                0x90c (size before relaxing)
 .stab          0x0000fb34      0x330 ./LUFA/Drivers/USB/Class/Host/AndroidAccessoryClassHost.o
                                0x540 (size before relaxing)